=== 実験 lever_scan_2 開始 2026-09-26T13:51:03+00:00 ===
--- 回す前の負荷 ---
load average: 0.86, 0.59, 0.52
（CPU 上位のプロセスの一覧 5行は、公開しないので消した。稼働日数とログイン人数も消し、load average だけを残した）
--- 回す前のノード0のメモリ (/proc/buddyinfo と meminfo) ---
Node 0, zone      DMA      0      0      0      0      0      0      0      0      1      1      2 
Node 0, zone    DMA32     69     45     70     59     49     46     45     39     24     19    763 
Node 0, zone   Normal  10053   6669   7511   6083   4924   7539   6213   4838   3563   2349   2687 
Node 0 MemFree:        28465984 kB
Node 0 FilePages:        794976 kB
=== 開始 b1a_base (base: impl/22_in_memory + パッチ「instr」) 2026-09-26T13:51:03+00:00 ===
=== 終了 b1a_base 2026-09-26T13:54:07+00:00 (exit=0) ===
	Elapsed (wall clock) time (h:mm:ss or m:ss): 3:03.90
	Maximum resident set size (kbytes): 14530604
	Minor (reclaiming a frame) page faults: 6414022
全探索の所要時間：81.3281 秒
F1	75.8014 stime_F1	4.812584 minflt_F1	1369906 P4	19.2972 loop174	26.5820 retreat_total	102.1763 anonhuge_loop_kB	0 
--- thp_fault_fallback の前後差: 0 ---
--- オラクル 174行 ---
PASS: 174 行すべて一致
  手数別局面数の合計: 96802868
--- dat/ のバイト比較 (#22 本走と): 213 ファイル / 1974425336 バイト / 一致 ---
--- 件数の列を #22 本走と照合 ---
b1a_base_forward.tsv: 74 ラウンド（#22 は 74）/ 件数の列 一致
=== 完了 b1a_base 2026-09-26T13:54:13+00:00 ===
=== 開始 b1b_pf2 (pf2: impl/22_in_memory + パッチ「instr pf2」) 2026-09-26T13:54:13+00:00 ===
=== 終了 b1b_pf2 2026-09-26T13:57:07+00:00 (exit=0) ===
	Elapsed (wall clock) time (h:mm:ss or m:ss): 2:53.46
	Maximum resident set size (kbytes): 14530256
	Minor (reclaiming a frame) page faults: 6414027
全探索の所要時間：81.6686 秒
F1	76.0815 stime_F1	4.811804 minflt_F1	1369906 P4	19.2219 loop174	16.0688 retreat_total	91.4021 anonhuge_loop_kB	0 
--- thp_fault_fallback の前後差: 0 ---
--- オラクル 174行 ---
PASS: 174 行すべて一致
  手数別局面数の合計: 96802868
--- dat/ のバイト比較 (#22 本走と): 213 ファイル / 1974425336 バイト / 一致 ---
--- 件数の列を #22 本走と照合 ---
b1b_pf2_forward.tsv: 74 ラウンド（#22 は 74）/ 件数の列 一致
=== 完了 b1b_pf2 2026-09-26T13:57:12+00:00 ===
=== 開始 b1c_all (all: impl/22_in_memory + パッチ「instr pf3 hugeR reuse」) 2026-09-26T13:57:12+00:00 ===
=== 終了 b1c_all 2026-09-26T13:59:56+00:00 (exit=0) ===
	Elapsed (wall clock) time (h:mm:ss or m:ss): 2:43.24
	Maximum resident set size (kbytes): 14634276
	Minor (reclaiming a frame) page faults: 3718431
全探索の所要時間：78.4738 秒
F1	73.6444 stime_F1	2.927770 minflt_F1	321422 P4	15.6747 loop174	14.5537 retreat_total	84.5833 anonhuge_loop_kB	4972544 
--- thp_fault_fallback の前後差: 0 ---
--- オラクル 174行 ---
PASS: 174 行すべて一致
  手数別局面数の合計: 96802868
--- dat/ のバイト比較 (#22 本走と): 213 ファイル / 1974425336 バイト / 一致 ---
--- 件数の列を #22 本走と照合 ---
b1c_all_forward.tsv: 74 ラウンド（#22 は 74）/ 件数の列 一致
=== 完了 b1c_all 2026-09-26T14:00:01+00:00 ===
=== 開始 b1d_pf3 (pf3: impl/22_in_memory + パッチ「instr pf3」) 2026-09-26T14:00:01+00:00 ===
=== 終了 b1d_pf3 2026-09-26T14:02:55+00:00 (exit=0) ===
	Elapsed (wall clock) time (h:mm:ss or m:ss): 2:53.84
	Maximum resident set size (kbytes): 14530604
	Minor (reclaiming a frame) page faults: 6414031
全探索の所要時間：81.6890 秒
F1	76.0664 stime_F1	4.876371 minflt_F1	1369907 P4	19.2074 loop174	16.0734 retreat_total	91.7536 anonhuge_loop_kB	0 
--- thp_fault_fallback の前後差: 0 ---
--- オラクル 174行 ---
PASS: 174 行すべて一致
  手数別局面数の合計: 96802868
--- dat/ のバイト比較 (#22 本走と): 213 ファイル / 1974425336 バイト / 一致 ---
--- 件数の列を #22 本走と照合 ---
b1d_pf3_forward.tsv: 74 ラウンド（#22 は 74）/ 件数の列 一致
=== 完了 b1d_pf3 2026-09-26T14:03:01+00:00 ===
=== 開始 b1e_reuse (reuse: impl/22_in_memory + パッチ「instr reuse」) 2026-09-26T14:03:01+00:00 ===
=== 終了 b1e_reuse 2026-09-26T14:06:01+00:00 (exit=0) ===
	Elapsed (wall clock) time (h:mm:ss or m:ss): 2:59.84
	Maximum resident set size (kbytes): 14633068
	Minor (reclaiming a frame) page faults: 5026715
全探索の所要時間：77.7568 秒
F1	72.8839 stime_F1	2.941798 minflt_F1	321439 P4	19.2787 loop174	26.4534 retreat_total	101.6854 anonhuge_loop_kB	0 
--- thp_fault_fallback の前後差: 0 ---
--- オラクル 174行 ---
PASS: 174 行すべて一致
  手数別局面数の合計: 96802868
--- dat/ のバイト比較 (#22 本走と): 213 ファイル / 1974425336 バイト / 一致 ---
--- 件数の列を #22 本走と照合 ---
b1e_reuse_forward.tsv: 74 ラウンド（#22 は 74）/ 件数の列 一致
=== 完了 b1e_reuse 2026-09-26T14:06:06+00:00 ===
=== 開始 b1f_hugeR (hugeR: impl/22_in_memory + パッチ「instr hugeR」) 2026-09-26T14:06:07+00:00 ===
=== 終了 b1f_hugeR 2026-09-26T14:08:58+00:00 (exit=0) ===
	Elapsed (wall clock) time (h:mm:ss or m:ss): 2:51.22
	Maximum resident set size (kbytes): 14531036
	Minor (reclaiming a frame) page faults: 5105627
全探索の所要時間：82.0143 秒
F1	76.4683 stime_F1	4.850922 minflt_F1	1369912 P4	15.7427 loop174	18.5736 retreat_total	89.0196 anonhuge_loop_kB	4972544 
--- thp_fault_fallback の前後差: 0 ---
--- オラクル 174行 ---
PASS: 174 行すべて一致
  手数別局面数の合計: 96802868
--- dat/ のバイト比較 (#22 本走と): 213 ファイル / 1974425336 バイト / 一致 ---
--- 件数の列を #22 本走と照合 ---
b1f_hugeR_forward.tsv: 74 ラウンド（#22 は 74）/ 件数の列 一致
=== 完了 b1f_hugeR 2026-09-26T14:09:04+00:00 ===
=== 開始 b2a_pf2 (pf2: impl/22_in_memory + パッチ「instr pf2」) 2026-09-26T14:09:04+00:00 ===
=== 終了 b2a_pf2 2026-09-26T14:11:57+00:00 (exit=0) ===
	Elapsed (wall clock) time (h:mm:ss or m:ss): 2:52.78
	Maximum resident set size (kbytes): 14530340
	Minor (reclaiming a frame) page faults: 6414035
全探索の所要時間：81.5729 秒
F1	76.0542 stime_F1	4.806343 minflt_F1	1369907 P4	19.1048 loop174	15.9837 retreat_total	90.8136 anonhuge_loop_kB	0 
--- thp_fault_fallback の前後差: 0 ---
--- オラクル 174行 ---
PASS: 174 行すべて一致
  手数別局面数の合計: 96802868
--- dat/ のバイト比較 (#22 本走と): 213 ファイル / 1974425336 バイト / 一致 ---
--- 件数の列を #22 本走と照合 ---
b2a_pf2_forward.tsv: 74 ラウンド（#22 は 74）/ 件数の列 一致
=== 完了 b2a_pf2 2026-09-26T14:12:02+00:00 ===
=== 開始 b2b_pf3 (pf3: impl/22_in_memory + パッチ「instr pf3」) 2026-09-26T14:12:03+00:00 ===
=== 終了 b2b_pf3 2026-09-26T14:14:57+00:00 (exit=0) ===
	Elapsed (wall clock) time (h:mm:ss or m:ss): 2:54.12
	Maximum resident set size (kbytes): 14530428
	Minor (reclaiming a frame) page faults: 6414027
全探索の所要時間：81.6582 秒
F1	76.0664 stime_F1	4.903507 minflt_F1	1369907 P4	19.3048 loop174	16.2302 retreat_total	92.0671 anonhuge_loop_kB	0 
--- thp_fault_fallback の前後差: 0 ---
--- オラクル 174行 ---
PASS: 174 行すべて一致
  手数別局面数の合計: 96802868
--- dat/ のバイト比較 (#22 本走と): 213 ファイル / 1974425336 バイト / 一致 ---
--- 件数の列を #22 本走と照合 ---
b2b_pf3_forward.tsv: 74 ラウンド（#22 は 74）/ 件数の列 一致
=== 完了 b2b_pf3 2026-09-26T14:15:02+00:00 ===
=== 開始 b2c_base (base: impl/22_in_memory + パッチ「instr」) 2026-09-26T14:15:03+00:00 ===
=== 終了 b2c_base 2026-09-26T14:18:07+00:00 (exit=0) ===
	Elapsed (wall clock) time (h:mm:ss or m:ss): 3:03.89
	Maximum resident set size (kbytes): 14530604
	Minor (reclaiming a frame) page faults: 6414028
全探索の所要時間：82.0260 秒
F1	76.4386 stime_F1	4.932679 minflt_F1	1369906 P4	19.2277 loop174	26.2833 retreat_total	101.4669 anonhuge_loop_kB	0 
--- thp_fault_fallback の前後差: 0 ---
--- オラクル 174行 ---
PASS: 174 行すべて一致
  手数別局面数の合計: 96802868
--- dat/ のバイト比較 (#22 本走と): 213 ファイル / 1974425336 バイト / 一致 ---
--- 件数の列を #22 本走と照合 ---
b2c_base_forward.tsv: 74 ラウンド（#22 は 74）/ 件数の列 一致
=== 完了 b2c_base 2026-09-26T14:18:12+00:00 ===
=== 開始 b2d_hugeR (hugeR: impl/22_in_memory + パッチ「instr hugeR」) 2026-09-26T14:18:12+00:00 ===
=== 終了 b2d_hugeR 2026-09-26T14:21:06+00:00 (exit=0) ===
	Elapsed (wall clock) time (h:mm:ss or m:ss): 2:53.27
	Maximum resident set size (kbytes): 14530852
	Minor (reclaiming a frame) page faults: 5105629
全探索の所要時間：84.0088 秒
F1	78.4197 stime_F1	4.914375 minflt_F1	1369912 P4	15.8085 loop174	18.7730 retreat_total	89.0843 anonhuge_loop_kB	4972544 
--- thp_fault_fallback の前後差: 0 ---
--- オラクル 174行 ---
PASS: 174 行すべて一致
  手数別局面数の合計: 96802868
--- dat/ のバイト比較 (#22 本走と): 213 ファイル / 1974425336 バイト / 一致 ---
--- 件数の列を #22 本走と照合 ---
b2d_hugeR_forward.tsv: 74 ラウンド（#22 は 74）/ 件数の列 一致
=== 完了 b2d_hugeR 2026-09-26T14:21:11+00:00 ===
=== 開始 b2e_all (all: impl/22_in_memory + パッチ「instr pf3 hugeR reuse」) 2026-09-26T14:21:12+00:00 ===
=== 終了 b2e_all 2026-09-26T14:23:56+00:00 (exit=0) ===
	Elapsed (wall clock) time (h:mm:ss or m:ss): 2:44.58
	Maximum resident set size (kbytes): 14634280
	Minor (reclaiming a frame) page faults: 3718430
全探索の所要時間：79.1901 秒
F1	74.3017 stime_F1	2.919517 minflt_F1	321423 P4	15.7821 loop174	14.6151 retreat_total	85.2093 anonhuge_loop_kB	4972544 
--- thp_fault_fallback の前後差: 0 ---
--- オラクル 174行 ---
PASS: 174 行すべて一致
  手数別局面数の合計: 96802868
--- dat/ のバイト比較 (#22 本走と): 213 ファイル / 1974425336 バイト / 一致 ---
--- 件数の列を #22 本走と照合 ---
b2e_all_forward.tsv: 74 ラウンド（#22 は 74）/ 件数の列 一致
=== 完了 b2e_all 2026-09-26T14:24:02+00:00 ===
=== 開始 b2f_reuse (reuse: impl/22_in_memory + パッチ「instr reuse」) 2026-09-26T14:24:02+00:00 ===
=== 終了 b2f_reuse 2026-09-26T14:27:03+00:00 (exit=0) ===
	Elapsed (wall clock) time (h:mm:ss or m:ss): 3:00.47
	Maximum resident set size (kbytes): 14632896
	Minor (reclaiming a frame) page faults: 5026713
全探索の所要時間：77.8379 秒
F1	72.9836 stime_F1	2.960019 minflt_F1	321438 P4	19.3367 loop174	26.8228 retreat_total	102.2220 anonhuge_loop_kB	0 
--- thp_fault_fallback の前後差: 0 ---
--- オラクル 174行 ---
PASS: 174 行すべて一致
  手数別局面数の合計: 96802868
--- dat/ のバイト比較 (#22 本走と): 213 ファイル / 1974425336 バイト / 一致 ---
--- 件数の列を #22 本走と照合 ---
b2f_reuse_forward.tsv: 74 ラウンド（#22 は 74）/ 件数の列 一致
=== 完了 b2f_reuse 2026-09-26T14:27:08+00:00 ===
=== 開始 b3a_pf3 (pf3: impl/22_in_memory + パッチ「instr pf3」) 2026-09-26T14:27:09+00:00 ===
=== 終了 b3a_pf3 2026-09-26T14:30:03+00:00 (exit=0) ===
	Elapsed (wall clock) time (h:mm:ss or m:ss): 2:53.98
	Maximum resident set size (kbytes): 14530168
	Minor (reclaiming a frame) page faults: 6414023
全探索の所要時間：81.8054 秒
F1	76.2230 stime_F1	4.848597 minflt_F1	1369906 P4	19.1076 loop174	16.0570 retreat_total	91.7807 anonhuge_loop_kB	0 
--- thp_fault_fallback の前後差: 0 ---
--- オラクル 174行 ---
PASS: 174 行すべて一致
  手数別局面数の合計: 96802868
--- dat/ のバイト比較 (#22 本走と): 213 ファイル / 1974425336 バイト / 一致 ---
--- 件数の列を #22 本走と照合 ---
b3a_pf3_forward.tsv: 74 ラウンド（#22 は 74）/ 件数の列 一致
=== 完了 b3a_pf3 2026-09-26T14:30:08+00:00 ===
=== 開始 b3b_hugeR (hugeR: impl/22_in_memory + パッチ「instr hugeR」) 2026-09-26T14:30:08+00:00 ===
=== 終了 b3b_hugeR 2026-09-26T14:33:00+00:00 (exit=0) ===
	Elapsed (wall clock) time (h:mm:ss or m:ss): 2:51.45
	Maximum resident set size (kbytes): 14531032
	Minor (reclaiming a frame) page faults: 5105627
全探索の所要時間：82.5491 秒
F1	76.9399 stime_F1	4.907483 minflt_F1	1369911 P4	15.7609 loop174	18.5456 retreat_total	88.7266 anonhuge_loop_kB	4972544 
--- thp_fault_fallback の前後差: 0 ---
--- オラクル 174行 ---
PASS: 174 行すべて一致
  手数別局面数の合計: 96802868
--- dat/ のバイト比較 (#22 本走と): 213 ファイル / 1974425336 バイト / 一致 ---
--- 件数の列を #22 本走と照合 ---
b3b_hugeR_forward.tsv: 74 ラウンド（#22 は 74）/ 件数の列 一致
=== 完了 b3b_hugeR 2026-09-26T14:33:06+00:00 ===
=== 開始 b3c_pf2 (pf2: impl/22_in_memory + パッチ「instr pf2」) 2026-09-26T14:33:06+00:00 ===
=== 終了 b3c_pf2 2026-09-26T14:36:00+00:00 (exit=0) ===
	Elapsed (wall clock) time (h:mm:ss or m:ss): 2:54.11
	Maximum resident set size (kbytes): 14530196
	Minor (reclaiming a frame) page faults: 6414031
全探索の所要時間：81.8860 秒
F1	76.2718 stime_F1	4.947933 minflt_F1	1369907 P4	19.3365 loop174	16.2483 retreat_total	91.8211 anonhuge_loop_kB	0 
--- thp_fault_fallback の前後差: 0 ---
--- オラクル 174行 ---
PASS: 174 行すべて一致
  手数別局面数の合計: 96802868
--- dat/ のバイト比較 (#22 本走と): 213 ファイル / 1974425336 バイト / 一致 ---
--- 件数の列を #22 本走と照合 ---
b3c_pf2_forward.tsv: 74 ラウンド（#22 は 74）/ 件数の列 一致
=== 完了 b3c_pf2 2026-09-26T14:36:06+00:00 ===
=== 開始 b3d_reuse (reuse: impl/22_in_memory + パッチ「instr reuse」) 2026-09-26T14:36:06+00:00 ===
=== 終了 b3d_reuse 2026-09-26T14:39:06+00:00 (exit=0) ===
	Elapsed (wall clock) time (h:mm:ss or m:ss): 3:00.42
	Maximum resident set size (kbytes): 14632692
	Minor (reclaiming a frame) page faults: 5026716
全探索の所要時間：77.8821 秒
F1	73.0402 stime_F1	2.979592 minflt_F1	321439 P4	19.2891 loop174	26.7914 retreat_total	102.1382 anonhuge_loop_kB	0 
--- thp_fault_fallback の前後差: 0 ---
--- オラクル 174行 ---
PASS: 174 行すべて一致
  手数別局面数の合計: 96802868
--- dat/ のバイト比較 (#22 本走と): 213 ファイル / 1974425336 バイト / 一致 ---
--- 件数の列を #22 本走と照合 ---
b3d_reuse_forward.tsv: 74 ラウンド（#22 は 74）/ 件数の列 一致
=== 完了 b3d_reuse 2026-09-26T14:39:12+00:00 ===
=== 開始 b3e_base (base: impl/22_in_memory + パッチ「instr」) 2026-09-26T14:39:12+00:00 ===
=== 終了 b3e_base 2026-09-26T14:42:17+00:00 (exit=0) ===
	Elapsed (wall clock) time (h:mm:ss or m:ss): 3:04.33
	Maximum resident set size (kbytes): 14530428
	Minor (reclaiming a frame) page faults: 6414024
全探索の所要時間：82.2101 秒
F1	76.5774 stime_F1	4.942226 minflt_F1	1369906 P4	19.2052 loop174	26.6256 retreat_total	101.7228 anonhuge_loop_kB	0 
--- thp_fault_fallback の前後差: 0 ---
--- オラクル 174行 ---
PASS: 174 行すべて一致
  手数別局面数の合計: 96802868
--- dat/ のバイト比較 (#22 本走と): 213 ファイル / 1974425336 バイト / 一致 ---
--- 件数の列を #22 本走と照合 ---
b3e_base_forward.tsv: 74 ラウンド（#22 は 74）/ 件数の列 一致
=== 完了 b3e_base 2026-09-26T14:42:22+00:00 ===
=== 開始 b3f_all (all: impl/22_in_memory + パッチ「instr pf3 hugeR reuse」) 2026-09-26T14:42:23+00:00 ===
=== 終了 b3f_all 2026-09-26T14:45:08+00:00 (exit=0) ===
	Elapsed (wall clock) time (h:mm:ss or m:ss): 2:44.79
	Maximum resident set size (kbytes): 14634280
	Minor (reclaiming a frame) page faults: 3718429
全探索の所要時間：78.8941 秒
F1	73.9837 stime_F1	2.982707 minflt_F1	321423 P4	15.8028 loop174	14.6893 retreat_total	85.7010 anonhuge_loop_kB	4972544 
--- thp_fault_fallback の前後差: 0 ---
--- オラクル 174行 ---
PASS: 174 行すべて一致
  手数別局面数の合計: 96802868
--- dat/ のバイト比較 (#22 本走と): 213 ファイル / 1974425336 バイト / 一致 ---
--- 件数の列を #22 本走と照合 ---
b3f_all_forward.tsv: 74 ラウンド（#22 は 74）/ 件数の列 一致
=== 完了 b3f_all 2026-09-26T14:45:13+00:00 ===
=== 開始 b4a_hugeR (hugeR: impl/22_in_memory + パッチ「instr hugeR」) 2026-09-26T14:45:13+00:00 ===
=== 終了 b4a_hugeR 2026-09-26T14:48:05+00:00 (exit=0) ===
	Elapsed (wall clock) time (h:mm:ss or m:ss): 2:51.68
	Maximum resident set size (kbytes): 14531476
	Minor (reclaiming a frame) page faults: 5105627
全探索の所要時間：82.5386 秒
F1	76.9004 stime_F1	4.903886 minflt_F1	1369912 P4	15.7482 loop174	18.5910 retreat_total	88.9564 anonhuge_loop_kB	4972544 
--- thp_fault_fallback の前後差: 0 ---
--- オラクル 174行 ---
PASS: 174 行すべて一致
  手数別局面数の合計: 96802868
--- dat/ のバイト比較 (#22 本走と): 213 ファイル / 1974425336 バイト / 一致 ---
--- 件数の列を #22 本走と照合 ---
b4a_hugeR_forward.tsv: 74 ラウンド（#22 は 74）/ 件数の列 一致
=== 完了 b4a_hugeR 2026-09-26T14:48:11+00:00 ===
=== 開始 b4b_reuse (reuse: impl/22_in_memory + パッチ「instr reuse」) 2026-09-26T14:48:11+00:00 ===
=== 終了 b4b_reuse 2026-09-26T14:51:11+00:00 (exit=0) ===
	Elapsed (wall clock) time (h:mm:ss or m:ss): 3:00.04
	Maximum resident set size (kbytes): 14632668
	Minor (reclaiming a frame) page faults: 5026713
全探索の所要時間：78.0389 秒
F1	73.1446 stime_F1	3.003943 minflt_F1	321438 P4	19.2029 loop174	26.5194 retreat_total	101.5947 anonhuge_loop_kB	0 
--- thp_fault_fallback の前後差: 0 ---
--- オラクル 174行 ---
PASS: 174 行すべて一致
  手数別局面数の合計: 96802868
--- dat/ のバイト比較 (#22 本走と): 213 ファイル / 1974425336 バイト / 一致 ---
--- 件数の列を #22 本走と照合 ---
b4b_reuse_forward.tsv: 74 ラウンド（#22 は 74）/ 件数の列 一致
=== 完了 b4b_reuse 2026-09-26T14:51:17+00:00 ===
=== 開始 b4c_pf3 (pf3: impl/22_in_memory + パッチ「instr pf3」) 2026-09-26T14:51:17+00:00 ===
=== 終了 b4c_pf3 2026-09-26T14:54:15+00:00 (exit=0) ===
	Elapsed (wall clock) time (h:mm:ss or m:ss): 2:57.45
	Maximum resident set size (kbytes): 14530256
	Minor (reclaiming a frame) page faults: 6414031
全探索の所要時間：84.7743 秒
F1	79.1793 stime_F1	4.868019 minflt_F1	1369907 P4	19.3149 loop174	16.2565 retreat_total	92.2829 anonhuge_loop_kB	0 
--- thp_fault_fallback の前後差: 0 ---
--- オラクル 174行 ---
PASS: 174 行すべて一致
  手数別局面数の合計: 96802868
--- dat/ のバイト比較 (#22 本走と): 213 ファイル / 1974425336 バイト / 一致 ---
--- 件数の列を #22 本走と照合 ---
b4c_pf3_forward.tsv: 74 ラウンド（#22 は 74）/ 件数の列 一致
=== 完了 b4c_pf3 2026-09-26T14:54:20+00:00 ===
=== 開始 b4d_all (all: impl/22_in_memory + パッチ「instr pf3 hugeR reuse」) 2026-09-26T14:54:20+00:00 ===
=== 終了 b4d_all 2026-09-26T14:57:06+00:00 (exit=0) ===
	Elapsed (wall clock) time (h:mm:ss or m:ss): 2:44.98
	Maximum resident set size (kbytes): 14634012
	Minor (reclaiming a frame) page faults: 3718428
全探索の所要時間：79.7750 秒
F1	74.9647 stime_F1	2.882403 minflt_F1	321422 P4	15.6791 loop174	14.5515 retreat_total	85.0239 anonhuge_loop_kB	4972544 
--- thp_fault_fallback の前後差: 0 ---
--- オラクル 174行 ---
PASS: 174 行すべて一致
  手数別局面数の合計: 96802868
--- dat/ のバイト比較 (#22 本走と): 213 ファイル / 1974425336 バイト / 一致 ---
--- 件数の列を #22 本走と照合 ---
b4d_all_forward.tsv: 74 ラウンド（#22 は 74）/ 件数の列 一致
=== 完了 b4d_all 2026-09-26T14:57:11+00:00 ===
=== 開始 b4e_pf2 (pf2: impl/22_in_memory + パッチ「instr pf2」) 2026-09-26T14:57:11+00:00 ===
=== 終了 b4e_pf2 2026-09-26T15:00:04+00:00 (exit=0) ===
	Elapsed (wall clock) time (h:mm:ss or m:ss): 2:52.82
	Maximum resident set size (kbytes): 14530164
	Minor (reclaiming a frame) page faults: 6414030
全探索の所要時間：81.5804 秒
F1	76.0065 stime_F1	4.886963 minflt_F1	1369907 P4	19.0772 loop174	16.0551 retreat_total	90.8420 anonhuge_loop_kB	0 
--- thp_fault_fallback の前後差: 0 ---
--- オラクル 174行 ---
PASS: 174 行すべて一致
  手数別局面数の合計: 96802868
--- dat/ のバイト比較 (#22 本走と): 213 ファイル / 1974425336 バイト / 一致 ---
--- 件数の列を #22 本走と照合 ---
b4e_pf2_forward.tsv: 74 ラウンド（#22 は 74）/ 件数の列 一致
=== 完了 b4e_pf2 2026-09-26T15:00:10+00:00 ===
=== 開始 b4f_base (base: impl/22_in_memory + パッチ「instr」) 2026-09-26T15:00:10+00:00 ===
=== 終了 b4f_base 2026-09-26T15:03:16+00:00 (exit=0) ===
	Elapsed (wall clock) time (h:mm:ss or m:ss): 3:05.51
	Maximum resident set size (kbytes): 14530252
	Minor (reclaiming a frame) page faults: 6414026
全探索の所要時間：83.3328 秒
F1	77.7609 stime_F1	4.847802 minflt_F1	1369905 P4	19.2062 loop174	26.5200 retreat_total	101.7693 anonhuge_loop_kB	0 
--- thp_fault_fallback の前後差: 0 ---
--- オラクル 174行 ---
PASS: 174 行すべて一致
  手数別局面数の合計: 96802868
--- dat/ のバイト比較 (#22 本走と): 213 ファイル / 1974425336 バイト / 一致 ---
--- 件数の列を #22 本走と照合 ---
b4f_base_forward.tsv: 74 ラウンド（#22 は 74）/ 件数の列 一致
=== 完了 b4f_base 2026-09-26T15:03:21+00:00 ===
=== 開始 b5a_reuse (reuse: impl/22_in_memory + パッチ「instr reuse」) 2026-09-26T15:03:21+00:00 ===
=== 終了 b5a_reuse 2026-09-26T15:06:21+00:00 (exit=0) ===
	Elapsed (wall clock) time (h:mm:ss or m:ss): 2:59.73
	Maximum resident set size (kbytes): 14633264
	Minor (reclaiming a frame) page faults: 5026712
全探索の所要時間：77.6196 秒
F1	72.7576 stime_F1	2.975819 minflt_F1	321439 P4	19.2394 loop174	26.6169 retreat_total	101.7009 anonhuge_loop_kB	0 
--- thp_fault_fallback の前後差: 0 ---
--- オラクル 174行 ---
PASS: 174 行すべて一致
  手数別局面数の合計: 96802868
--- dat/ のバイト比較 (#22 本走と): 213 ファイル / 1974425336 バイト / 一致 ---
--- 件数の列を #22 本走と照合 ---
b5a_reuse_forward.tsv: 74 ラウンド（#22 は 74）/ 件数の列 一致
=== 完了 b5a_reuse 2026-09-26T15:06:27+00:00 ===
=== 開始 b5b_all (all: impl/22_in_memory + パッチ「instr pf3 hugeR reuse」) 2026-09-26T15:06:27+00:00 ===
=== 終了 b5b_all 2026-09-26T15:09:11+00:00 (exit=0) ===
	Elapsed (wall clock) time (h:mm:ss or m:ss): 2:43.41
	Maximum resident set size (kbytes): 14634280
	Minor (reclaiming a frame) page faults: 3718429
全探索の所要時間：78.2043 秒
F1	73.3408 stime_F1	2.896722 minflt_F1	321423 P4	15.6622 loop174	14.5546 retreat_total	85.0194 anonhuge_loop_kB	4972544 
--- thp_fault_fallback の前後差: 0 ---
--- オラクル 174行 ---
PASS: 174 行すべて一致
  手数別局面数の合計: 96802868
--- dat/ のバイト比較 (#22 本走と): 213 ファイル / 1974425336 バイト / 一致 ---
--- 件数の列を #22 本走と照合 ---
b5b_all_forward.tsv: 74 ラウンド（#22 は 74）/ 件数の列 一致
=== 完了 b5b_all 2026-09-26T15:09:16+00:00 ===
=== 開始 b5c_hugeR (hugeR: impl/22_in_memory + パッチ「instr hugeR」) 2026-09-26T15:09:17+00:00 ===
=== 終了 b5c_hugeR 2026-09-26T15:12:09+00:00 (exit=0) ===
	Elapsed (wall clock) time (h:mm:ss or m:ss): 2:52.84
	Maximum resident set size (kbytes): 14531120
	Minor (reclaiming a frame) page faults: 5105618
全探索の所要時間：83.2508 秒
F1	77.5834 stime_F1	4.946327 minflt_F1	1369911 P4	15.9136 loop174	18.8371 retreat_total	89.4082 anonhuge_loop_kB	4972544 
--- thp_fault_fallback の前後差: 0 ---
--- オラクル 174行 ---
PASS: 174 行すべて一致
  手数別局面数の合計: 96802868
--- dat/ のバイト比較 (#22 本走と): 213 ファイル / 1974425336 バイト / 一致 ---
--- 件数の列を #22 本走と照合 ---
b5c_hugeR_forward.tsv: 74 ラウンド（#22 は 74）/ 件数の列 一致
=== 完了 b5c_hugeR 2026-09-26T15:12:15+00:00 ===
=== 開始 b5d_base (base: impl/22_in_memory + パッチ「instr」) 2026-09-26T15:12:15+00:00 ===
=== 終了 b5d_base 2026-09-26T15:15:21+00:00 (exit=0) ===
	Elapsed (wall clock) time (h:mm:ss or m:ss): 3:05.82
	Maximum resident set size (kbytes): 14530600
	Minor (reclaiming a frame) page faults: 6414027
全探索の所要時間：82.2786 秒
F1	76.6147 stime_F1	4.906539 minflt_F1	1369906 P4	19.4987 loop174	26.9850 retreat_total	103.1325 anonhuge_loop_kB	0 
--- thp_fault_fallback の前後差: 0 ---
--- オラクル 174行 ---
PASS: 174 行すべて一致
  手数別局面数の合計: 96802868
--- dat/ のバイト比較 (#22 本走と): 213 ファイル / 1974425336 バイト / 一致 ---
--- 件数の列を #22 本走と照合 ---
b5d_base_forward.tsv: 74 ラウンド（#22 は 74）/ 件数の列 一致
=== 完了 b5d_base 2026-09-26T15:15:27+00:00 ===
=== 開始 b5e_pf3 (pf3: impl/22_in_memory + パッチ「instr pf3」) 2026-09-26T15:15:27+00:00 ===
=== 終了 b5e_pf3 2026-09-26T15:18:21+00:00 (exit=0) ===
	Elapsed (wall clock) time (h:mm:ss or m:ss): 2:53.70
	Maximum resident set size (kbytes): 14530600
	Minor (reclaiming a frame) page faults: 6414029
全探索の所要時間：81.8023 秒
F1	76.1962 stime_F1	4.892642 minflt_F1	1369907 P4	19.0998 loop174	16.0330 retreat_total	91.4941 anonhuge_loop_kB	0 
--- thp_fault_fallback の前後差: 0 ---
--- オラクル 174行 ---
PASS: 174 行すべて一致
  手数別局面数の合計: 96802868
--- dat/ のバイト比較 (#22 本走と): 213 ファイル / 1974425336 バイト / 一致 ---
--- 件数の列を #22 本走と照合 ---
b5e_pf3_forward.tsv: 74 ラウンド（#22 は 74）/ 件数の列 一致
=== 完了 b5e_pf3 2026-09-26T15:18:26+00:00 ===
=== 開始 b5f_pf2 (pf2: impl/22_in_memory + パッチ「instr pf2」) 2026-09-26T15:18:26+00:00 ===
=== 終了 b5f_pf2 2026-09-26T15:21:21+00:00 (exit=0) ===
	Elapsed (wall clock) time (h:mm:ss or m:ss): 2:54.84
	Maximum resident set size (kbytes): 14530604
	Minor (reclaiming a frame) page faults: 6414023
全探索の所要時間：82.3731 秒
F1	76.6997 stime_F1	5.019162 minflt_F1	1369907 P4	19.3952 loop174	16.3513 retreat_total	92.0644 anonhuge_loop_kB	0 
--- thp_fault_fallback の前後差: 0 ---
--- オラクル 174行 ---
PASS: 174 行すべて一致
  手数別局面数の合計: 96802868
--- dat/ のバイト比較 (#22 本走と): 213 ファイル / 1974425336 バイト / 一致 ---
--- 件数の列を #22 本走と照合 ---
b5f_pf2_forward.tsv: 74 ラウンド（#22 は 74）/ 件数の列 一致
=== 完了 b5f_pf2 2026-09-26T15:21:27+00:00 ===
=== 開始 b6a_all (all: impl/22_in_memory + パッチ「instr pf3 hugeR reuse」) 2026-09-26T15:21:27+00:00 ===
=== 終了 b6a_all 2026-09-26T15:24:14+00:00 (exit=0) ===
	Elapsed (wall clock) time (h:mm:ss or m:ss): 2:46.82
	Maximum resident set size (kbytes): 14633832
	Minor (reclaiming a frame) page faults: 3718430
全探索の所要時間：81.4282 秒
F1	76.5320 stime_F1	2.948261 minflt_F1	321422 P4	15.8342 loop174	14.6666 retreat_total	85.2009 anonhuge_loop_kB	4972544 
--- thp_fault_fallback の前後差: 0 ---
--- オラクル 174行 ---
PASS: 174 行すべて一致
  手数別局面数の合計: 96802868
--- dat/ のバイト比較 (#22 本走と): 213 ファイル / 1974425336 バイト / 一致 ---
--- 件数の列を #22 本走と照合 ---
b6a_all_forward.tsv: 74 ラウンド（#22 は 74）/ 件数の列 一致
=== 完了 b6a_all 2026-09-26T15:24:20+00:00 ===
=== 開始 b6b_base (base: impl/22_in_memory + パッチ「instr」) 2026-09-26T15:24:20+00:00 ===
=== 終了 b6b_base 2026-09-26T15:27:24+00:00 (exit=0) ===
	Elapsed (wall clock) time (h:mm:ss or m:ss): 3:04.15
	Maximum resident set size (kbytes): 14530168
	Minor (reclaiming a frame) page faults: 6414026
全探索の所要時間：81.9419 秒
F1	76.3362 stime_F1	4.864991 minflt_F1	1369907 P4	19.2794 loop174	26.6376 retreat_total	101.8027 anonhuge_loop_kB	0 
--- thp_fault_fallback の前後差: 0 ---
--- オラクル 174行 ---
PASS: 174 行すべて一致
  手数別局面数の合計: 96802868
--- dat/ のバイト比較 (#22 本走と): 213 ファイル / 1974425336 バイト / 一致 ---
--- 件数の列を #22 本走と照合 ---
b6b_base_forward.tsv: 74 ラウンド（#22 は 74）/ 件数の列 一致
=== 完了 b6b_base 2026-09-26T15:27:30+00:00 ===
=== 開始 b6c_reuse (reuse: impl/22_in_memory + パッチ「instr reuse」) 2026-09-26T15:27:30+00:00 ===
=== 終了 b6c_reuse 2026-09-26T15:30:30+00:00 (exit=0) ===
	Elapsed (wall clock) time (h:mm:ss or m:ss): 3:00.24
	Maximum resident set size (kbytes): 14632688
	Minor (reclaiming a frame) page faults: 5026709
全探索の所要時間：77.6319 秒
F1	72.7641 stime_F1	2.940866 minflt_F1	321439 P4	19.3652 loop174	26.9450 retreat_total	102.1986 anonhuge_loop_kB	0 
--- thp_fault_fallback の前後差: 0 ---
--- オラクル 174行 ---
PASS: 174 行すべて一致
  手数別局面数の合計: 96802868
--- dat/ のバイト比較 (#22 本走と): 213 ファイル / 1974425336 バイト / 一致 ---
--- 件数の列を #22 本走と照合 ---
b6c_reuse_forward.tsv: 74 ラウンド（#22 は 74）/ 件数の列 一致
=== 完了 b6c_reuse 2026-09-26T15:30:36+00:00 ===
=== 開始 b6d_pf2 (pf2: impl/22_in_memory + パッチ「instr pf2」) 2026-09-26T15:30:36+00:00 ===
=== 終了 b6d_pf2 2026-09-26T15:33:29+00:00 (exit=0) ===
	Elapsed (wall clock) time (h:mm:ss or m:ss): 2:52.85
	Maximum resident set size (kbytes): 14530596
	Minor (reclaiming a frame) page faults: 6414023
全探索の所要時間：81.4931 秒
F1	75.9250 stime_F1	4.873819 minflt_F1	1369906 P4	19.0662 loop174	16.2760 retreat_total	90.9634 anonhuge_loop_kB	0 
--- thp_fault_fallback の前後差: 0 ---
--- オラクル 174行 ---
PASS: 174 行すべて一致
  手数別局面数の合計: 96802868
--- dat/ のバイト比較 (#22 本走と): 213 ファイル / 1974425336 バイト / 一致 ---
--- 件数の列を #22 本走と照合 ---
b6d_pf2_forward.tsv: 74 ラウンド（#22 は 74）/ 件数の列 一致
=== 完了 b6d_pf2 2026-09-26T15:33:34+00:00 ===
=== 開始 b6e_hugeR (hugeR: impl/22_in_memory + パッチ「instr hugeR」) 2026-09-26T15:33:35+00:00 ===
=== 終了 b6e_hugeR 2026-09-26T15:36:27+00:00 (exit=0) ===
	Elapsed (wall clock) time (h:mm:ss or m:ss): 2:51.88
	Maximum resident set size (kbytes): 14531080
	Minor (reclaiming a frame) page faults: 5105621
全探索の所要時間：82.5035 秒
F1	76.9364 stime_F1	4.872900 minflt_F1	1369912 P4	15.8398 loop174	18.8289 retreat_total	89.1996 anonhuge_loop_kB	4972544 
--- thp_fault_fallback の前後差: 0 ---
--- オラクル 174行 ---
PASS: 174 行すべて一致
  手数別局面数の合計: 96802868
--- dat/ のバイト比較 (#22 本走と): 213 ファイル / 1974425336 バイト / 一致 ---
--- 件数の列を #22 本走と照合 ---
b6e_hugeR_forward.tsv: 74 ラウンド（#22 は 74）/ 件数の列 一致
=== 完了 b6e_hugeR 2026-09-26T15:36:32+00:00 ===
=== 開始 b6f_pf3 (pf3: impl/22_in_memory + パッチ「instr pf3」) 2026-09-26T15:36:33+00:00 ===
=== 終了 b6f_pf3 2026-09-26T15:39:27+00:00 (exit=0) ===
	Elapsed (wall clock) time (h:mm:ss or m:ss): 2:54.02
	Maximum resident set size (kbytes): 14530608
	Minor (reclaiming a frame) page faults: 6414036
全探索の所要時間：81.7076 秒
F1	76.1191 stime_F1	4.861159 minflt_F1	1369907 P4	19.2357 loop174	16.2386 retreat_total	91.9076 anonhuge_loop_kB	0 
--- thp_fault_fallback の前後差: 0 ---
--- オラクル 174行 ---
PASS: 174 行すべて一致
  手数別局面数の合計: 96802868
--- dat/ のバイト比較 (#22 本走と): 213 ファイル / 1974425336 バイト / 一致 ---
--- 件数の列を #22 本走と照合 ---
b6f_pf3_forward.tsv: 74 ラウンド（#22 は 74）/ 件数の列 一致
=== 完了 b6f_pf3 2026-09-26T15:39:32+00:00 ===
=== 全36本 完了 2026-09-26T15:39:32+00:00 (経過 6509 秒) ===
