=== 開始 g1a (old impl/15_c_successors) 2026-09-21T16:19:49+00:00 ===
=== 終了 g1a 2026-09-21T16:28:02+00:00 (exit=0) ===
後退解析の所要時間：490.91 秒
	Elapsed (wall clock) time (h:mm:ss or m:ss): 8:10.96
	Maximum resident set size (kbytes): 14515656
	Minor (reclaiming a frame) page faults: 12624229
読み込んだ局面：246803167 (未知 99485568 / キャッチ 140298614 / トライ負け 7018985)
P0 読み込み：00時間01分33秒
P1 索引：00時間00分20秒
辺の総数：938671869 (未発見の後続 0)
P2 後続生成：00時間01分45秒
P4 前任リスト：00時間02分43秒
--- オラクル 174行 ---
PASS: 174 行すべて一致
  手数別局面数の合計: 96802868
dat/ は残した (採番順の照合用): runs/exp_gate16_g1a/dat
=== 完了 g1a 2026-09-21T16:28:02+00:00 ===
=== 開始 g1b (new impl/16_raw_binary) 2026-09-21T16:28:02+00:00 ===
=== 終了 g1b 2026-09-21T16:34:43+00:00 (exit=0) ===
後退解析の所要時間：400.00 秒
	Elapsed (wall clock) time (h:mm:ss or m:ss): 6:40.05
	Maximum resident set size (kbytes): 14498552
	Minor (reclaiming a frame) page faults: 8497543
読み込んだ局面：246803167 (未知 99485568 / キャッチ 140298614 / トライ負け 7018985)
P0 読み込み：00時間00分04秒
P1 索引：00時間00分20秒
辺の総数：938671869 (未発見の後続 0)
P2 後続生成：00時間01分44秒
P4 前任リスト：00時間02分44秒
--- オラクル 174行 ---
PASS: 174 行すべて一致
  手数別局面数の合計: 96802868
dat/ は残した (採番順の照合用): runs/exp_gate16_g1b/dat
=== 完了 g1b 2026-09-21T16:34:43+00:00 ===
=== 開始 g1c (new impl/16_raw_binary) 2026-09-21T16:34:43+00:00 ===
=== 終了 g1c 2026-09-21T16:41:27+00:00 (exit=0) ===
後退解析の所要時間：401.92 秒
	Elapsed (wall clock) time (h:mm:ss or m:ss): 6:41.96
	Maximum resident set size (kbytes): 14499112
	Minor (reclaiming a frame) page faults: 8496736
読み込んだ局面：246803167 (未知 99485568 / キャッチ 140298614 / トライ負け 7018985)
P0 読み込み：00時間00分04秒
P1 索引：00時間00分20秒
辺の総数：938671869 (未発見の後続 0)
P2 後続生成：00時間01分44秒
P4 前任リスト：00時間02分46秒
--- オラクル 174行 ---
PASS: 174 行すべて一致
  手数別局面数の合計: 96802868
=== 完了 g1c 2026-09-21T16:41:27+00:00 ===
=== 開始 g1d (old impl/15_c_successors) 2026-09-21T16:41:27+00:00 ===
=== 終了 g1d 2026-09-21T16:49:36+00:00 (exit=0) ===
後退解析の所要時間：487.10 秒
	Elapsed (wall clock) time (h:mm:ss or m:ss): 8:07.16
	Maximum resident set size (kbytes): 14515796
	Minor (reclaiming a frame) page faults: 12624434
読み込んだ局面：246803167 (未知 99485568 / キャッチ 140298614 / トライ負け 7018985)
P0 読み込み：00時間01分33秒
P1 索引：00時間00分20秒
辺の総数：938671869 (未発見の後続 0)
P2 後続生成：00時間01分43秒
P4 前任リスト：00時間02分43秒
--- オラクル 174行 ---
PASS: 174 行すべて一致
  手数別局面数の合計: 96802868
=== 完了 g1d 2026-09-21T16:49:37+00:00 ===
=== 開始 g2a (old impl/15_c_successors) 2026-09-21T16:49:37+00:00 ===
=== 終了 g2a 2026-09-21T16:57:49+00:00 (exit=0) ===
後退解析の所要時間：490.77 秒
	Elapsed (wall clock) time (h:mm:ss or m:ss): 8:10.83
	Maximum resident set size (kbytes): 14515332
	Minor (reclaiming a frame) page faults: 12624226
読み込んだ局面：246803167 (未知 99485568 / キャッチ 140298614 / トライ負け 7018985)
P0 読み込み：00時間01分34秒
P1 索引：00時間00分20秒
辺の総数：938671869 (未発見の後続 0)
P2 後続生成：00時間01分44秒
P4 前任リスト：00時間02分44秒
--- オラクル 174行 ---
PASS: 174 行すべて一致
  手数別局面数の合計: 96802868
=== 完了 g2a 2026-09-21T16:57:50+00:00 ===
=== 開始 g2b (new impl/16_raw_binary) 2026-09-21T16:57:50+00:00 ===
=== 終了 g2b 2026-09-21T17:04:33+00:00 (exit=0) ===
後退解析の所要時間：401.85 秒
	Elapsed (wall clock) time (h:mm:ss or m:ss): 6:41.90
	Maximum resident set size (kbytes): 14499108
	Minor (reclaiming a frame) page faults: 8496771
読み込んだ局面：246803167 (未知 99485568 / キャッチ 140298614 / トライ負け 7018985)
P0 読み込み：00時間00分04秒
P1 索引：00時間00分24秒
辺の総数：938671869 (未発見の後続 0)
P2 後続生成：00時間01分43秒
P4 前任リスト：00時間02分44秒
--- オラクル 174行 ---
PASS: 174 行すべて一致
  手数別局面数の合計: 96802868
=== 完了 g2b 2026-09-21T17:04:34+00:00 ===
=== 開始 g2c (new impl/16_raw_binary) 2026-09-21T17:04:34+00:00 ===
=== 終了 g2c 2026-09-21T17:11:17+00:00 (exit=0) ===
後退解析の所要時間：401.70 秒
	Elapsed (wall clock) time (h:mm:ss or m:ss): 6:41.75
	Maximum resident set size (kbytes): 14499116
	Minor (reclaiming a frame) page faults: 8497161
読み込んだ局面：246803167 (未知 99485568 / キャッチ 140298614 / トライ負け 7018985)
P0 読み込み：00時間00分04秒
P1 索引：00時間00分20秒
辺の総数：938671869 (未発見の後続 0)
P2 後続生成：00時間01分45秒
P4 前任リスト：00時間02分45秒
--- オラクル 174行 ---
PASS: 174 行すべて一致
  手数別局面数の合計: 96802868
=== 完了 g2c 2026-09-21T17:11:17+00:00 ===
=== 開始 g2d (old impl/15_c_successors) 2026-09-21T17:11:17+00:00 ===
=== 終了 g2d 2026-09-21T17:19:32+00:00 (exit=0) ===
後退解析の所要時間：492.67 秒
	Elapsed (wall clock) time (h:mm:ss or m:ss): 8:12.73
	Maximum resident set size (kbytes): 14514748
	Minor (reclaiming a frame) page faults: 12624959
読み込んだ局面：246803167 (未知 99485568 / キャッチ 140298614 / トライ負け 7018985)
P0 読み込み：00時間01分34秒
P1 索引：00時間00分20秒
辺の総数：938671869 (未発見の後続 0)
P2 後続生成：00時間01分44秒
P4 前任リスト：00時間02分46秒
--- オラクル 174行 ---
PASS: 174 行すべて一致
  手数別局面数の合計: 96802868
=== 完了 g2d 2026-09-21T17:19:32+00:00 ===
=== 全8本 完了 2026-09-21T17:19:32+00:00 ===
