=== 門番 #25 開始 2026-09-27T15:34:19+00:00 ===
--- 回す前の負荷 ---
load average: 0.89, 0.74, 0.87
CPU 使用率 (全 CPU, 1秒): 1%
--- 回す前のノード0のメモリ (/proc/buddyinfo と meminfo) ---
Node 0, zone      DMA      0      0      0      0      0      0      0      0      1      1      2 
Node 0, zone    DMA32     60     43     66     53     47     42     41     35     22     20    764 
Node 0, zone   Normal  35536  24219  15563  10452   8920   5521   2656   1273    722    441   3689 
Node 0 MemFree:        23525520 kB
Node 0 FilePages:       5625288 kB
--- r1a_old の前のノード0: 2 MiB 以上の空きブロック 18.30 GiB (しきい値 16) ---
=== 開始 r1a_old (old: impl/24_reuse_buffers + instr + release (so sha256 41a8a7f07f25)) 2026-09-27T15:34:21+00:00 ===
=== 終了 r1a_old 2026-09-27T15:37:09+00:00 (exit=0) ===
	Elapsed (wall clock) time (h:mm:ss or m:ss): 2:48.79
	Maximum resident set size (kbytes): 14515860
	Minor (reclaiming a frame) page faults: 5026714
全探索の所要時間：77.7311 秒
P2	45.9689 P4_count	6.1954 P4_scatter	12.8647 P4	19.0601 loop174	16.0414 anonhuge_loop_kB	0 
--- thp_fault_fallback の前後差: 0 ---
--- anonhuge_loop_kB: 0 (new 腕は 4972544 以上のはず) ---
--- オラクル 174行 ---
PASS: 174 行すべて一致
  手数別局面数の合計: 96802868
--- dat/ のバイト比較 (#24 本走と): 213 ファイル / 1974425336 バイト / 一致 ---
--- 件数の列を #24 本走と照合 ---
r1a_old_forward.tsv: 74 ラウンド（#24 は 74）/ 件数の列 一致
=== 完了 r1a_old 2026-09-27T15:37:15+00:00 ===
--- r1b_new の前のノード0: 2 MiB 以上の空きブロック 18.21 GiB (しきい値 16) ---
=== 開始 r1b_new (new: impl/25_huge_retreat (so sha256 ed5df6fa4b89)) 2026-09-27T15:37:15+00:00 ===
=== 終了 r1b_new 2026-09-27T15:39:59+00:00 (exit=0) ===
	Elapsed (wall clock) time (h:mm:ss or m:ss): 2:43.40
	Maximum resident set size (kbytes): 14517088
	Minor (reclaiming a frame) page faults: 3718431
全探索の所要時間：78.1478 秒
P2	45.4066 P4_count	5.1573 P4_scatter	10.5854 P4	15.7426 loop174	14.5272 anonhuge_loop_kB	4972544 
--- thp_fault_fallback の前後差: 0 ---
--- anonhuge_loop_kB: 4972544 (new 腕は 4972544 以上のはず) ---
--- オラクル 174行 ---
PASS: 174 行すべて一致
  手数別局面数の合計: 96802868
--- dat/ のバイト比較 (#24 本走と): 213 ファイル / 1974425336 バイト / 一致 ---
--- 件数の列を #24 本走と照合 ---
r1b_new_forward.tsv: 74 ラウンド（#24 は 74）/ 件数の列 一致
=== 完了 r1b_new 2026-09-27T15:40:04+00:00 ===
--- r1c_new の前のノード0: 2 MiB 以上の空きブロック 18.17 GiB (しきい値 16) ---
=== 開始 r1c_new (new: impl/25_huge_retreat (so sha256 ed5df6fa4b89)) 2026-09-27T15:40:05+00:00 ===
=== 終了 r1c_new 2026-09-27T15:42:49+00:00 (exit=0) ===
	Elapsed (wall clock) time (h:mm:ss or m:ss): 2:43.95
	Maximum resident set size (kbytes): 14516840
	Minor (reclaiming a frame) page faults: 3718433
全探索の所要時間：78.5076 秒
P2	45.3502 P4_count	5.1986 P4_scatter	10.6359 P4	15.8345 loop174	14.6781 anonhuge_loop_kB	4972544 
--- thp_fault_fallback の前後差: 0 ---
--- anonhuge_loop_kB: 4972544 (new 腕は 4972544 以上のはず) ---
--- オラクル 174行 ---
PASS: 174 行すべて一致
  手数別局面数の合計: 96802868
--- dat/ のバイト比較 (#24 本走と): 213 ファイル / 1974425336 バイト / 一致 ---
--- 件数の列を #24 本走と照合 ---
r1c_new_forward.tsv: 74 ラウンド（#24 は 74）/ 件数の列 一致
=== 完了 r1c_new 2026-09-27T15:42:54+00:00 ===
--- r1d_old の前のノード0: 2 MiB 以上の空きブロック 18.09 GiB (しきい値 16) ---
=== 開始 r1d_old (old: impl/24_reuse_buffers + instr + release (so sha256 41a8a7f07f25)) 2026-09-27T15:42:54+00:00 ===
=== 終了 r1d_old 2026-09-27T15:45:46+00:00 (exit=0) ===
	Elapsed (wall clock) time (h:mm:ss or m:ss): 2:51.84
	Maximum resident set size (kbytes): 14515580
	Minor (reclaiming a frame) page faults: 5026722
全探索の所要時間：79.5037 秒
P2	46.6679 P4_count	6.2986 P4_scatter	13.0529 P4	19.3514 loop174	16.2034 anonhuge_loop_kB	0 
--- thp_fault_fallback の前後差: 0 ---
--- anonhuge_loop_kB: 0 (new 腕は 4972544 以上のはず) ---
--- オラクル 174行 ---
PASS: 174 行すべて一致
  手数別局面数の合計: 96802868
--- dat/ のバイト比較 (#24 本走と): 213 ファイル / 1974425336 バイト / 一致 ---
--- 件数の列を #24 本走と照合 ---
r1d_old_forward.tsv: 74 ラウンド（#24 は 74）/ 件数の列 一致
=== 完了 r1d_old 2026-09-27T15:45:52+00:00 ===
--- r2a_old の前のノード0: 2 MiB 以上の空きブロック 17.96 GiB (しきい値 16) ---
=== 開始 r2a_old (old: impl/24_reuse_buffers + instr + release (so sha256 41a8a7f07f25)) 2026-09-27T15:45:52+00:00 ===
=== 終了 r2a_old 2026-09-27T15:48:41+00:00 (exit=0) ===
	Elapsed (wall clock) time (h:mm:ss or m:ss): 2:49.01
	Maximum resident set size (kbytes): 14515536
	Minor (reclaiming a frame) page faults: 5026716
全探索の所要時間：77.2723 秒
P2	46.0511 P4_count	6.2785 P4_scatter	12.9929 P4	19.2714 loop174	16.3899 anonhuge_loop_kB	0 
--- thp_fault_fallback の前後差: 0 ---
--- anonhuge_loop_kB: 0 (new 腕は 4972544 以上のはず) ---
--- オラクル 174行 ---
PASS: 174 行すべて一致
  手数別局面数の合計: 96802868
--- dat/ のバイト比較 (#24 本走と): 213 ファイル / 1974425336 バイト / 一致 ---
--- 件数の列を #24 本走と照合 ---
r2a_old_forward.tsv: 74 ラウンド（#24 は 74）/ 件数の列 一致
=== 完了 r2a_old 2026-09-27T15:48:47+00:00 ===
--- r2b_new の前のノード0: 2 MiB 以上の空きブロック 17.84 GiB (しきい値 16) ---
=== 開始 r2b_new (new: impl/25_huge_retreat (so sha256 ed5df6fa4b89)) 2026-09-27T15:48:47+00:00 ===
=== 終了 r2b_new 2026-09-27T15:51:31+00:00 (exit=0) ===
	Elapsed (wall clock) time (h:mm:ss or m:ss): 2:44.10
	Maximum resident set size (kbytes): 14517088
	Minor (reclaiming a frame) page faults: 3718434
全探索の所要時間：78.3914 秒
P2	45.4382 P4_count	5.2335 P4_scatter	10.6862 P4	15.9197 loop174	14.7745 anonhuge_loop_kB	4972544 
--- thp_fault_fallback の前後差: 0 ---
--- anonhuge_loop_kB: 4972544 (new 腕は 4972544 以上のはず) ---
--- オラクル 174行 ---
PASS: 174 行すべて一致
  手数別局面数の合計: 96802868
--- dat/ のバイト比較 (#24 本走と): 213 ファイル / 1974425336 バイト / 一致 ---
--- 件数の列を #24 本走と照合 ---
r2b_new_forward.tsv: 74 ラウンド（#24 は 74）/ 件数の列 一致
=== 完了 r2b_new 2026-09-27T15:51:37+00:00 ===
--- r2c_new の前のノード0: 2 MiB 以上の空きブロック 17.79 GiB (しきい値 16) ---
=== 開始 r2c_new (new: impl/25_huge_retreat (so sha256 ed5df6fa4b89)) 2026-09-27T15:51:37+00:00 ===
=== 終了 r2c_new 2026-09-27T15:54:21+00:00 (exit=0) ===
	Elapsed (wall clock) time (h:mm:ss or m:ss): 2:43.93
	Maximum resident set size (kbytes): 14517084
	Minor (reclaiming a frame) page faults: 3718431
全探索の所要時間：78.6843 秒
P2	45.4215 P4_count	5.1220 P4_scatter	10.6066 P4	15.7287 loop174	14.4431 anonhuge_loop_kB	4972544 
--- thp_fault_fallback の前後差: 0 ---
--- anonhuge_loop_kB: 4972544 (new 腕は 4972544 以上のはず) ---
--- オラクル 174行 ---
PASS: 174 行すべて一致
  手数別局面数の合計: 96802868
--- dat/ のバイト比較 (#24 本走と): 213 ファイル / 1974425336 バイト / 一致 ---
--- 件数の列を #24 本走と照合 ---
r2c_new_forward.tsv: 74 ラウンド（#24 は 74）/ 件数の列 一致
=== 完了 r2c_new 2026-09-27T15:54:27+00:00 ===
--- r2d_old の前のノード0: 2 MiB 以上の空きブロック 17.74 GiB (しきい値 16) ---
=== 開始 r2d_old (old: impl/24_reuse_buffers + instr + release (so sha256 41a8a7f07f25)) 2026-09-27T15:54:27+00:00 ===
=== 終了 r2d_old 2026-09-27T15:57:16+00:00 (exit=0) ===
	Elapsed (wall clock) time (h:mm:ss or m:ss): 2:48.90
	Maximum resident set size (kbytes): 14515696
	Minor (reclaiming a frame) page faults: 5026717
全探索の所要時間：77.4626 秒
P2	46.0481 P4_count	6.2349 P4_scatter	12.9622 P4	19.1970 loop174	16.2151 anonhuge_loop_kB	0 
--- thp_fault_fallback の前後差: 0 ---
--- anonhuge_loop_kB: 0 (new 腕は 4972544 以上のはず) ---
--- オラクル 174行 ---
PASS: 174 行すべて一致
  手数別局面数の合計: 96802868
--- dat/ のバイト比較 (#24 本走と): 213 ファイル / 1974425336 バイト / 一致 ---
--- 件数の列を #24 本走と照合 ---
r2d_old_forward.tsv: 74 ラウンド（#24 は 74）/ 件数の列 一致
=== 完了 r2d_old 2026-09-27T15:57:21+00:00 ===
--- r3a_old の前のノード0: 2 MiB 以上の空きブロック 17.68 GiB (しきい値 16) ---
=== 開始 r3a_old (old: impl/24_reuse_buffers + instr + release (so sha256 41a8a7f07f25)) 2026-09-27T15:57:22+00:00 ===
=== 終了 r3a_old 2026-09-27T16:00:11+00:00 (exit=0) ===
	Elapsed (wall clock) time (h:mm:ss or m:ss): 2:49.49
	Maximum resident set size (kbytes): 14515692
	Minor (reclaiming a frame) page faults: 5026719
全探索の所要時間：77.9375 秒
P2	46.0604 P4_count	6.2682 P4_scatter	12.9310 P4	19.1992 loop174	16.2650 anonhuge_loop_kB	0 
--- thp_fault_fallback の前後差: 0 ---
--- anonhuge_loop_kB: 0 (new 腕は 4972544 以上のはず) ---
--- オラクル 174行 ---
PASS: 174 行すべて一致
  手数別局面数の合計: 96802868
--- dat/ のバイト比較 (#24 本走と): 213 ファイル / 1974425336 バイト / 一致 ---
--- 件数の列を #24 本走と照合 ---
r3a_old_forward.tsv: 74 ラウンド（#24 は 74）/ 件数の列 一致
=== 完了 r3a_old 2026-09-27T16:00:17+00:00 ===
--- r3b_new の前のノード0: 2 MiB 以上の空きブロック 17.59 GiB (しきい値 16) ---
=== 開始 r3b_new (new: impl/25_huge_retreat (so sha256 ed5df6fa4b89)) 2026-09-27T16:00:17+00:00 ===
=== 終了 r3b_new 2026-09-27T16:03:01+00:00 (exit=0) ===
	Elapsed (wall clock) time (h:mm:ss or m:ss): 2:43.42
	Maximum resident set size (kbytes): 14517084
	Minor (reclaiming a frame) page faults: 3718432
全探索の所要時間：78.4241 秒
P2	45.1460 P4_count	5.1386 P4_scatter	10.5834 P4	15.7220 loop174	14.5846 anonhuge_loop_kB	4972544 
--- thp_fault_fallback の前後差: 0 ---
--- anonhuge_loop_kB: 4972544 (new 腕は 4972544 以上のはず) ---
--- オラクル 174行 ---
PASS: 174 行すべて一致
  手数別局面数の合計: 96802868
--- dat/ のバイト比較 (#24 本走と): 213 ファイル / 1974425336 バイト / 一致 ---
--- 件数の列を #24 本走と照合 ---
r3b_new_forward.tsv: 74 ラウンド（#24 は 74）/ 件数の列 一致
=== 完了 r3b_new 2026-09-27T16:03:06+00:00 ===
--- r3c_new の前のノード0: 2 MiB 以上の空きブロック 17.55 GiB (しきい値 16) ---
=== 開始 r3c_new (new: impl/25_huge_retreat (so sha256 ed5df6fa4b89)) 2026-09-27T16:03:07+00:00 ===
=== 終了 r3c_new 2026-09-27T16:05:50+00:00 (exit=0) ===
	Elapsed (wall clock) time (h:mm:ss or m:ss): 2:43.21
	Maximum resident set size (kbytes): 14516872
	Minor (reclaiming a frame) page faults: 3718428
全探索の所要時間：78.2684 秒
P2	45.1442 P4_count	5.1368 P4_scatter	10.5969 P4	15.7337 loop174	14.5029 anonhuge_loop_kB	4972544 
--- thp_fault_fallback の前後差: 0 ---
--- anonhuge_loop_kB: 4972544 (new 腕は 4972544 以上のはず) ---
--- オラクル 174行 ---
PASS: 174 行すべて一致
  手数別局面数の合計: 96802868
--- dat/ のバイト比較 (#24 本走と): 213 ファイル / 1974425336 バイト / 一致 ---
--- 件数の列を #24 本走と照合 ---
r3c_new_forward.tsv: 74 ラウンド（#24 は 74）/ 件数の列 一致
=== 完了 r3c_new 2026-09-27T16:05:55+00:00 ===
--- r3d_old の前のノード0: 2 MiB 以上の空きブロック 17.50 GiB (しきい値 16) ---
=== 開始 r3d_old (old: impl/24_reuse_buffers + instr + release (so sha256 41a8a7f07f25)) 2026-09-27T16:05:56+00:00 ===
=== 終了 r3d_old 2026-09-27T16:08:45+00:00 (exit=0) ===
	Elapsed (wall clock) time (h:mm:ss or m:ss): 2:48.95
	Maximum resident set size (kbytes): 14515264
	Minor (reclaiming a frame) page faults: 5026717
全探索の所要時間：77.6007 秒
P2	46.1801 P4_count	6.2198 P4_scatter	12.8798 P4	19.0997 loop174	16.0310 anonhuge_loop_kB	0 
--- thp_fault_fallback の前後差: 0 ---
--- anonhuge_loop_kB: 0 (new 腕は 4972544 以上のはず) ---
--- オラクル 174行 ---
PASS: 174 行すべて一致
  手数別局面数の合計: 96802868
--- dat/ のバイト比較 (#24 本走と): 213 ファイル / 1974425336 バイト / 一致 ---
--- 件数の列を #24 本走と照合 ---
r3d_old_forward.tsv: 74 ラウンド（#24 は 74）/ 件数の列 一致
=== 完了 r3d_old 2026-09-27T16:08:50+00:00 ===
=== 全12本 完了 2026-09-27T16:08:50+00:00 ===
