./dat/unexplored000.pickle を探索
探索盤面数：1
勝ち盤面数：0, 負け盤面数：0, 未知盤面数：1
新状態数 (重複排除前)：4
新状態数 (重複排除後)：4
総未知盤面数：1, 総勝ち盤面数：0, 総負け盤面数：0
2026-09-20 06:36:20
00時間00分00秒経過
./dat/unexplored000.pickle を探索
探索盤面数：4
勝ち盤面数：0, 負け盤面数：0, 未知盤面数：4
新状態数 (重複排除前)：17
新状態数 (重複排除後)：17
総未知盤面数：5, 総勝ち盤面数：0, 総負け盤面数：0
2026-09-20 06:36:20
00時間00分00秒経過
./dat/unexplored000.pickle を探索
探索盤面数：17
勝ち盤面数：4, 負け盤面数：0, 未知盤面数：13
新状態数 (重複排除前)：96
新状態数 (重複排除後)：82
総未知盤面数：18, 総勝ち盤面数：4, 総負け盤面数：0
2026-09-20 06:36:20
00時間00分00秒経過
./dat/unexplored000.pickle を探索
探索盤面数：82
勝ち盤面数：24, 負け盤面数：0, 未知盤面数：58
新状態数 (重複排除前)：510
新状態数 (重複排除後)：447
総未知盤面数：76, 総勝ち盤面数：28, 総負け盤面数：0
2026-09-20 06:36:20
00時間00分00秒経過
./dat/unexplored000.pickle を探索
探索盤面数：447
勝ち盤面数：131, 負け盤面数：0, 未知盤面数：316
新状態数 (重複排除前)：2509
新状態数 (重複排除後)：1960
総未知盤面数：392, 総勝ち盤面数：159, 総負け盤面数：0
2026-09-20 06:36:20
00時間00分00秒経過
./dat/unexplored000.pickle を探索
探索盤面数：1960
勝ち盤面数：687, 負け盤面数：2, 未知盤面数：1271
新状態数 (重複排除前)：10840
新状態数 (重複排除後)：7714
総未知盤面数：1663, 総勝ち盤面数：846, 総負け盤面数：2
2026-09-20 06:36:20
00時間00分00秒経過
./dat/unexplored000.pickle を探索
探索盤面数：7714
勝ち盤面数：3005, 負け盤面数：15, 未知盤面数：4694
新状態数 (重複排除前)：43237
新状態数 (重複排除後)：28583
総未知盤面数：6357, 総勝ち盤面数：3851, 総負け盤面数：17
2026-09-20 06:36:20
00時間00分00秒経過
./dat/unexplored000.pickle を探索
探索盤面数：28583
勝ち盤面数：10041, 負け盤面数：41, 未知盤面数：18501
新状態数 (重複排除前)：169739
新状態数 (重複排除後)：106762
総未知盤面数：24858, 総勝ち盤面数：13892, 総負け盤面数：58
2026-09-20 06:36:20
00時間00分00秒経過
./dat/unexplored000.pickle を探索
探索盤面数：106762
勝ち盤面数：41609, 負け盤面数：225, 未知盤面数：64928
新状態数 (重複排除前)：610934
新状態数 (重複排除後)：346184
総未知盤面数：89786, 総勝ち盤面数：55501, 総負け盤面数：283
2026-09-20 06:36:20
00時間00分00秒経過
./dat/unexplored000.pickle を探索
探索盤面数：346184
勝ち盤面数：128314, 負け盤面数：794, 未知盤面数：217076
新状態数 (重複排除前)：2070403
新状態数 (重複排除後)：1095851
総未知盤面数：306862, 総勝ち盤面数：183815, 総負け盤面数：1077
2026-09-20 06:36:21
00時間00分01秒経過
./dat/unexplored000.pickle を探索
探索盤面数：1095851
勝ち盤面数：441814, 負け盤面数：4375, 未知盤面数：649662
新状態数 (重複排除前)：6408513
新状態数 (重複排除後)：2954532
総未知盤面数：956524, 総勝ち盤面数：625629, 総負け盤面数：5452
2026-09-20 06:36:24
00時間00分04秒経過
./dat/unexplored000.pickle を探索
探索盤面数：2954532
勝ち盤面数：1185217, 負け盤面数：16239, 未知盤面数：1753076
新状態数 (重複排除前)：17195492
新状態数 (重複排除後)：7196129
総未知盤面数：2709600, 総勝ち盤面数：1810846, 総負け盤面数：21691
2026-09-20 06:36:34
00時間00分13秒経過
./dat/unexplored000.pickle を探索
探索盤面数：5000000
勝ち盤面数：2148862, 負け盤面数：37267, 未知盤面数：2813871
新状態数 (重複排除前)：27966929
新状態数 (重複排除後)：11258320
総未知盤面数：5523471, 総勝ち盤面数：3959708, 総負け盤面数：58958
2026-09-20 06:36:51
00時間00分31秒経過
./dat/unexplored001.pickle を探索
探索盤面数：5000000
勝ち盤面数：2135111, 負け盤面数：48453, 未知盤面数：2816436
新状態数 (重複排除前)：28082321
新状態数 (重複排除後)：10588851
総未知盤面数：8339907, 総勝ち盤面数：6094819, 総負け盤面数：107411
2026-09-20 06:37:08
00時間00分48秒経過
./dat/unexplored002.pickle を探索
探索盤面数：5000000
勝ち盤面数：2102873, 負け盤面数：50061, 未知盤面数：2847066
新状態数 (重複排除前)：27749883
新状態数 (重複排除後)：8609009
総未知盤面数：11186973, 総勝ち盤面数：8197692, 総負け盤面数：157472
2026-09-20 06:37:25
00時間01分05秒経過
./dat/unexplored003.pickle を探索
探索盤面数：5000000
勝ち盤面数：2293358, 負け盤面数：66863, 未知盤面数：2639779
新状態数 (重複排除前)：26263198
新状態数 (重複排除後)：7617910
総未知盤面数：13826752, 総勝ち盤面数：10491050, 総負け盤面数：224335
2026-09-20 06:37:39
00時間01分19秒経過
./dat/unexplored004.pickle を探索
探索盤面数：5000000
勝ち盤面数：2304312, 負け盤面数：67543, 未知盤面数：2628145
新状態数 (重複排除前)：25625306
新状態数 (重複排除後)：8163786
総未知盤面数：16454897, 総勝ち盤面数：12795362, 総負け盤面数：291878
2026-09-20 06:37:53
00時間01分33秒経過
./dat/unexplored005.pickle を探索
探索盤面数：5000000
勝ち盤面数：2369944, 負け盤面数：75813, 未知盤面数：2554243
新状態数 (重複排除前)：25138004
新状態数 (重複排除後)：6407133
総未知盤面数：19009140, 総勝ち盤面数：15165306, 総負け盤面数：367691
2026-09-20 06:38:06
00時間01分46秒経過
./dat/unexplored006.pickle を探索
探索盤面数：5000000
勝ち盤面数：2520494, 負け盤面数：88392, 未知盤面数：2391114
新状態数 (重複排除前)：23079484
新状態数 (重複排除後)：5852301
総未知盤面数：21400254, 総勝ち盤面数：17685800, 総負け盤面数：456083
2026-09-20 06:38:25
00時間02分04秒経過
./dat/unexplored007.pickle を探索
探索盤面数：5000000
勝ち盤面数：2609982, 負け盤面数：98963, 未知盤面数：2291055
新状態数 (重複排除前)：22192998
新状態数 (重複排除後)：5778307
総未知盤面数：23691309, 総勝ち盤面数：20295782, 総負け盤面数：555046
2026-09-20 06:38:35
00時間02分15秒経過
./dat/unexplored008.pickle を探索
探索盤面数：5000000
勝ち盤面数：2616387, 負け盤面数：102427, 未知盤面数：2281186
新状態数 (重複排除前)：21815516
新状態数 (重複排除後)：5595654
総未知盤面数：25972495, 総勝ち盤面数：22912169, 総負け盤面数：657473
2026-09-20 06:38:48
00時間02分28秒経過
./dat/unexplored009.pickle を探索
探索盤面数：5000000
勝ち盤面数：2397555, 負け盤面数：90973, 未知盤面数：2511472
新状態数 (重複排除前)：23460006
新状態数 (重複排除後)：6521830
総未知盤面数：28483967, 総勝ち盤面数：25309724, 総負け盤面数：748446
2026-09-20 06:39:00
00時間02分40秒経過
./dat/unexplored010.pickle を探索
探索盤面数：5000000
勝ち盤面数：2590651, 負け盤面数：102695, 未知盤面数：2306654
新状態数 (重複排除前)：21576523
新状態数 (重複排除後)：5016962
総未知盤面数：30790621, 総勝ち盤面数：27900375, 総負け盤面数：851141
2026-09-20 06:39:14
00時間02分53秒経過
./dat/unexplored011.pickle を探索
探索盤面数：5000000
勝ち盤面数：2713165, 負け盤面数：115381, 未知盤面数：2171454
新状態数 (重複排除前)：20159680
新状態数 (重複排除後)：4472131
総未知盤面数：32962075, 総勝ち盤面数：30613540, 総負け盤面数：966522
2026-09-20 06:39:25
00時間03分05秒経過
./dat/unexplored012.pickle を探索
探索盤面数：5000000
勝ち盤面数：2790892, 負け盤面数：126142, 未知盤面数：2082966
新状態数 (重複排除前)：19130118
新状態数 (重複排除後)：4291365
総未知盤面数：35045041, 総勝ち盤面数：33404432, 総負け盤面数：1092664
2026-09-20 06:39:38
00時間03分18秒経過
./dat/unexplored013.pickle を探索
探索盤面数：5000000
勝ち盤面数：2828276, 負け盤面数：139409, 未知盤面数：2032315
新状態数 (重複排除前)：19006053
新状態数 (重複排除後)：4839708
総未知盤面数：37077356, 総勝ち盤面数：36232708, 総負け盤面数：1232073
2026-09-20 06:39:48
00時間03分27秒経過
./dat/unexplored014.pickle を探索
探索盤面数：5000000
勝ち盤面数：2828424, 負け盤面数：145533, 未知盤面数：2026043
新状態数 (重複排除前)：18910948
新状態数 (重複排除後)：4590600
総未知盤面数：39103399, 総勝ち盤面数：39061132, 総負け盤面数：1377606
2026-09-20 06:39:59
00時間03分38秒経過
./dat/unexplored015.pickle を探索
探索盤面数：5000000
勝ち盤面数：2808501, 負け盤面数：156973, 未知盤面数：2034526
新状態数 (重複排除前)：18733565
新状態数 (重複排除後)：4407111
総未知盤面数：41137925, 総勝ち盤面数：41869633, 総負け盤面数：1534579
2026-09-20 06:40:11
00時間03分51秒経過
./dat/unexplored016.pickle を探索
探索盤面数：5000000
勝ち盤面数：2893863, 負け盤面数：170141, 未知盤面数：1935996
新状態数 (重複排除前)：17756687
新状態数 (重複排除後)：3863738
総未知盤面数：43073921, 総勝ち盤面数：44763496, 総負け盤面数：1704720
2026-09-20 06:40:20
00時間04分00秒経過
./dat/unexplored017.pickle を探索
探索盤面数：5000000
勝ち盤面数：3057245, 負け盤面数：174424, 未知盤面数：1768331
新状態数 (重複排除前)：16301388
新状態数 (重複排除後)：3663722
総未知盤面数：44842252, 総勝ち盤面数：47820741, 総負け盤面数：1879144
2026-09-20 06:40:30
00時間04分10秒経過
./dat/unexplored018.pickle を探索
探索盤面数：5000000
勝ち盤面数：3087034, 負け盤面数：187478, 未知盤面数：1725488
新状態数 (重複排除前)：15765786
新状態数 (重複排除後)：3567636
総未知盤面数：46567740, 総勝ち盤面数：50907775, 総負け盤面数：2066622
2026-09-20 06:40:44
00時間04分23秒経過
./dat/unexplored019.pickle を探索
探索盤面数：5000000
勝ち盤面数：2941750, 負け盤面数：205942, 未知盤面数：1852308
新状態数 (重複排除前)：16770388
新状態数 (重複排除後)：4360293
総未知盤面数：48420048, 総勝ち盤面数：53849525, 総負け盤面数：2272564
2026-09-20 06:40:54
00時間04分34秒経過
./dat/unexplored020.pickle を探索
探索盤面数：5000000
勝ち盤面数：2928251, 負け盤面数：208325, 未知盤面数：1863424
新状態数 (重複排除前)：16767684
新状態数 (重複排除後)：4197199
総未知盤面数：50283472, 総勝ち盤面数：56777776, 総負け盤面数：2480889
2026-09-20 06:41:11
00時間04分51秒経過
./dat/unexplored021.pickle を探索
探索盤面数：5000000
勝ち盤面数：2926377, 負け盤面数：205763, 未知盤面数：1867860
新状態数 (重複排除前)：16718159
新状態数 (重複排除後)：4171997
総未知盤面数：52151332, 総勝ち盤面数：59704153, 総負け盤面数：2686652
2026-09-20 06:41:19
00時間04分59秒経過
./dat/unexplored022.pickle を探索
探索盤面数：5000000
勝ち盤面数：2969767, 負け盤面数：212228, 未知盤面数：1818005
新状態数 (重複排除前)：16384280
新状態数 (重複排除後)：3952162
総未知盤面数：53969337, 総勝ち盤面数：62673920, 総負け盤面数：2898880
2026-09-20 06:41:28
00時間05分08秒経過
./dat/unexplored023.pickle を探索
探索盤面数：5000000
勝ち盤面数：3003555, 負け盤面数：212894, 未知盤面数：1783551
新状態数 (重複排除前)：16250057
新状態数 (重複排除後)：4223621
総未知盤面数：55752888, 総勝ち盤面数：65677475, 総負け盤面数：3111774
2026-09-20 06:41:42
00時間05分22秒経過
./dat/unexplored024.pickle を探索
探索盤面数：5000000
勝ち盤面数：2957839, 負け盤面数：244183, 未知盤面数：1797978
新状態数 (重複排除前)：16560853
新状態数 (重複排除後)：4415364
総未知盤面数：57550866, 総勝ち盤面数：68635314, 総負け盤面数：3355957
2026-09-20 06:41:53
00時間05分32秒経過
./dat/unexplored025.pickle を探索
探索盤面数：5000000
勝ち盤面数：2978488, 負け盤面数：249104, 未知盤面数：1772408
新状態数 (重複排除前)：16605246
新状態数 (重複排除後)：4240670
総未知盤面数：59323274, 総勝ち盤面数：71613802, 総負け盤面数：3605061
2026-09-20 06:42:04
00時間05分44秒経過
./dat/unexplored026.pickle を探索
探索盤面数：5000000
勝ち盤面数：3017033, 負け盤面数：226166, 未知盤面数：1756801
新状態数 (重複排除前)：16533736
新状態数 (重複排除後)：4136744
総未知盤面数：61080075, 総勝ち盤面数：74630835, 総負け盤面数：3831227
2026-09-20 06:42:16
00時間05分56秒経過
./dat/unexplored027.pickle を探索
探索盤面数：5000000
勝ち盤面数：3053183, 負け盤面数：206017, 未知盤面数：1740800
新状態数 (重複排除前)：16492020
新状態数 (重複排除後)：4400353
総未知盤面数：62820875, 総勝ち盤面数：77684018, 総負け盤面数：4037244
2026-09-20 06:42:26
00時間06分05秒経過
./dat/unexplored028.pickle を探索
探索盤面数：5000000
勝ち盤面数：2927760, 負け盤面数：194428, 未知盤面数：1877812
新状態数 (重複排除前)：17908435
新状態数 (重複排除後)：4903208
総未知盤面数：64698687, 総勝ち盤面数：80611778, 総負け盤面数：4231672
2026-09-20 06:42:36
00時間06分16秒経過
./dat/unexplored029.pickle を探索
探索盤面数：5000000
勝ち盤面数：2851920, 負け盤面数：181523, 未知盤面数：1966557
新状態数 (重複排除前)：18517776
新状態数 (重複排除後)：4988666
総未知盤面数：66665244, 総勝ち盤面数：83463698, 総負け盤面数：4413195
2026-09-20 06:42:48
00時間06分28秒経過
./dat/unexplored030.pickle を探索
探索盤面数：5000000
勝ち盤面数：2823539, 負け盤面数：161794, 未知盤面数：2014667
新状態数 (重複排除前)：19030686
新状態数 (重複排除後)：4913039
総未知盤面数：68679911, 総勝ち盤面数：86287237, 総負け盤面数：4574989
2026-09-20 06:42:58
00時間06分38秒経過
./dat/unexplored031.pickle を探索
探索盤面数：5000000
勝ち盤面数：2742707, 負け盤面数：132504, 未知盤面数：2124789
新状態数 (重複排除前)：20505078
新状態数 (重複排除後)：5204805
総未知盤面数：70804700, 総勝ち盤面数：89029944, 総負け盤面数：4707493
2026-09-20 06:43:10
00時間06分50秒経過
./dat/unexplored032.pickle を探索
探索盤面数：5000000
勝ち盤面数：2753743, 負け盤面数：134252, 未知盤面数：2112005
新状態数 (重複排除前)：20269736
新状態数 (重複排除後)：4964576
総未知盤面数：72916705, 総勝ち盤面数：91783687, 総負け盤面数：4841745
2026-09-20 06:43:19
00時間06分59秒経過
./dat/unexplored033.pickle を探索
探索盤面数：5000000
勝ち盤面数：2875948, 負け盤面数：132020, 未知盤面数：1992032
新状態数 (重複排除前)：19296324
新状態数 (重複排除後)：4524595
総未知盤面数：74908737, 総勝ち盤面数：94659635, 総負け盤面数：4973765
2026-09-20 06:43:30
00時間07分10秒経過
./dat/unexplored034.pickle を探索
探索盤面数：5000000
勝ち盤面数：2939322, 負け盤面数：130998, 未知盤面数：1929680
新状態数 (重複排除前)：18433768
新状態数 (重複排除後)：4185034
総未知盤面数：76838417, 総勝ち盤面数：97598957, 総負け盤面数：5104763
2026-09-20 06:43:46
00時間07分25秒経過
./dat/unexplored035.pickle を探索
探索盤面数：5000000
勝ち盤面数：2937509, 負け盤面数：128894, 未知盤面数：1933597
新状態数 (重複排除前)：18416010
新状態数 (重複排除後)：4295935
総未知盤面数：78772014, 総勝ち盤面数：100536466, 総負け盤面数：5233657
2026-09-20 06:43:58
00時間07分38秒経過
./dat/unexplored036.pickle を探索
探索盤面数：5000000
勝ち盤面数：2920573, 負け盤面数：114659, 未知盤面数：1964768
新状態数 (重複排除前)：18515145
新状態数 (重複排除後)：4362680
総未知盤面数：80736782, 総勝ち盤面数：103457039, 総負け盤面数：5348316
2026-09-20 06:44:12
00時間07分52秒経過
./dat/unexplored037.pickle を探索
探索盤面数：5000000
勝ち盤面数：2946992, 負け盤面数：118642, 未知盤面数：1934366
新状態数 (重複排除前)：17951711
新状態数 (重複排除後)：4102358
総未知盤面数：82671148, 総勝ち盤面数：106404031, 総負け盤面数：5466958
2026-09-20 06:44:22
00時間08分02秒経過
./dat/unexplored038.pickle を探索
探索盤面数：5000000
勝ち盤面数：2969924, 負け盤面数：110481, 未知盤面数：1919595
新状態数 (重複排除前)：17739306
新状態数 (重複排除後)：4075995
総未知盤面数：84590743, 総勝ち盤面数：109373955, 総負け盤面数：5577439
2026-09-20 06:44:34
00時間08分13秒経過
./dat/unexplored039.pickle を探索
探索盤面数：5000000
勝ち盤面数：3063479, 負け盤面数：112620, 未知盤面数：1823901
新状態数 (重複排除前)：17113821
新状態数 (重複排除後)：3772335
総未知盤面数：86414644, 総勝ち盤面数：112437434, 総負け盤面数：5690059
2026-09-20 06:44:45
00時間08分25秒経過
./dat/unexplored040.pickle を探索
探索盤面数：5000000
勝ち盤面数：3226349, 負け盤面数：132796, 未知盤面数：1640855
新状態数 (重複排除前)：15444355
新状態数 (重複排除後)：3312663
総未知盤面数：88055499, 総勝ち盤面数：115663783, 総負け盤面数：5822855
2026-09-20 06:44:57
00時間08分37秒経過
./dat/unexplored041.pickle を探索
探索盤面数：5000000
勝ち盤面数：3274133, 負け盤面数：166220, 未知盤面数：1559647
新状態数 (重複排除前)：14443773
新状態数 (重複排除後)：3161702
総未知盤面数：89615146, 総勝ち盤面数：118937916, 総負け盤面数：5989075
2026-09-20 06:45:09
00時間08分49秒経過
./dat/unexplored042.pickle を探索
探索盤面数：5000000
勝ち盤面数：3245534, 負け盤面数：188011, 未知盤面数：1566455
新状態数 (重複排除前)：14633227
新状態数 (重複排除後)：3281939
総未知盤面数：91181601, 総勝ち盤面数：122183450, 総負け盤面数：6177086
2026-09-20 06:45:20
00時間09分00秒経過
./dat/unexplored043.pickle を探索
探索盤面数：5000000
勝ち盤面数：3232198, 負け盤面数：196309, 未知盤面数：1571493
新状態数 (重複排除前)：14281070
新状態数 (重複排除後)：3329106
総未知盤面数：92753094, 総勝ち盤面数：125415648, 総負け盤面数：6373395
2026-09-20 06:45:32
00時間09分12秒経過
./dat/unexplored044.pickle を探索
探索盤面数：5000000
勝ち盤面数：3357436, 負け盤面数：182337, 未知盤面数：1460227
新状態数 (重複排除前)：13494548
新状態数 (重複排除後)：3052115
総未知盤面数：94213321, 総勝ち盤面数：128773084, 総負け盤面数：6555732
2026-09-20 06:45:43
00時間09分23秒経過
./dat/unexplored045.pickle を探索
探索盤面数：5000000
勝ち盤面数：3364648, 負け盤面数：181040, 未知盤面数：1454312
新状態数 (重複排除前)：13464248
新状態数 (重複排除後)：3163955
総未知盤面数：95667633, 総勝ち盤面数：132137732, 総負け盤面数：6736772
2026-09-20 06:45:54
00時間09分34秒経過
./dat/unexplored046.pickle を探索
探索盤面数：3995312
勝ち盤面数：2664287, 負け盤面数：106557, 未知盤面数：1224468
新状態数 (重複排除前)：11264829
新状態数 (重複排除後)：2532509
総未知盤面数：96892101, 総勝ち盤面数：134802019, 総負け盤面数：6843329
2026-09-20 06:46:00
00時間09分40秒経過
./dat/unexplored046.pickle を探索
探索盤面数：2532509
勝ち盤面数：1692335, 負け盤面数：48558, 未知盤面数：791616
新状態数 (重複排除前)：7290358
新状態数 (重複排除後)：1786551
総未知盤面数：97683717, 総勝ち盤面数：136494354, 総負け盤面数：6891887
2026-09-20 06:46:06
00時間09分45秒経過
./dat/unexplored046.pickle を探索
探索盤面数：1786551
勝ち盤面数：1169382, 負け盤面数：26877, 未知盤面数：590292
新状態数 (重複排除前)：5470905
新状態数 (重複排除後)：1351916
総未知盤面数：98274009, 総勝ち盤面数：137663736, 総負け盤面数：6918764
2026-09-20 06:46:11
00時間09分50秒経過
./dat/unexplored046.pickle を探索
探索盤面数：1351916
勝ち盤面数：854656, 負け盤面数：22695, 未知盤面数：474565
新状態数 (重複排除前)：4341610
新状態数 (重複排除後)：1079088
総未知盤面数：98748574, 総勝ち盤面数：138518392, 総負け盤面数：6941459
2026-09-20 06:46:15
00時間09分55秒経過
./dat/unexplored046.pickle を探索
探索盤面数：1079088
勝ち盤面数：714949, 負け盤面数：25659, 未知盤面数：338480
新状態数 (重複排除前)：3106640
新状態数 (重複排除後)：714435
総未知盤面数：99087054, 総勝ち盤面数：139233341, 総負け盤面数：6967118
2026-09-20 06:46:20
00時間09分59秒経過
./dat/unexplored046.pickle を探索
探索盤面数：714435
勝ち盤面数：477401, 負け盤面数：21173, 未知盤面数：215861
新状態数 (重複排除前)：1893640
新状態数 (重複排除後)：444566
総未知盤面数：99302915, 総勝ち盤面数：139710742, 総負け盤面数：6988291
2026-09-20 06:46:24
00時間10分03秒経過
./dat/unexplored046.pickle を探索
探索盤面数：444566
勝ち盤面数：322539, 負け盤面数：15270, 未知盤面数：106757
新状態数 (重複排除前)：927081
新状態数 (重複排除後)：206994
総未知盤面数：99409672, 総勝ち盤面数：140033281, 総負け盤面数：7003561
2026-09-20 06:46:27
00時間10分07秒経過
./dat/unexplored046.pickle を探索
探索盤面数：206994
勝ち盤面数：149741, 負け盤面数：8401, 未知盤面数：48852
新状態数 (重複排除前)：404053
新状態数 (重複排除後)：94889
総未知盤面数：99458524, 総勝ち盤面数：140183022, 総負け盤面数：7011962
2026-09-20 06:46:31
00時間10分11秒経過
./dat/unexplored046.pickle を探索
探索盤面数：94889
勝ち盤面数：73379, 負け盤面数：4625, 未知盤面数：16885
新状態数 (重複排除前)：130075
新状態数 (重複排除後)：32903
総未知盤面数：99475409, 総勝ち盤面数：140256401, 総負け盤面数：7016587
2026-09-20 06:46:34
00時間10分14秒経過
./dat/unexplored046.pickle を探索
探索盤面数：32903
勝ち盤面数：25227, 負け盤面数：1390, 未知盤面数：6286
新状態数 (重複排除前)：48229
新状態数 (重複排除後)：12464
総未知盤面数：99481695, 総勝ち盤面数：140281628, 総負け盤面数：7017977
2026-09-20 06:46:38
00時間10分17秒経過
./dat/unexplored046.pickle を探索
探索盤面数：12464
勝ち盤面数：9447, 負け盤面数：747, 未知盤面数：2270
新状態数 (重複排除前)：15652
新状態数 (重複排除後)：5421
総未知盤面数：99483965, 総勝ち盤面数：140291075, 総負け盤面数：7018724
2026-09-20 06:46:41
00時間10分21秒経過
./dat/unexplored046.pickle を探索
探索盤面数：5421
勝ち盤面数：4046, 負け盤面数：205, 未知盤面数：1170
新状態数 (重複排除前)：8249
新状態数 (重複排除後)：2955
総未知盤面数：99485135, 総勝ち盤面数：140295121, 総負け盤面数：7018929
2026-09-20 06:46:44
00時間10分24秒経過
./dat/unexplored046.pickle を探索
探索盤面数：2955
勝ち盤面数：2546, 負け盤面数：55, 未知盤面数：354
新状態数 (重複排除前)：2038
新状態数 (重複排除後)：847
総未知盤面数：99485489, 総勝ち盤面数：140297667, 総負け盤面数：7018984
2026-09-20 06:46:48
00時間10分27秒経過
./dat/unexplored046.pickle を探索
探索盤面数：847
勝ち盤面数：783, 負け盤面数：1, 未知盤面数：63
新状態数 (重複排除前)：317
新状態数 (重複排除後)：148
総未知盤面数：99485552, 総勝ち盤面数：140298450, 総負け盤面数：7018985
2026-09-20 06:46:51
00時間10分31秒経過
./dat/unexplored046.pickle を探索
探索盤面数：148
勝ち盤面数：132, 負け盤面数：0, 未知盤面数：16
新状態数 (重複排除前)：66
新状態数 (重複排除後)：32
総未知盤面数：99485568, 総勝ち盤面数：140298582, 総負け盤面数：7018985
2026-09-20 06:46:54
00時間10分34秒経過
./dat/unexplored046.pickle を探索
探索盤面数：32
勝ち盤面数：32, 負け盤面数：0, 未知盤面数：0
新状態数 (重複排除前)：0
新状態数 (重複排除後)：0
総未知盤面数：99485568, 総勝ち盤面数：140298614, 総負け盤面数：7018985
探索終了
2026-09-20 06:46:58
00時間10分37秒経過
