time_jst	freq_max_mhz	freq_mean_mhz	pkg_temp_c	throttle
2026-09-15T23:53:32	2300	1333	61.0	0
2026-09-15T23:54:32	3407	1329	66.0	0
2026-09-15T23:55:32	2986	1295	66.0	0
2026-09-15T23:56:32	3427	1301	68.0	0
2026-09-15T23:57:32	3492	1341	71.0	0
2026-09-15T23:58:33	3379	1446	69.0	0
2026-09-15T23:59:33	3376	1414	69.0	0
2026-09-16T00:00:33	3336	1368	69.0	0
2026-09-16T00:01:33	3387	1327	69.0	0
2026-09-16T00:02:33	3500	1325	69.0	0
2026-09-16T00:03:33	3492	1407	70.0	0
2026-09-16T00:04:33	3428	1392	70.0	0
2026-09-16T00:05:33	3500	1379	70.0	0
2026-09-16T00:06:33	3492	1334	70.0	0
2026-09-16T00:07:33	3395	1297	70.0	0
2026-09-16T00:08:33	3430	1321	70.0	0
2026-09-16T00:09:33	3393	1335	70.0	0
2026-09-16T00:10:33	3500	1359	70.0	0
2026-09-16T00:11:33	3223	1305	70.0	0
2026-09-16T00:12:33	3432	1341	70.0	0
2026-09-16T00:13:33	3500	1376	74.0	0
2026-09-16T00:14:33	3500	1447	70.0	0
2026-09-16T00:15:33	3375	1312	72.0	0
2026-09-16T00:16:33	3428	1322	70.0	0
2026-09-16T00:17:33	3492	1338	74.0	0
2026-09-16T00:18:33	3445	1313	70.0	0
2026-09-16T00:19:33	3500	1355	70.0	0
2026-09-16T00:20:33	3500	1376	72.0	0
2026-09-16T00:21:33	3492	1355	70.0	0
2026-09-16T00:22:33	3430	1324	70.0	0
2026-09-16T00:23:33	3492	1397	76.0	0
2026-09-16T00:24:33	3412	1320	71.0	0
2026-09-16T00:25:33	3407	1353	73.0	0
2026-09-16T00:26:33	3500	1401	72.0	0
2026-09-16T00:27:33	3420	1351	71.0	0
2026-09-16T00:28:33	3422	1401	72.0	0
2026-09-16T00:29:34	3372	1458	71.0	0
2026-09-16T00:30:34	3492	1390	72.0	0
2026-09-16T00:31:34	3432	1358	71.0	0
2026-09-16T00:32:34	3492	1356	72.0	0
2026-09-16T00:33:34	3492	1407	72.0	0
2026-09-16T00:34:34	3492	1363	72.0	0
2026-09-16T00:35:34	3492	1313	73.0	0
2026-09-16T00:36:34	3492	1357	76.0	0
2026-09-16T00:37:34	3492	1329	76.0	0
2026-09-16T00:38:34	3492	1342	76.0	0
2026-09-16T00:39:34	3492	1359	76.0	0
2026-09-16T00:40:34	3500	1460	73.0	0
2026-09-16T00:41:34	3500	1447	74.0	0
2026-09-16T00:42:34	3258	1364	74.0	0
2026-09-16T00:43:34	3332	1324	74.0	0
2026-09-16T00:44:34	3431	1337	75.0	0
2026-09-16T00:45:34	3500	1365	76.0	0
2026-09-16T00:46:34	3434	1346	76.0	0
2026-09-16T00:47:34	3500	1365	75.0	0
2026-09-16T00:48:34	3492	1315	76.0	0
2026-09-16T00:49:34	3492	1320	72.0	0
2026-09-16T00:50:34	3500	1341	75.0	0
2026-09-16T00:51:34	3500	1302	75.0	0
2026-09-16T00:52:34	3492	1348	75.0	0
2026-09-16T00:53:34	3410	1327	75.0	0
2026-09-16T00:54:34	3441	1358	76.0	0
2026-09-16T00:55:34	3419	1326	76.0	0
2026-09-16T00:56:34	3492	1313	76.0	0
2026-09-16T00:57:34	3492	1298	75.0	0
2026-09-16T00:58:34	3386	1340	75.0	0
2026-09-16T00:59:34	3475	1314	74.0	0
2026-09-16T01:00:35	3282	1334	74.0	0
2026-09-16T01:01:35	3409	1345	75.0	0
2026-09-16T01:02:35	3492	1352	76.0	0
2026-09-16T01:03:35	3492	1355	75.0	0
2026-09-16T01:04:35	3409	1325	75.0	0
2026-09-16T01:05:35	3492	1317	75.0	0
2026-09-16T01:06:35	3429	1314	76.0	0
2026-09-16T01:07:35	3492	1330	73.0	0
2026-09-16T01:08:35	3467	1319	74.0	0
2026-09-16T01:09:35	3492	1318	74.0	0
2026-09-16T01:10:35	3488	1337	76.0	0
2026-09-16T01:11:35	3486	1328	75.0	0
2026-09-16T01:12:35	3410	1365	74.0	0
2026-09-16T01:13:35	3276	1350	74.0	0
2026-09-16T01:14:35	3492	1277	76.0	0
2026-09-16T01:15:35	3492	1339	75.0	0
2026-09-16T01:16:35	3500	1391	74.0	0
2026-09-16T01:17:35	3492	1381	75.0	0
2026-09-16T01:18:35	3322	1320	76.0	0
2026-09-16T01:19:35	3376	1300	74.0	0
2026-09-16T01:20:35	3500	1399	76.0	0
2026-09-16T01:21:35	3492	1325	75.0	0
2026-09-16T01:22:35	3471	1251	76.0	0
2026-09-16T01:23:35	3492	1302	74.0	0
2026-09-16T01:24:35	3492	1335	76.0	0
2026-09-16T01:25:35	3492	1350	74.0	0
2026-09-16T01:26:35	3428	1320	75.0	0
2026-09-16T01:27:35	3424	1315	74.0	0
2026-09-16T01:28:35	3500	1378	74.0	0
2026-09-16T01:29:35	3492	1340	74.0	0
2026-09-16T01:30:35	3500	1570	76.0	0
2026-09-16T01:31:36	3425	1306	74.0	0
2026-09-16T01:32:36	3311	1387	73.0	0
2026-09-16T01:33:36	3234	1346	73.0	0
2026-09-16T01:34:36	3393	1391	76.0	0
2026-09-16T01:35:36	3500	1397	74.0	0
2026-09-16T01:36:36	3492	1325	74.0	0
2026-09-16T01:37:36	3500	1374	74.0	0
2026-09-16T01:38:36	3417	1371	74.0	0
2026-09-16T01:39:36	3492	1328	77.0	0
2026-09-16T01:40:36	3492	1327	74.0	0
2026-09-16T01:41:36	3492	1331	74.0	0
2026-09-16T01:42:36	3338	1351	76.0	0
2026-09-16T01:43:36	3415	1333	73.0	0
2026-09-16T01:44:36	3282	1291	73.0	0
2026-09-16T01:45:36	3369	1296	74.0	0
2026-09-16T01:46:36	3378	1344	73.0	0
2026-09-16T01:47:36	3463	1297	74.0	0
2026-09-16T01:48:36	3480	1297	77.0	0
2026-09-16T01:49:36	3433	1311	76.0	0
2026-09-16T01:50:36	3425	1304	74.0	0
2026-09-16T01:51:36	3492	1334	74.0	0
2026-09-16T01:52:36	3492	1371	76.0	0
2026-09-16T01:53:36	3428	1305	74.0	0
2026-09-16T01:54:36	3426	1342	76.0	0
2026-09-16T01:55:36	3492	1328	74.0	0
2026-09-16T01:56:36	3500	1358	77.0	0
2026-09-16T01:57:36	3492	1283	74.0	0
