ディスクから読んだ発見済み盤面：1
再構築時間：00時間00分00秒
総未知盤面数：99485568, 総勝ち盤面数：140298614, 総負け盤面数：7018985
00時間40分43秒で全探索終了
常駐させた勝ち盤面：140298614
読み込み時間：00時間01分22秒
常駐させた未知盤面：99485568 (20 チャンク)
未知盤面の読み込み時間：00時間00分27秒
####################################################################################################
  1手勝ち盤面総数 (キャッチ除く)：9118571
所要時間：00時間04分29秒
####################################################################################################
  2手負け盤面総数：9343557
所要時間：00時間04分39秒
####################################################################################################
  3手勝ち盤面総数：11574858
所要時間：00時間04分24秒
####################################################################################################
  4手負け盤面総数：5625607
所要時間：00時間03分49秒
####################################################################################################
  5手勝ち盤面総数：7758524
所要時間：00時間03分43秒
####################################################################################################
  6手負け盤面総数：4431632
所要時間：00時間03分13秒
####################################################################################################
  7手勝ち盤面総数：5806000
所要時間：00時間02分50秒
####################################################################################################
  8手負け盤面総数：3553141
所要時間：00時間02分37秒
####################################################################################################
  9手勝ち盤面総数：4374554
所要時間：00時間02分15秒
####################################################################################################
 10手負け盤面総数：3049518
所要時間：00時間02分15秒
####################################################################################################
 11手勝ち盤面総数：3385884
所要時間：00時間01分52秒
####################################################################################################
 12手負け盤面総数：2471063
所要時間：00時間01分55秒
####################################################################################################
 13手勝ち盤面総数：2601564
所要時間：00時間01分35秒
####################################################################################################
 14手負け盤面総数：2004440
所要時間：00時間01分39秒
####################################################################################################
 15手勝ち盤面総数：2050005
所要時間：00時間01分17秒
####################################################################################################
 16手負け盤面総数：1640784
所要時間：00時間01分24秒
####################################################################################################
 17手勝ち盤面総数：1625762
所要時間：00時間01分04秒
####################################################################################################
 18手負け盤面総数：1339578
所要時間：00時間01分14秒
####################################################################################################
 19手勝ち盤面総数：1302365
所要時間：00時間00分54秒
####################################################################################################
 20手負け盤面総数：1097606
所要時間：00時間01分04秒
####################################################################################################
 21手勝ち盤面総数：1056182
所要時間：00時間00分45秒
####################################################################################################
 22手負け盤面総数：907570
所要時間：00時間00分56秒
####################################################################################################
 23手勝ち盤面総数：879839
所要時間：00時間00分39秒
####################################################################################################
 24手負け盤面総数：755530
所要時間：00時間00分50秒
####################################################################################################
 25手勝ち盤面総数：738685
所要時間：00時間00分33秒
####################################################################################################
 26手負け盤面総数：629301
所要時間：00時間00分44秒
####################################################################################################
 27手勝ち盤面総数：622759
所要時間：00時間00分29秒
####################################################################################################
 28手負け盤面総数：523600
所要時間：00時間00分39秒
####################################################################################################
 29手勝ち盤面総数：532465
所要時間：00時間00分25秒
####################################################################################################
 30手負け盤面総数：445492
所要時間：00時間00分35秒
####################################################################################################
 31手勝ち盤面総数：447388
所要時間：00時間00分23秒
####################################################################################################
 32手負け盤面総数：368549
所要時間：00時間00分32秒
####################################################################################################
 33手勝ち盤面総数：371249
所要時間：00時間00分20秒
####################################################################################################
 34手負け盤面総数：297087
所要時間：00時間00分28秒
####################################################################################################
 35手勝ち盤面総数：307586
所要時間：00時間00分18秒
####################################################################################################
 36手負け盤面総数：243038
所要時間：00時間00分26秒
####################################################################################################
 37手勝ち盤面総数：251833
所要時間：00時間00分17秒
####################################################################################################
 38手負け盤面総数：200882
所要時間：00時間00分24秒
####################################################################################################
 39手勝ち盤面総数：213800
所要時間：00時間00分15秒
####################################################################################################
 40手負け盤面総数：172590
所要時間：00時間00分22秒
####################################################################################################
 41手勝ち盤面総数：182828
所要時間：00時間00分14秒
####################################################################################################
 42手負け盤面総数：146435
所要時間：00時間00分21秒
####################################################################################################
 43手勝ち盤面総数：152949
所要時間：00時間00分13秒
####################################################################################################
 44手負け盤面総数：128339
所要時間：00時間00分20秒
####################################################################################################
 45手勝ち盤面総数：129336
所要時間：00時間00分12秒
####################################################################################################
 46手負け盤面総数：108732
所要時間：00時間00分19秒
####################################################################################################
 47手勝ち盤面総数：106630
所要時間：00時間00分11秒
####################################################################################################
 48手負け盤面総数：92098
所要時間：00時間00分18秒
####################################################################################################
 49手勝ち盤面総数：92339
所要時間：00時間00分11秒
####################################################################################################
 50手負け盤面総数：78398
所要時間：00時間00分17秒
####################################################################################################
 51手勝ち盤面総数：77965
所要時間：00時間00分11秒
####################################################################################################
 52手負け盤面総数：67957
所要時間：00時間00分16秒
####################################################################################################
 53手勝ち盤面総数：66385
所要時間：00時間00分10秒
####################################################################################################
 54手負け盤面総数：59061
所要時間：00時間00分16秒
####################################################################################################
 55手勝ち盤面総数：54680
所要時間：00時間00分10秒
####################################################################################################
 56手負け盤面総数：48814
所要時間：00時間00分15秒
####################################################################################################
 57手勝ち盤面総数：44427
所要時間：00時間00分09秒
####################################################################################################
 58手負け盤面総数：41216
所要時間：00時間00分15秒
####################################################################################################
 59手勝ち盤面総数：41048
所要時間：00時間00分09秒
####################################################################################################
 60手負け盤面総数：35547
所要時間：00時間00分14秒
####################################################################################################
 61手勝ち盤面総数：36390
所要時間：00時間00分09秒
####################################################################################################
 62手負け盤面総数：32328
所要時間：00時間00分14秒
####################################################################################################
 63手勝ち盤面総数：31802
所要時間：00時間00分09秒
####################################################################################################
 64手負け盤面総数：27666
所要時間：00時間00分14秒
####################################################################################################
 65手勝ち盤面総数：27045
所要時間：00時間00分08秒
####################################################################################################
 66手負け盤面総数：23973
所要時間：00時間00分14秒
####################################################################################################
 67手勝ち盤面総数：24053
所要時間：00時間00分08秒
####################################################################################################
 68手負け盤面総数：22573
所要時間：00時間00分13秒
####################################################################################################
 69手勝ち盤面総数：22373
所要時間：00時間00分08秒
####################################################################################################
 70手負け盤面総数：21037
所要時間：00時間00分13秒
####################################################################################################
 71手勝ち盤面総数：20364
所要時間：00時間00分08秒
####################################################################################################
 72手負け盤面総数：19439
所要時間：00時間00分13秒
####################################################################################################
 73手勝ち盤面総数：20522
所要時間：00時間00分08秒
####################################################################################################
 74手負け盤面総数：19111
所要時間：00時間00分13秒
####################################################################################################
 75手勝ち盤面総数：22325
所要時間：00時間00分08秒
####################################################################################################
 76手負け盤面総数：18396
所要時間：00時間00分13秒
####################################################################################################
 77手勝ち盤面総数：20488
所要時間：00時間00分08秒
####################################################################################################
 78手負け盤面総数：16274
所要時間：00時間00分13秒
####################################################################################################
 79手勝ち盤面総数：18914
所要時間：00時間00分08秒
####################################################################################################
 80手負け盤面総数：14430
所要時間：00時間00分13秒
####################################################################################################
 81手勝ち盤面総数：16409
所要時間：00時間00分08秒
####################################################################################################
 82手負け盤面総数：11686
所要時間：00時間00分12秒
####################################################################################################
 83手勝ち盤面総数：14932
所要時間：00時間00分07秒
####################################################################################################
 84手負け盤面総数：10874
所要時間：00時間00分12秒
####################################################################################################
 85手勝ち盤面総数：13943
所要時間：00時間00分07秒
####################################################################################################
 86手負け盤面総数：10461
所要時間：00時間00分12秒
####################################################################################################
 87手勝ち盤面総数：14920
所要時間：00時間00分07秒
####################################################################################################
 88手負け盤面総数：11199
所要時間：00時間00分12秒
####################################################################################################
 89手勝ち盤面総数：14980
所要時間：00時間00分07秒
####################################################################################################
 90手負け盤面総数：11101
所要時間：00時間00分12秒
####################################################################################################
 91手勝ち盤面総数：14351
所要時間：00時間00分07秒
####################################################################################################
 92手負け盤面総数：10985
所要時間：00時間00分12秒
####################################################################################################
 93手勝ち盤面総数：13163
所要時間：00時間00分07秒
####################################################################################################
 94手負け盤面総数：9046
所要時間：00時間00分12秒
####################################################################################################
 95手勝ち盤面総数：11666
所要時間：00時間00分07秒
####################################################################################################
 96手負け盤面総数：8137
所要時間：00時間00分12秒
####################################################################################################
 97手勝ち盤面総数：10825
所要時間：00時間00分07秒
####################################################################################################
 98手負け盤面総数：7242
所要時間：00時間00分12秒
####################################################################################################
 99手勝ち盤面総数：10956
所要時間：00時間00分07秒
####################################################################################################
100手負け盤面総数：7163
所要時間：00時間00分12秒
####################################################################################################
101手勝ち盤面総数：10152
所要時間：00時間00分07秒
####################################################################################################
102手負け盤面総数：6611
所要時間：00時間00分12秒
####################################################################################################
103手勝ち盤面総数：9704
所要時間：00時間00分07秒
####################################################################################################
104手負け盤面総数：7183
所要時間：00時間00分12秒
####################################################################################################
105手勝ち盤面総数：9481
所要時間：00時間00分07秒
####################################################################################################
106手負け盤面総数：7678
所要時間：00時間00分11秒
####################################################################################################
107手勝ち盤面総数：10026
所要時間：00時間00分07秒
####################################################################################################
108手負け盤面総数：8041
所要時間：00時間00分11秒
####################################################################################################
109手勝ち盤面総数：9485
所要時間：00時間00分07秒
####################################################################################################
110手負け盤面総数：7956
所要時間：00時間00分11秒
####################################################################################################
111手勝ち盤面総数：8499
所要時間：00時間00分07秒
####################################################################################################
112手負け盤面総数：8098
所要時間：00時間00分11秒
####################################################################################################
113手勝ち盤面総数：8163
所要時間：00時間00分06秒
####################################################################################################
114手負け盤面総数：7513
所要時間：00時間00分11秒
####################################################################################################
115手勝ち盤面総数：6876
所要時間：00時間00分06秒
####################################################################################################
116手負け盤面総数：6501
所要時間：00時間00分11秒
####################################################################################################
117手勝ち盤面総数：5906
所要時間：00時間00分06秒
####################################################################################################
118手負け盤面総数：5560
所要時間：00時間00分11秒
####################################################################################################
119手勝ち盤面総数：5666
所要時間：00時間00分06秒
####################################################################################################
120手負け盤面総数：6656
所要時間：00時間00分11秒
####################################################################################################
121手勝ち盤面総数：6559
所要時間：00時間00分06秒
####################################################################################################
122手負け盤面総数：6124
所要時間：00時間00分11秒
####################################################################################################
123手勝ち盤面総数：6454
所要時間：00時間00分06秒
####################################################################################################
124手負け盤面総数：5329
所要時間：00時間00分11秒
####################################################################################################
125手勝ち盤面総数：5252
所要時間：00時間00分06秒
####################################################################################################
126手負け盤面総数：4508
所要時間：00時間00分11秒
####################################################################################################
127手勝ち盤面総数：3883
所要時間：00時間00分06秒
####################################################################################################
128手負け盤面総数：3744
所要時間：00時間00分11秒
####################################################################################################
129手勝ち盤面総数：3229
所要時間：00時間00分06秒
####################################################################################################
130手負け盤面総数：3197
所要時間：00時間00分11秒
####################################################################################################
131手勝ち盤面総数：2579
所要時間：00時間00分06秒
####################################################################################################
132手負け盤面総数：2299
所要時間：00時間00分11秒
####################################################################################################
133手勝ち盤面総数：2099
所要時間：00時間00分06秒
####################################################################################################
134手負け盤面総数：1674
所要時間：00時間00分11秒
####################################################################################################
135手勝ち盤面総数：1631
所要時間：00時間00分06秒
####################################################################################################
136手負け盤面総数：1479
所要時間：00時間00分11秒
####################################################################################################
137手勝ち盤面総数：1656
所要時間：00時間00分06秒
####################################################################################################
138手負け盤面総数：1491
所要時間：00時間00分11秒
####################################################################################################
139手勝ち盤面総数：2079
所要時間：00時間00分06秒
####################################################################################################
140手負け盤面総数：1693
所要時間：00時間00分11秒
####################################################################################################
141手勝ち盤面総数：1801
所要時間：00時間00分06秒
####################################################################################################
142手負け盤面総数：1335
所要時間：00時間00分11秒
####################################################################################################
143手勝ち盤面総数：1164
所要時間：00時間00分06秒
####################################################################################################
144手負け盤面総数：1046
所要時間：00時間00分11秒
####################################################################################################
145手勝ち盤面総数：1068
所要時間：00時間00分06秒
####################################################################################################
146手負け盤面総数：868
所要時間：00時間00分11秒
####################################################################################################
147手勝ち盤面総数：509
所要時間：00時間00分06秒
####################################################################################################
148手負け盤面総数：361
所要時間：00時間00分11秒
####################################################################################################
149手勝ち盤面総数：283
所要時間：00時間00分06秒
####################################################################################################
150手負け盤面総数：300
所要時間：00時間00分11秒
####################################################################################################
151手勝ち盤面総数：295
所要時間：00時間00分06秒
####################################################################################################
152手負け盤面総数：266
所要時間：00時間00分11秒
####################################################################################################
153手勝ち盤面総数：336
所要時間：00時間00分06秒
####################################################################################################
154手負け盤面総数：164
所要時間：00時間00分11秒
####################################################################################################
155手勝ち盤面総数：289
所要時間：00時間00分06秒
####################################################################################################
156手負け盤面総数：133
所要時間：00時間00分11秒
####################################################################################################
157手勝ち盤面総数：195
所要時間：00時間00分06秒
####################################################################################################
158手負け盤面総数：111
所要時間：00時間00分11秒
####################################################################################################
159手勝ち盤面総数：110
所要時間：00時間00分06秒
####################################################################################################
160手負け盤面総数：94
所要時間：00時間00分11秒
####################################################################################################
161手勝ち盤面総数：64
所要時間：00時間00分06秒
####################################################################################################
162手負け盤面総数：65
所要時間：00時間00分11秒
####################################################################################################
163手勝ち盤面総数：16
所要時間：00時間00分06秒
####################################################################################################
164手負け盤面総数：9
所要時間：00時間00分11秒
####################################################################################################
165手勝ち盤面総数：24
所要時間：00時間00分06秒
####################################################################################################
166手負け盤面総数：7
所要時間：00時間00分11秒
####################################################################################################
167手勝ち盤面総数：22
所要時間：00時間00分06秒
####################################################################################################
168手負け盤面総数：11
所要時間：00時間00分11秒
####################################################################################################
169手勝ち盤面総数：17
所要時間：00時間00分06秒
####################################################################################################
170手負け盤面総数：4
所要時間：00時間00分11秒
####################################################################################################
171手勝ち盤面総数：8
所要時間：00時間00分06秒
####################################################################################################
172手負け盤面総数：3
所要時間：00時間00分11秒
####################################################################################################
173手勝ち盤面総数：12
所要時間：00時間00分06秒
####################################################################################################
174手負け盤面総数：0
所要時間：00時間00分11秒
完全解析終了
書き出した未知盤面：2682700 (1 ファイル)
未知盤面の書き出し時間：00時間00分01秒
完全解析にかかった時間： 2時間 4分47秒
