=== unmove_bench 計時 開始 2026-10-05T03:04:33+00:00 ===
unmove.so sha256 b351359b76c4 / bench sha256 8a1002a77f02
load average: 1.89, 1.31, 0.96
CPU 使用率 (全 CPU, 1秒): 1%
--- r1 cand (03:04:34) ---
cand	1	unknown	4030968	591.76	10.5926
cand	1	catch	5684636	532.96	9.1817
cand	1	try	284396	477.23	10.0366
cand	1	mixed	10000000	561.55	9.7747
--- r1 sieve (03:04:57) ---
sieve	1	unknown	4030968	896.70	5.0435
sieve	1	catch	5684636	811.77	3.0432
sieve	1	try	284396	768.40	1.4311
sieve	1	mixed	10000000	856.10	3.8037
--- r1 visit (03:05:31) ---
visit	1	unknown	4030968	956.50	5.0435
visit	1	catch	5684636	862.14	3.0432
visit	1	try	284396	808.88	1.4311
visit	1	mixed	10000000	910.26	3.8037
--- r1 degw (03:06:08) ---
degw	1	unknown	4030968	36.56	1.0000
degw	1	catch	5684636	36.14	1.0000
degw	1	try	284396	33.79	1.0000
degw	1	mixed	10000000	36.92	1.0000
--- r1 gen (03:06:14) ---
gen	1	unknown	4030968	223.93	9.4332
gen	1	catch	5684636	110.29	0.0000
gen	1	try	284396	193.73	0.0000
gen	1	mixed	10000000	163.92	3.8025
--- r2 sieve (03:06:20) ---
sieve	2	unknown	4030968	899.56	5.0435
sieve	2	catch	5684636	812.71	3.0432
sieve	2	try	284396	775.90	1.4311
sieve	2	mixed	10000000	855.04	3.8037
--- r2 visit (03:06:55) ---
visit	2	unknown	4030968	960.50	5.0435
visit	2	catch	5684636	866.07	3.0432
visit	2	try	284396	810.64	1.4311
visit	2	mixed	10000000	913.01	3.8037
--- r2 degw (03:07:32) ---
degw	2	unknown	4030968	36.52	1.0000
degw	2	catch	5684636	36.15	1.0000
degw	2	try	284396	33.22	1.0000
degw	2	mixed	10000000	36.18	1.0000
--- r2 gen (03:07:38) ---
gen	2	unknown	4030968	220.68	9.4332
gen	2	catch	5684636	108.64	0.0000
gen	2	try	284396	191.27	0.0000
gen	2	mixed	10000000	162.29	3.8025
--- r2 cand (03:07:44) ---
cand	2	unknown	4030968	588.86	10.5926
cand	2	catch	5684636	528.89	9.1817
cand	2	try	284396	476.05	10.0366
cand	2	mixed	10000000	561.75	9.7747
--- r3 visit (03:08:07) ---
visit	3	unknown	4030968	951.56	5.0435
visit	3	catch	5684636	859.89	3.0432
visit	3	try	284396	799.50	1.4311
visit	3	mixed	10000000	904.40	3.8037
--- r3 degw (03:08:43) ---
degw	3	unknown	4030968	36.07	1.0000
degw	3	catch	5684636	36.07	1.0000
degw	3	try	284396	35.40	1.0000
degw	3	mixed	10000000	36.31	1.0000
--- r3 gen (03:08:49) ---
gen	3	unknown	4030968	221.18	9.4332
gen	3	catch	5684636	110.26	0.0000
gen	3	try	284396	196.08	0.0000
gen	3	mixed	10000000	162.05	3.8025
--- r3 cand (03:08:55) ---
cand	3	unknown	4030968	587.69	10.5926
cand	3	catch	5684636	529.16	9.1817
cand	3	try	284396	500.62	10.0366
cand	3	mixed	10000000	562.29	9.7747
--- r3 sieve (03:09:18) ---
sieve	3	unknown	4030968	892.77	5.0435
sieve	3	catch	5684636	806.29	3.0432
sieve	3	try	284396	765.07	1.4311
sieve	3	mixed	10000000	854.85	3.8037
--- r4 degw (03:09:52) ---
degw	4	unknown	4030968	36.25	1.0000
degw	4	catch	5684636	35.87	1.0000
degw	4	try	284396	33.86	1.0000
degw	4	mixed	10000000	36.26	1.0000
--- r4 gen (03:09:58) ---
gen	4	unknown	4030968	223.67	9.4332
gen	4	catch	5684636	110.00	0.0000
gen	4	try	284396	192.02	0.0000
gen	4	mixed	10000000	163.14	3.8025
--- r4 cand (03:10:04) ---
cand	4	unknown	4030968	593.78	10.5926
cand	4	catch	5684636	535.36	9.1817
cand	4	try	284396	491.42	10.0366
cand	4	mixed	10000000	567.57	9.7747
--- r4 sieve (03:10:27) ---
sieve	4	unknown	4030968	896.59	5.0435
sieve	4	catch	5684636	814.33	3.0432
sieve	4	try	284396	754.56	1.4311
sieve	4	mixed	10000000	856.41	3.8037
--- r4 visit (03:11:02) ---
visit	4	unknown	4030968	959.25	5.0435
visit	4	catch	5684636	864.06	3.0432
visit	4	try	284396	798.60	1.4311
visit	4	mixed	10000000	912.31	3.8037
--- r5 gen (03:11:39) ---
gen	5	unknown	4030968	223.31	9.4332
gen	5	catch	5684636	109.98	0.0000
gen	5	try	284396	198.95	0.0000
gen	5	mixed	10000000	163.56	3.8025
--- r5 cand (03:11:45) ---
cand	5	unknown	4030968	592.51	10.5926
cand	5	catch	5684636	534.26	9.1817
cand	5	try	284396	500.16	10.0366
cand	5	mixed	10000000	566.88	9.7747
--- r5 sieve (03:12:08) ---
sieve	5	unknown	4030968	899.21	5.0435
sieve	5	catch	5684636	814.28	3.0432
sieve	5	try	284396	750.33	1.4311
sieve	5	mixed	10000000	854.29	3.8037
--- r5 visit (03:12:43) ---
visit	5	unknown	4030968	962.78	5.0435
visit	5	catch	5684636	867.85	3.0432
visit	5	try	284396	804.01	1.4311
visit	5	mixed	10000000	913.25	3.8037
--- r5 degw (03:13:20) ---
degw	5	unknown	4030968	37.01	1.0000
degw	5	catch	5684636	36.85	1.0000
degw	5	try	284396	33.70	1.0000
degw	5	mixed	10000000	36.32	1.0000
thp_fault_fallback の前後差: 0
=== unmove_bench 計時 完了 2026-10-05T03:13:25+00:00 ===
