=== 門番 #32 開始 2026-10-04T06:02:31+00:00 ===
# gcc: gcc (Ubuntu 13.3.0-6ubuntu2~24.04.1) 13.3.0
# gcc -march=native -Q --help=target の -march= / -mtune=
 -march= broadwell
 -mtune= broadwell
# -march=native で増える事前定義マクロ (__AVX2__ など, 命令セットのものだけ)
__ABM__ __ADX__ __AES__ __AVX__ __AVX2__ __BMI__ __BMI2__ __F16C__ __FMA__ __FSGSBASE__ __LAHF_SAHF__ __LZCNT__ __MOVBE__ __PCLMUL__ __POPCNT__ __PRFCHW__ __RDRND__ __RDSEED__ __RTM__ __SSE3__ __SSE4_1__ __SSE4_2__ __XSAVE__ __XSAVEOPT__ 
--- 回す前の負荷 ---
load average: 1.00, 0.76, 0.63
CPU 使用率 (全 CPU, 1秒): 1%
--- 回す前のノード0のメモリ (/proc/buddyinfo と meminfo) ---
Node 0, zone      DMA      0      0      0      0      0      0      0      0      1      1      2 
Node 0, zone    DMA32    218    192    139    115     88     72     49     33     29     23    755 
Node 0, zone   Normal  29428  23484  22134  19140  12586   8905   2974   2491   2588    124   3877 
Node 0 MemFree:        27271688 kB
Node 0 FilePages:       1366388 kB
--- r1a_old の前のノード0: 2 MiB 以上の空きブロック 18.39 GiB (しきい値 16) ---
=== 開始 r1a_old (old: impl/30_rank_seen (so sha256 1948f6c159f2)) 2026-10-04T06:02:32+00:00 ===
=== 終了 r1a_old 2026-10-04T06:04:47+00:00 (exit=0) ===
	Elapsed (wall clock) time (h:mm:ss or m:ss): 2:14.37
	Maximum resident set size (kbytes): 14531680
	Minor (reclaiming a frame) page faults: 4143940
全探索の所要時間：56.0923 秒
F1	50.4184 P2	38.8495 P4	15.6726 loop174	14.3795 
--- thp_fault_fallback の前後差: 0 ---
--- 巨大ページ (発見済み表・索引・後退解析の配列) ---
r1a_old (old): anonhuge_seen_kB 104,448 / anonhuge_index_kB 8,486,912 / anonhuge_loop_kB 4,972,544
--- オラクル 174行 ---
PASS: 174 行すべて一致
  手数別局面数の合計: 96802868
--- dat/ のバイト比較 (#30 本走と): 213 ファイル / 1974425336 バイト / 一致 ---
--- 件数の列を #30 本走と照合 ---
r1a_old_forward.tsv: 74 ラウンド（#30 は 74）/ 件数の列 一致
=== 完了 r1a_old 2026-10-04T06:04:52+00:00 ===
--- r1b_new の前のノード0: 2 MiB 以上の空きブロック 18.38 GiB (しきい値 16) ---
=== 開始 r1b_new (new: impl/32_inline_rank (so sha256 0ff76aa55cec)) 2026-10-04T06:04:53+00:00 ===
=== 終了 r1b_new 2026-10-04T06:07:08+00:00 (exit=0) ===
	Elapsed (wall clock) time (h:mm:ss or m:ss): 2:14.66
	Maximum resident set size (kbytes): 14531820
	Minor (reclaiming a frame) page faults: 4143940
全探索の所要時間：55.7157 秒
F1	50.0350 P2	39.3584 P4	15.7283 loop174	14.4200 
--- thp_fault_fallback の前後差: 0 ---
--- 巨大ページ (発見済み表・索引・後退解析の配列) ---
r1b_new (new): anonhuge_seen_kB 104,448 / anonhuge_index_kB 8,486,912 / anonhuge_loop_kB 4,972,544
--- オラクル 174行 ---
PASS: 174 行すべて一致
  手数別局面数の合計: 96802868
--- dat/ のバイト比較 (#30 本走と): 213 ファイル / 1974425336 バイト / 一致 ---
--- 件数の列を #30 本走と照合 ---
r1b_new_forward.tsv: 74 ラウンド（#30 は 74）/ 件数の列 一致
=== 完了 r1b_new 2026-10-04T06:07:13+00:00 ===
--- r1c_new の前のノード0: 2 MiB 以上の空きブロック 18.38 GiB (しきい値 16) ---
=== 開始 r1c_new (new: impl/32_inline_rank (so sha256 0ff76aa55cec)) 2026-10-04T06:07:14+00:00 ===
=== 終了 r1c_new 2026-10-04T06:09:30+00:00 (exit=0) ===
	Elapsed (wall clock) time (h:mm:ss or m:ss): 2:15.68
	Maximum resident set size (kbytes): 14531804
	Minor (reclaiming a frame) page faults: 4143935
全探索の所要時間：55.8521 秒
F1	50.1439 P2	39.8438 P4	15.8543 loop174	14.6242 
--- thp_fault_fallback の前後差: 0 ---
--- 巨大ページ (発見済み表・索引・後退解析の配列) ---
r1c_new (new): anonhuge_seen_kB 104,448 / anonhuge_index_kB 8,486,912 / anonhuge_loop_kB 4,972,544
--- オラクル 174行 ---
PASS: 174 行すべて一致
  手数別局面数の合計: 96802868
--- dat/ のバイト比較 (#30 本走と): 213 ファイル / 1974425336 バイト / 一致 ---
--- 件数の列を #30 本走と照合 ---
r1c_new_forward.tsv: 74 ラウンド（#30 は 74）/ 件数の列 一致
=== 完了 r1c_new 2026-10-04T06:09:35+00:00 ===
--- r1d_old の前のノード0: 2 MiB 以上の空きブロック 18.36 GiB (しきい値 16) ---
=== 開始 r1d_old (old: impl/30_rank_seen (so sha256 1948f6c159f2)) 2026-10-04T06:09:36+00:00 ===
=== 終了 r1d_old 2026-10-04T06:11:51+00:00 (exit=0) ===
	Elapsed (wall clock) time (h:mm:ss or m:ss): 2:15.08
	Maximum resident set size (kbytes): 14531820
	Minor (reclaiming a frame) page faults: 4143940
全探索の所要時間：56.0629 秒
F1	50.3780 P2	39.0543 P4	15.9028 loop174	14.6152 
--- thp_fault_fallback の前後差: 0 ---
--- 巨大ページ (発見済み表・索引・後退解析の配列) ---
r1d_old (old): anonhuge_seen_kB 104,448 / anonhuge_index_kB 8,486,912 / anonhuge_loop_kB 4,972,544
--- オラクル 174行 ---
PASS: 174 行すべて一致
  手数別局面数の合計: 96802868
--- dat/ のバイト比較 (#30 本走と): 213 ファイル / 1974425336 バイト / 一致 ---
--- 件数の列を #30 本走と照合 ---
r1d_old_forward.tsv: 74 ラウンド（#30 は 74）/ 件数の列 一致
=== 完了 r1d_old 2026-10-04T06:11:56+00:00 ===
--- r2a_old の前のノード0: 2 MiB 以上の空きブロック 18.31 GiB (しきい値 16) ---
=== 開始 r2a_old (old: impl/30_rank_seen (so sha256 1948f6c159f2)) 2026-10-04T06:11:57+00:00 ===
=== 終了 r2a_old 2026-10-04T06:14:12+00:00 (exit=0) ===
	Elapsed (wall clock) time (h:mm:ss or m:ss): 2:15.34
	Maximum resident set size (kbytes): 14531820
	Minor (reclaiming a frame) page faults: 4143940
全探索の所要時間：56.3398 秒
F1	50.6215 P2	39.0407 P4	15.8394 loop174	14.7005 
--- thp_fault_fallback の前後差: 0 ---
--- 巨大ページ (発見済み表・索引・後退解析の配列) ---
r2a_old (old): anonhuge_seen_kB 104,448 / anonhuge_index_kB 8,486,912 / anonhuge_loop_kB 4,972,544
--- オラクル 174行 ---
PASS: 174 行すべて一致
  手数別局面数の合計: 96802868
--- dat/ のバイト比較 (#30 本走と): 213 ファイル / 1974425336 バイト / 一致 ---
--- 件数の列を #30 本走と照合 ---
r2a_old_forward.tsv: 74 ラウンド（#30 は 74）/ 件数の列 一致
=== 完了 r2a_old 2026-10-04T06:14:18+00:00 ===
--- r2b_new の前のノード0: 2 MiB 以上の空きブロック 18.30 GiB (しきい値 16) ---
=== 開始 r2b_new (new: impl/32_inline_rank (so sha256 0ff76aa55cec)) 2026-10-04T06:14:18+00:00 ===
=== 終了 r2b_new 2026-10-04T06:16:33+00:00 (exit=0) ===
	Elapsed (wall clock) time (h:mm:ss or m:ss): 2:14.91
	Maximum resident set size (kbytes): 14531824
	Minor (reclaiming a frame) page faults: 4143944
全探索の所要時間：55.6327 秒
F1	49.9492 P2	39.5091 P4	15.7950 loop174	14.5337 
--- thp_fault_fallback の前後差: 0 ---
--- 巨大ページ (発見済み表・索引・後退解析の配列) ---
r2b_new (new): anonhuge_seen_kB 104,448 / anonhuge_index_kB 8,486,912 / anonhuge_loop_kB 4,972,544
--- オラクル 174行 ---
PASS: 174 行すべて一致
  手数別局面数の合計: 96802868
--- dat/ のバイト比較 (#30 本走と): 213 ファイル / 1974425336 バイト / 一致 ---
--- 件数の列を #30 本走と照合 ---
r2b_new_forward.tsv: 74 ラウンド（#30 は 74）/ 件数の列 一致
=== 完了 r2b_new 2026-10-04T06:16:39+00:00 ===
--- r2c_new の前のノード0: 2 MiB 以上の空きブロック 18.28 GiB (しきい値 16) ---
=== 開始 r2c_new (new: impl/32_inline_rank (so sha256 0ff76aa55cec)) 2026-10-04T06:16:40+00:00 ===
=== 終了 r2c_new 2026-10-04T06:18:55+00:00 (exit=0) ===
	Elapsed (wall clock) time (h:mm:ss or m:ss): 2:15.68
	Maximum resident set size (kbytes): 14531820
	Minor (reclaiming a frame) page faults: 4143944
全探索の所要時間：56.1262 秒
F1	50.3793 P2	39.5527 P4	15.8995 loop174	14.5845 
--- thp_fault_fallback の前後差: 0 ---
--- 巨大ページ (発見済み表・索引・後退解析の配列) ---
r2c_new (new): anonhuge_seen_kB 104,448 / anonhuge_index_kB 8,486,912 / anonhuge_loop_kB 4,972,544
--- オラクル 174行 ---
PASS: 174 行すべて一致
  手数別局面数の合計: 96802868
--- dat/ のバイト比較 (#30 本走と): 213 ファイル / 1974425336 バイト / 一致 ---
--- 件数の列を #30 本走と照合 ---
r2c_new_forward.tsv: 74 ラウンド（#30 は 74）/ 件数の列 一致
=== 完了 r2c_new 2026-10-04T06:19:01+00:00 ===
--- r2d_old の前のノード0: 2 MiB 以上の空きブロック 18.25 GiB (しきい値 16) ---
=== 開始 r2d_old (old: impl/30_rank_seen (so sha256 1948f6c159f2)) 2026-10-04T06:19:01+00:00 ===
=== 終了 r2d_old 2026-10-04T06:21:17+00:00 (exit=0) ===
	Elapsed (wall clock) time (h:mm:ss or m:ss): 2:15.63
	Maximum resident set size (kbytes): 14531820
	Minor (reclaiming a frame) page faults: 4143940
全探索の所要時間：56.4852 秒
F1	50.7596 P2	39.2226 P4	15.8470 loop174	14.6013 
--- thp_fault_fallback の前後差: 0 ---
--- 巨大ページ (発見済み表・索引・後退解析の配列) ---
r2d_old (old): anonhuge_seen_kB 104,448 / anonhuge_index_kB 8,486,912 / anonhuge_loop_kB 4,972,544
--- オラクル 174行 ---
PASS: 174 行すべて一致
  手数別局面数の合計: 96802868
--- dat/ のバイト比較 (#30 本走と): 213 ファイル / 1974425336 バイト / 一致 ---
--- 件数の列を #30 本走と照合 ---
r2d_old_forward.tsv: 74 ラウンド（#30 は 74）/ 件数の列 一致
=== 完了 r2d_old 2026-10-04T06:21:23+00:00 ===
--- r3a_old の前のノード0: 2 MiB 以上の空きブロック 18.16 GiB (しきい値 16) ---
=== 開始 r3a_old (old: impl/30_rank_seen (so sha256 1948f6c159f2)) 2026-10-04T06:21:23+00:00 ===
=== 終了 r3a_old 2026-10-04T06:23:39+00:00 (exit=0) ===
	Elapsed (wall clock) time (h:mm:ss or m:ss): 2:15.58
	Maximum resident set size (kbytes): 14531816
	Minor (reclaiming a frame) page faults: 4143940
全探索の所要時間：56.4988 秒
F1	50.7467 P2	39.1344 P4	15.8810 loop174	14.5829 
--- thp_fault_fallback の前後差: 0 ---
--- 巨大ページ (発見済み表・索引・後退解析の配列) ---
r3a_old (old): anonhuge_seen_kB 104,448 / anonhuge_index_kB 8,486,912 / anonhuge_loop_kB 4,972,544
--- オラクル 174行 ---
PASS: 174 行すべて一致
  手数別局面数の合計: 96802868
--- dat/ のバイト比較 (#30 本走と): 213 ファイル / 1974425336 バイト / 一致 ---
--- 件数の列を #30 本走と照合 ---
r3a_old_forward.tsv: 74 ラウンド（#30 は 74）/ 件数の列 一致
=== 完了 r3a_old 2026-10-04T06:23:44+00:00 ===
--- r3b_new の前のノード0: 2 MiB 以上の空きブロック 18.10 GiB (しきい値 16) ---
=== 開始 r3b_new (new: impl/32_inline_rank (so sha256 0ff76aa55cec)) 2026-10-04T06:23:45+00:00 ===
=== 終了 r3b_new 2026-10-04T06:26:00+00:00 (exit=0) ===
	Elapsed (wall clock) time (h:mm:ss or m:ss): 2:15.55
	Maximum resident set size (kbytes): 14531816
	Minor (reclaiming a frame) page faults: 4143939
全探索の所要時間：55.8841 秒
F1	50.1502 P2	39.6972 P4	15.8557 loop174	14.6022 
--- thp_fault_fallback の前後差: 0 ---
--- 巨大ページ (発見済み表・索引・後退解析の配列) ---
r3b_new (new): anonhuge_seen_kB 104,448 / anonhuge_index_kB 8,486,912 / anonhuge_loop_kB 4,972,544
--- オラクル 174行 ---
PASS: 174 行すべて一致
  手数別局面数の合計: 96802868
--- dat/ のバイト比較 (#30 本走と): 213 ファイル / 1974425336 バイト / 一致 ---
--- 件数の列を #30 本走と照合 ---
r3b_new_forward.tsv: 74 ラウンド（#30 は 74）/ 件数の列 一致
=== 完了 r3b_new 2026-10-04T06:26:06+00:00 ===
--- r3c_new の前のノード0: 2 MiB 以上の空きブロック 18.05 GiB (しきい値 16) ---
=== 開始 r3c_new (new: impl/32_inline_rank (so sha256 0ff76aa55cec)) 2026-10-04T06:26:06+00:00 ===
=== 終了 r3c_new 2026-10-04T06:28:23+00:00 (exit=0) ===
	Elapsed (wall clock) time (h:mm:ss or m:ss): 2:16.48
	Maximum resident set size (kbytes): 14532136
	Minor (reclaiming a frame) page faults: 4143940
全探索の所要時間：56.1134 秒
F1	50.3357 P2	40.0788 P4	15.9831 loop174	14.7097 
--- thp_fault_fallback の前後差: 0 ---
--- 巨大ページ (発見済み表・索引・後退解析の配列) ---
r3c_new (new): anonhuge_seen_kB 104,448 / anonhuge_index_kB 8,486,912 / anonhuge_loop_kB 4,972,544
--- オラクル 174行 ---
PASS: 174 行すべて一致
  手数別局面数の合計: 96802868
--- dat/ のバイト比較 (#30 本走と): 213 ファイル / 1974425336 バイト / 一致 ---
--- 件数の列を #30 本走と照合 ---
r3c_new_forward.tsv: 74 ラウンド（#30 は 74）/ 件数の列 一致
=== 完了 r3c_new 2026-10-04T06:28:29+00:00 ===
--- r3d_old の前のノード0: 2 MiB 以上の空きブロック 18.06 GiB (しきい値 16) ---
=== 開始 r3d_old (old: impl/30_rank_seen (so sha256 1948f6c159f2)) 2026-10-04T06:28:29+00:00 ===
=== 終了 r3d_old 2026-10-04T06:30:44+00:00 (exit=0) ===
	Elapsed (wall clock) time (h:mm:ss or m:ss): 2:14.80
	Maximum resident set size (kbytes): 14531824
	Minor (reclaiming a frame) page faults: 4143936
全探索の所要時間：56.2128 秒
F1	50.5177 P2	38.9824 P4	15.7050 loop174	14.4551 
--- thp_fault_fallback の前後差: 0 ---
--- 巨大ページ (発見済み表・索引・後退解析の配列) ---
r3d_old (old): anonhuge_seen_kB 104,448 / anonhuge_index_kB 8,486,912 / anonhuge_loop_kB 4,972,544
--- オラクル 174行 ---
PASS: 174 行すべて一致
  手数別局面数の合計: 96802868
--- dat/ のバイト比較 (#30 本走と): 213 ファイル / 1974425336 バイト / 一致 ---
--- 件数の列を #30 本走と照合 ---
r3d_old_forward.tsv: 74 ラウンド（#30 は 74）/ 件数の列 一致
=== 完了 r3d_old 2026-10-04T06:30:49+00:00 ===
=== 全12本 完了 2026-10-04T06:30:49+00:00 ===
