==================================================================
=== ORDER=A 開始 2026-09-17T12:17:05+00:00 ===
=== ORDER=A 終了 2026-09-17T12:55:06+00:00 (exit=0) ===
後退解析の所要時間：2278.7 秒
	Percent of CPU this job got: 99%
	Elapsed (wall clock) time (h:mm:ss or m:ss): 37:58.73
	Maximum resident set size (kbytes): 33297100
	Swaps: 0
	File system outputs: 1754040
読み込んだ局面：246803167 (未知 99485568 / キャッチ 140298614 / トライ負け 7018985)
P0 読み込み：00時間01分35秒
並べ替え (A)：00時間00分00秒
P1 索引：00時間02分47秒
辺の総数：938671869 (未発見の後続 0)
P2 後続生成：00時間18分14秒
P4 前任リスト：00時間09分29秒
--- オラクル 174行 ---
PASS: 174 行すべて一致
  手数別局面数の合計: 96802868
==================================================================
=== ORDER=B 開始 2026-09-17T12:55:06+00:00 ===
=== ORDER=B 終了 2026-09-17T13:32:13+00:00 (exit=0) ===
後退解析の所要時間：2225.6 秒
	Percent of CPU this job got: 99%
	Elapsed (wall clock) time (h:mm:ss or m:ss): 37:05.68
	Maximum resident set size (kbytes): 33297568
	Swaps: 0
	File system outputs: 1754048
読み込んだ局面：246803167 (未知 99485568 / キャッチ 140298614 / トライ負け 7018985)
P0 読み込み：00時間01分35秒
並べ替え (B)：00時間00分00秒
P1 索引：00時間02分47秒
辺の総数：938671869 (未発見の後続 0)
P2 後続生成：00時間17分42秒
P4 前任リスト：00時間09分23秒
--- オラクル 174行 ---
PASS: 174 行すべて一致
  手数別局面数の合計: 96802868
==================================================================
=== ORDER=C 開始 2026-09-17T13:32:14+00:00 ===
=== ORDER=C 終了 2026-09-17T14:19:22+00:00 (exit=0) ===
後退解析の所要時間：2826.7 秒
	Percent of CPU this job got: 99%
	Elapsed (wall clock) time (h:mm:ss or m:ss): 47:06.80
	Maximum resident set size (kbytes): 33296008
	Swaps: 0
	File system outputs: 1754176
読み込んだ局面：246803167 (未知 99485568 / キャッチ 140298614 / トライ負け 7018985)
P0 読み込み：00時間01分35秒
並べ替え (C)：00時間02分39秒
P1 索引：00時間03分06秒
辺の総数：938671869 (未発見の後続 0)
P2 後続生成：00時間22分32秒
P4 前任リスト：00時間10分37秒
--- オラクル 174行 ---
PASS: 174 行すべて一致
  手数別局面数の合計: 96802868
==================================================================
=== ORDER=D 開始 2026-09-17T14:19:23+00:00 ===
=== ORDER=D 終了 2026-09-17T14:56:14+00:00 (exit=0) ===
後退解析の所要時間：2210.3 秒
	Percent of CPU this job got: 99%
	Elapsed (wall clock) time (h:mm:ss or m:ss): 36:50.31
	Maximum resident set size (kbytes): 33266712
	Swaps: 0
	File system outputs: 1754080
読み込んだ局面：246803167 (未知 99485568 / キャッチ 140298614 / トライ負け 7018985)
P0 読み込み：00時間01分35秒
並べ替え (D)：00時間06分41秒
P1 索引：00時間02分45秒
辺の総数：938671869 (未発見の後続 0)
P2 後続生成：00時間13分51秒
P4 前任リスト：00時間06分45秒
--- オラクル 174行 ---
PASS: 174 行すべて一致
  手数別局面数の合計: 96802868
=== 実験完了 2026-09-17T14:56:15+00:00 ===
==================================================================
=== ORDER=E 開始 2026-09-17T15:15:48+00:00 ===
=== ORDER=E 終了 2026-09-17T15:52:07+00:00 (exit=0) ===
後退解析の所要時間：2177.4 秒
	Percent of CPU this job got: 99%
	Elapsed (wall clock) time (h:mm:ss or m:ss): 36:17.43
	Maximum resident set size (kbytes): 33296668
	Swaps: 0
	File system outputs: 1754096
読み込んだ局面：246803167 (未知 99485568 / キャッチ 140298614 / トライ負け 7018985)
P0 読み込み：00時間01分36秒
並べ替え (E)：00時間02分06秒
P1 索引：00時間02分47秒
辺の総数：938671869 (未発見の後続 0)
P2 後続生成：00時間16分29秒
P4 前任リスト：00時間07分59秒
--- オラクル 174行 ---
PASS: 174 行すべて一致
  手数別局面数の合計: 96802868
==================================================================
=== ORDER=F 開始 2026-09-17T15:52:08+00:00 ===
=== ORDER=F 終了 2026-09-17T16:28:26+00:00 (exit=0) ===
後退解析の所要時間：2176.8 秒
	Percent of CPU this job got: 99%
	Elapsed (wall clock) time (h:mm:ss or m:ss): 36:16.84
	Maximum resident set size (kbytes): 33297052
	Swaps: 0
	File system outputs: 1754032
読み込んだ局面：246803167 (未知 99485568 / キャッチ 140298614 / トライ負け 7018985)
P0 読み込み：00時間01分35秒
並べ替え (F)：00時間02分21秒
P1 索引：00時間02分55秒
辺の総数：938671869 (未発見の後続 0)
P2 後続生成：00時間16分02秒
P4 前任リスト：00時間08分01秒
--- オラクル 174行 ---
PASS: 174 行すべて一致
  手数別局面数の合計: 96802868
=== 実験完了 2026-09-17T16:28:27+00:00 ===
