=== 開始 g1a (old impl/16_raw_binary) 2026-09-22T05:31:35+00:00 ===
=== 終了 g1a 2026-09-22T05:38:27+00:00 (exit=0) ===
後退解析の所要時間：409.96 秒
	Elapsed (wall clock) time (h:mm:ss or m:ss): 6:50.00
	Maximum resident set size (kbytes): 14499112
	Minor (reclaiming a frame) page faults: 8497167
読み込んだ局面：246803167 (未知 99485568 / キャッチ 140298614 / トライ負け 7018985)
P0 読み込み：00時間00分04秒
P1 索引：00時間00分21秒
辺の総数：938671869 (未発見の後続 0)
P2 後続生成：00時間01分48秒
P4 前任リスト：00時間02分47秒
--- オラクル 174行 ---
PASS: 174 行すべて一致
  手数別局面数の合計: 96802868
dat/ は残した (並びの照合用): runs/exp_gate17_g1a/dat
=== 完了 g1a 2026-09-22T05:38:27+00:00 ===
=== 開始 g1b (new impl/17_no_set) 2026-09-22T05:38:27+00:00 ===
=== 終了 g1b 2026-09-22T05:44:37+00:00 (exit=0) ===
後退解析の所要時間：369.30 秒
	Elapsed (wall clock) time (h:mm:ss or m:ss): 6:09.34
	Maximum resident set size (kbytes): 14499376
	Minor (reclaiming a frame) page faults: 7277949
読み込んだ局面：246803167 (未知 99485568 / キャッチ 140298614 / トライ負け 7018985)
P0 読み込み：00時間00分04秒
P1 索引：00時間00分20秒
辺の総数：938671869 (未発見の後続 0)
P2 後続生成：00時間01分46秒
P4 前任リスト：00時間02分45秒
--- オラクル 174行 ---
PASS: 174 行すべて一致
  手数別局面数の合計: 96802868
dat/ は残した (並びの照合用): runs/exp_gate17_g1b/dat
=== 完了 g1b 2026-09-22T05:44:38+00:00 ===
=== 開始 g1c (new impl/17_no_set) 2026-09-22T05:44:38+00:00 ===
=== 終了 g1c 2026-09-22T05:50:47+00:00 (exit=0) ===
後退解析の所要時間：367.54 秒
	Elapsed (wall clock) time (h:mm:ss or m:ss): 6:07.58
	Maximum resident set size (kbytes): 14498480
	Minor (reclaiming a frame) page faults: 7276892
読み込んだ局面：246803167 (未知 99485568 / キャッチ 140298614 / トライ負け 7018985)
P0 読み込み：00時間00分04秒
P1 索引：00時間00分20秒
辺の総数：938671869 (未発見の後続 0)
P2 後続生成：00時間01分45秒
P4 前任リスト：00時間02分45秒
--- オラクル 174行 ---
PASS: 174 行すべて一致
  手数別局面数の合計: 96802868
=== 完了 g1c 2026-09-22T05:50:47+00:00 ===
=== 開始 g1d (old impl/16_raw_binary) 2026-09-22T05:50:47+00:00 ===
=== 終了 g1d 2026-09-22T05:57:32+00:00 (exit=0) ===
後退解析の所要時間：403.40 秒
	Elapsed (wall clock) time (h:mm:ss or m:ss): 6:43.44
	Maximum resident set size (kbytes): 14499420
	Minor (reclaiming a frame) page faults: 8497161
読み込んだ局面：246803167 (未知 99485568 / キャッチ 140298614 / トライ負け 7018985)
P0 読み込み：00時間00分04秒
P1 索引：00時間00分20秒
辺の総数：938671869 (未発見の後続 0)
P2 後続生成：00時間01分45秒
P4 前任リスト：00時間02分45秒
--- オラクル 174行 ---
PASS: 174 行すべて一致
  手数別局面数の合計: 96802868
=== 完了 g1d 2026-09-22T05:57:33+00:00 ===
=== 開始 g2a (old impl/16_raw_binary) 2026-09-22T05:57:33+00:00 ===
=== 終了 g2a 2026-09-22T06:04:22+00:00 (exit=0) ===
後退解析の所要時間：407.60 秒
	Elapsed (wall clock) time (h:mm:ss or m:ss): 6:47.64
	Maximum resident set size (kbytes): 14499560
	Minor (reclaiming a frame) page faults: 8497182
読み込んだ局面：246803167 (未知 99485568 / キャッチ 140298614 / トライ負け 7018985)
P0 読み込み：00時間00分04秒
P1 索引：00時間00分21秒
辺の総数：938671869 (未発見の後続 0)
P2 後続生成：00時間01分46秒
P4 前任リスト：00時間02分47秒
--- オラクル 174行 ---
PASS: 174 行すべて一致
  手数別局面数の合計: 96802868
=== 完了 g2a 2026-09-22T06:04:22+00:00 ===
=== 開始 g2b (new impl/17_no_set) 2026-09-22T06:04:22+00:00 ===
=== 終了 g2b 2026-09-22T06:10:31+00:00 (exit=0) ===
後退解析の所要時間：367.39 秒
	Elapsed (wall clock) time (h:mm:ss or m:ss): 6:07.44
	Maximum resident set size (kbytes): 14499372
	Minor (reclaiming a frame) page faults: 7277256
読み込んだ局面：246803167 (未知 99485568 / キャッチ 140298614 / トライ負け 7018985)
P0 読み込み：00時間00分04秒
P1 索引：00時間00分20秒
辺の総数：938671869 (未発見の後続 0)
P2 後続生成：00時間01分45秒
P4 前任リスト：00時間02分44秒
--- オラクル 174行 ---
PASS: 174 行すべて一致
  手数別局面数の合計: 96802868
=== 完了 g2b 2026-09-22T06:10:31+00:00 ===
=== 開始 g2c (new impl/17_no_set) 2026-09-22T06:10:32+00:00 ===
=== 終了 g2c 2026-09-22T06:16:43+00:00 (exit=0) ===
後退解析の所要時間：369.68 秒
	Elapsed (wall clock) time (h:mm:ss or m:ss): 6:09.72
	Maximum resident set size (kbytes): 14498928
	Minor (reclaiming a frame) page faults: 7276481
読み込んだ局面：246803167 (未知 99485568 / キャッチ 140298614 / トライ負け 7018985)
P0 読み込み：00時間00分04秒
P1 索引：00時間00分20秒
辺の総数：938671869 (未発見の後続 0)
P2 後続生成：00時間01分45秒
P4 前任リスト：00時間02分46秒
--- オラクル 174行 ---
PASS: 174 行すべて一致
  手数別局面数の合計: 96802868
=== 完了 g2c 2026-09-22T06:16:43+00:00 ===
=== 開始 g2d (old impl/16_raw_binary) 2026-09-22T06:16:43+00:00 ===
=== 終了 g2d 2026-09-22T06:23:27+00:00 (exit=0) ===
後退解析の所要時間：402.57 秒
	Elapsed (wall clock) time (h:mm:ss or m:ss): 6:42.61
	Maximum resident set size (kbytes): 14499564
	Minor (reclaiming a frame) page faults: 8496386
読み込んだ局面：246803167 (未知 99485568 / キャッチ 140298614 / トライ負け 7018985)
P0 読み込み：00時間00分04秒
P1 索引：00時間00分20秒
辺の総数：938671869 (未発見の後続 0)
P2 後続生成：00時間01分45秒
P4 前任リスト：00時間02分45秒
--- オラクル 174行 ---
PASS: 174 行すべて一致
  手数別局面数の合計: 96802868
=== 完了 g2d 2026-09-22T06:23:28+00:00 ===
=== 全8本 完了 2026-09-22T06:23:28+00:00 ===
