=== 開始 old1 (impl/13_c_expand) 2026-09-20T14:32:44+00:00 ===
=== 終了 old1 2026-09-20T14:45:25+00:00 (exit=0) ===
後退解析の所要時間：759.08 秒
	Percent of CPU this job got: 99%
	Elapsed (wall clock) time (h:mm:ss or m:ss): 12:39.13
	Maximum resident set size (kbytes): 14511396
読み込んだ局面：246803167 (未知 99485568 / キャッチ 140298614 / トライ負け 7018985)
P0 読み込み：00時間01分32秒
P1 索引：00時間00分20秒
辺の総数：938671869 (未発見の後続 0)
P2 後続生成：00時間03分14秒
P4 前任リスト：00時間02分42秒
--- オラクル 174行 ---
PASS: 174 行すべて一致
  手数別局面数の合計: 96802868
=== 完了 old1 2026-09-20T14:45:25+00:00 ===
=== 開始 new1 (impl/14_c_retreat) 2026-09-20T14:45:25+00:00 ===
=== 終了 new1 2026-09-20T14:55:45+00:00 (exit=0) ===
後退解析の所要時間：618.01 秒
	Percent of CPU this job got: 99%
	Elapsed (wall clock) time (h:mm:ss or m:ss): 10:18.07
	Maximum resident set size (kbytes): 14498152
読み込んだ局面：246803167 (未知 99485568 / キャッチ 140298614 / トライ負け 7018985)
P0 読み込み：00時間01分34秒
P1 索引：00時間00分21秒
辺の総数：938671869 (未発見の後続 0)
P2 後続生成：00時間03分42秒
P4 前任リスト：00時間02分49秒
--- オラクル 174行 ---
PASS: 174 行すべて一致
  手数別局面数の合計: 96802868
=== 完了 new1 2026-09-20T14:55:45+00:00 ===
=== 開始 old2 (impl/13_c_expand) 2026-09-20T14:55:45+00:00 ===
=== 終了 old2 2026-09-20T15:08:30+00:00 (exit=0) ===
後退解析の所要時間：762.43 秒
	Percent of CPU this job got: 99%
	Elapsed (wall clock) time (h:mm:ss or m:ss): 12:42.48
	Maximum resident set size (kbytes): 14511428
読み込んだ局面：246803167 (未知 99485568 / キャッチ 140298614 / トライ負け 7018985)
P0 読み込み：00時間01分32秒
P1 索引：00時間00分20秒
辺の総数：938671869 (未発見の後続 0)
P2 後続生成：00時間03分13秒
P4 前任リスト：00時間02分44秒
--- オラクル 174行 ---
PASS: 174 行すべて一致
  手数別局面数の合計: 96802868
=== 完了 old2 2026-09-20T15:08:30+00:00 ===
=== 開始 new2 (impl/14_c_retreat) 2026-09-20T15:08:30+00:00 ===
=== 終了 new2 2026-09-20T15:18:11+00:00 (exit=0) ===
後退解析の所要時間：579.53 秒
	Percent of CPU this job got: 99%
	Elapsed (wall clock) time (h:mm:ss or m:ss): 9:39.58
	Maximum resident set size (kbytes): 14498580
読み込んだ局面：246803167 (未知 99485568 / キャッチ 140298614 / トライ負け 7018985)
P0 読み込み：00時間01分36秒
P1 索引：00時間00分20秒
辺の総数：938671869 (未発見の後続 0)
P2 後続生成：00時間03分10秒
P4 前任リスト：00時間02分44秒
--- オラクル 174行 ---
PASS: 174 行すべて一致
  手数別局面数の合計: 96802868
=== 完了 new2 2026-09-20T15:18:12+00:00 ===
=== 開始 old3 (impl/13_c_expand) 2026-09-20T15:18:12+00:00 ===
=== 終了 old3 2026-09-20T15:31:33+00:00 (exit=0) ===
後退解析の所要時間：799.12 秒
	Percent of CPU this job got: 99%
	Elapsed (wall clock) time (h:mm:ss or m:ss): 13:19.18
	Maximum resident set size (kbytes): 14511120
読み込んだ局面：246803167 (未知 99485568 / キャッチ 140298614 / トライ負け 7018985)
P0 読み込み：00時間01分33秒
P1 索引：00時間00分20秒
辺の総数：938671869 (未発見の後続 0)
P2 後続生成：00時間03分40秒
P4 前任リスト：00時間02分50秒
--- オラクル 174行 ---
PASS: 174 行すべて一致
  手数別局面数の合計: 96802868
=== 完了 old3 2026-09-20T15:31:33+00:00 ===
=== 開始 new3 (impl/14_c_retreat) 2026-09-20T15:31:33+00:00 ===
=== 終了 new3 2026-09-20T15:41:21+00:00 (exit=0) ===
後退解析の所要時間：585.77 秒
	Percent of CPU this job got: 99%
	Elapsed (wall clock) time (h:mm:ss or m:ss): 9:45.83
	Maximum resident set size (kbytes): 14499112
読み込んだ局面：246803167 (未知 99485568 / キャッチ 140298614 / トライ負け 7018985)
P0 読み込み：00時間01分34秒
P1 索引：00時間00分20秒
辺の総数：938671869 (未発見の後続 0)
P2 後続生成：00時間03分17秒
P4 前任リスト：00時間02分45秒
--- オラクル 174行 ---
PASS: 174 行すべて一致
  手数別局面数の合計: 96802868
=== 完了 new3 2026-09-20T15:41:21+00:00 ===
=== 全6本 完了 2026-09-20T15:41:21+00:00 ===
