=== unmove_flip 試作の後退解析 開始 2026-10-07T14:12:17+00:00 ===
flip.so sha256 60037ba86fe2 / bench sha256 e5be788afc7f
load average: 1.61, 1.59, 1.47
CPU 使用率 (全 CPU, 1秒): 2%
先読み: どちらの版も, 候補のランクで cls の行を, 残った前任で dtm (と cnt) の行を取り寄せる (unmove_prune と同じ)
書き出し先: runs/unmove_flip/out/ (ext4. 読む dat/ と同じファイルシステム). fsync はしない. 各本の前に消して sync する
THP enabled: always [madvise] never
--- a1_pruned 開始 2026-10-07T14:12:18+00:00 ---
初期化: 60.61 秒 (キャッチ 140298614 / トライ負け 7018985 / キャッチ抜きの数が 0 で先に決めた 6254985)
書き出し: 全探索の側 0.732 秒 / 手数ごと 0.489 秒 / 引き分けを拾う 1.866 秒 (2682700 局面) / 引き分けを書く 0.014 秒
一致の検査 (pruned): 246803167 局面のうち, 食い違い 0 局面 => PASS
RESULT	pruned	a1_pruned	60.608	61.145	174	103821853	578723910	495730952	82992958	0	0	6254985	0	0.732	0.489	1.866	0.014	2682700
成果物の確かめ: PASS
--- a2_flip 開始 2026-10-07T14:15:28+00:00 ---
初期化: 59.96 秒 (キャッチ 140298614 / トライ負け 7018985 / キャッチ抜きの数が 0 で先に決めた 6254985)
書き出し: 全探索の側 0.739 秒 / 手数ごと 0.487 秒 / 引き分けを拾う 1.865 秒 (2682700 局面) / 引き分けを書く 0.014 秒
一致の検査 (flip): 246803167 局面のうち, 食い違い 0 局面 => PASS
RESULT	flip	a2_flip	59.956	61.564	174	103821853	578723910	495730952	82992958	0	0	6254985	0	0.739	0.487	1.865	0.014	2682700
成果物の確かめ: PASS
--- a3_flip 開始 2026-10-07T14:18:38+00:00 ---
初期化: 60.75 秒 (キャッチ 140298614 / トライ負け 7018985 / キャッチ抜きの数が 0 で先に決めた 6254985)
書き出し: 全探索の側 0.730 秒 / 手数ごと 0.488 秒 / 引き分けを拾う 1.862 秒 (2682700 局面) / 引き分けを書く 0.014 秒
一致の検査 (flip): 246803167 局面のうち, 食い違い 0 局面 => PASS
RESULT	flip	a3_flip	60.747	61.484	174	103821853	578723910	495730952	82992958	0	0	6254985	0	0.730	0.488	1.862	0.014	2682700
成果物の確かめ: PASS
--- a4_pruned 開始 2026-10-07T14:21:48+00:00 ---
初期化: 60.52 秒 (キャッチ 140298614 / トライ負け 7018985 / キャッチ抜きの数が 0 で先に決めた 6254985)
書き出し: 全探索の側 0.735 秒 / 手数ごと 0.491 秒 / 引き分けを拾う 1.863 秒 (2682700 局面) / 引き分けを書く 0.014 秒
一致の検査 (pruned): 246803167 局面のうち, 食い違い 0 局面 => PASS
RESULT	pruned	a4_pruned	60.519	60.978	174	103821853	578723910	495730952	82992958	0	0	6254985	0	0.735	0.491	1.863	0.014	2682700
成果物の確かめ: PASS
--- a5_pruned 開始 2026-10-07T14:24:57+00:00 ---
初期化: 60.21 秒 (キャッチ 140298614 / トライ負け 7018985 / キャッチ抜きの数が 0 で先に決めた 6254985)
書き出し: 全探索の側 0.728 秒 / 手数ごと 0.484 秒 / 引き分けを拾う 1.852 秒 (2682700 局面) / 引き分けを書く 0.014 秒
一致の検査 (pruned): 246803167 局面のうち, 食い違い 0 局面 => PASS
RESULT	pruned	a5_pruned	60.214	60.840	174	103821853	578723910	495730952	82992958	0	0	6254985	0	0.728	0.484	1.852	0.014	2682700
成果物の確かめ: PASS
--- a6_flip 開始 2026-10-07T14:28:06+00:00 ---
初期化: 60.88 秒 (キャッチ 140298614 / トライ負け 7018985 / キャッチ抜きの数が 0 で先に決めた 6254985)
書き出し: 全探索の側 0.730 秒 / 手数ごと 0.484 秒 / 引き分けを拾う 1.860 秒 (2682700 局面) / 引き分けを書く 0.014 秒
一致の検査 (flip): 246803167 局面のうち, 食い違い 0 局面 => PASS
RESULT	flip	a6_flip	60.877	61.144	174	103821853	578723910	495730952	82992958	0	0	6254985	0	0.730	0.484	1.860	0.014	2682700
成果物の確かめ: PASS
thp_fault_fallback の前後差: 0
=== unmove_flip 試作の後退解析 全6本 完了 2026-10-07T14:31:16+00:00 ===
