time_jst	freq_max_mhz	freq_mean_mhz	pkg_temp_c	throttle	mem_free_kb	mem_cached_kb	mem_available_kb
2026-10-07T23:12:18	2397	1521	59.0	0	51527384	6315360	57577304
2026-10-07T23:13:18	3492	1298	64.0	0	44910204	6315652	50966016
2026-10-07T23:14:18	3367	1319	64.0	0	44165288	6316312	50221852
2026-10-07T23:15:18	3463	1356	66.0	0	49466088	8246000	57506780
2026-10-07T23:16:18	3420	1328	62.0	0	45041868	6317944	51100300
2026-10-07T23:17:18	3500	1373	62.0	0	44260232	6318736	50320176
2026-10-07T23:18:18	3500	1367	68.0	0	49452300	8248016	57495016
2026-10-07T23:19:18	3343	1330	62.0	0	45210060	6320096	51271668
2026-10-07T23:20:18	3494	1364	66.0	0	44366496	6320632	50429192
2026-10-07T23:21:18	3500	1378	59.0	0	49435084	8249828	57479892
2026-10-07T23:22:18	3500	1391	60.0	0	45665956	6322020	51730124
2026-10-07T23:23:18	3376	1314	61.0	0	44447160	6322668	50512072
2026-10-07T23:24:18	3500	1303	67.0	0	49428244	8251784	57476304
2026-10-07T23:25:18	3487	1371	64.0	0	46394752	6323864	52461264
2026-10-07T23:26:18	3492	1338	65.0	0	44553580	6324612	50620448
2026-10-07T23:27:18	3383	1324	70.0	0	49421324	8254380	57472448
2026-10-07T23:28:18	3492	1297	63.0	0	46538116	6326332	52607620
2026-10-07T23:29:18	3429	1309	65.0	0	44714408	6326856	50784536
2026-10-07T23:30:18	3432	1306	62.0	0	42112720	8256112	50165224
