=== 門番 #28 開始 2026-10-01T15:22:52+00:00 ===
# gcc: gcc (Ubuntu 13.3.0-6ubuntu2~24.04.1) 13.3.0
# gcc -march=native -Q --help=target の -march= / -mtune=
 -march= broadwell
 -mtune= broadwell
# -march=native で増える事前定義マクロ (__AVX2__ など, 命令セットのものだけ)
__ABM__ __ADX__ __AES__ __AVX__ __AVX2__ __BMI__ __BMI2__ __F16C__ __FMA__ __FSGSBASE__ __LAHF_SAHF__ __LZCNT__ __MOVBE__ __PCLMUL__ __POPCNT__ __PRFCHW__ __RDRND__ __RDSEED__ __RTM__ __SSE3__ __SSE4_1__ __SSE4_2__ __XSAVE__ __XSAVEOPT__ 
--- 回す前の負荷 ---
load average: 0.37, 0.28, 0.43
CPU 使用率 (全 CPU, 1秒): 1%
--- 回す前のノード0のメモリ (/proc/buddyinfo と meminfo) ---
Node 0, zone      DMA      0      0      0      0      0      0      0      0      1      1      2 
Node 0, zone    DMA32    218    191    139    115     88     72     49     33     29     23    755 
Node 0, zone   Normal   2394   3219   8083   7205   6200   4986   3953   2910   2211   1518   3887 
Node 0 MemFree:        28459328 kB
Node 0 FilePages:        383868 kB
--- r1a_old の前のノード0: 2 MiB 以上の空きブロック 21.15 GiB (しきい値 16) ---
=== 開始 r1a_old (old: impl/27_no_interposition (so sha256 77e88ec9d704)) 2026-10-01T15:22:53+00:00 ===
=== 終了 r1a_old 2026-10-01T15:25:24+00:00 (exit=0) ===
	Elapsed (wall clock) time (h:mm:ss or m:ss): 2:30.18
	Maximum resident set size (kbytes): 14517088
	Minor (reclaiming a frame) page faults: 3718429
全探索の所要時間：68.7327 秒
F1	63.8832 P2	41.4148 P4	15.8001 loop174	14.5723 
--- thp_fault_fallback の前後差: 0 ---
--- 巨大ページ (発見済み表・索引・後退解析の配列) ---
r1a_old: anonhuge_seen_kB 4,194,304 / anonhuge_index_kB 8,486,912 / anonhuge_loop_kB 4,972,544
--- オラクル 174行 ---
PASS: 174 行すべて一致
  手数別局面数の合計: 96802868
--- dat/ のバイト比較 (#27 本走と): 213 ファイル / 1974425336 バイト / 一致 ---
--- 件数の列を #27 本走と照合 ---
r1a_old_forward.tsv: 74 ラウンド（#27 は 74）/ 件数の列 一致
=== 完了 r1a_old 2026-10-01T15:25:29+00:00 ===
--- r1b_new の前のノード0: 2 MiB 以上の空きブロック 21.31 GiB (しきい値 16) ---
=== 開始 r1b_new (new: impl/28_march_native (so sha256 5128798ef4a5)) 2026-10-01T15:25:30+00:00 ===
=== 終了 r1b_new 2026-10-01T15:27:55+00:00 (exit=0) ===
	Elapsed (wall clock) time (h:mm:ss or m:ss): 2:25.45
	Maximum resident set size (kbytes): 14517080
	Minor (reclaiming a frame) page faults: 3718419
全探索の所要時間：66.8934 秒
F1	62.1138 P2	39.2428 P4	15.6303 loop174	14.3273 
--- thp_fault_fallback の前後差: 0 ---
--- 巨大ページ (発見済み表・索引・後退解析の配列) ---
r1b_new: anonhuge_seen_kB 4,194,304 / anonhuge_index_kB 8,486,912 / anonhuge_loop_kB 4,972,544
--- オラクル 174行 ---
PASS: 174 行すべて一致
  手数別局面数の合計: 96802868
--- dat/ のバイト比較 (#27 本走と): 213 ファイル / 1974425336 バイト / 一致 ---
--- 件数の列を #27 本走と照合 ---
r1b_new_forward.tsv: 74 ラウンド（#27 は 74）/ 件数の列 一致
=== 完了 r1b_new 2026-10-01T15:28:01+00:00 ===
--- r1c_new の前のノード0: 2 MiB 以上の空きブロック 21.41 GiB (しきい値 16) ---
=== 開始 r1c_new (new: impl/28_march_native (so sha256 5128798ef4a5)) 2026-10-01T15:28:01+00:00 ===
=== 終了 r1c_new 2026-10-01T15:30:28+00:00 (exit=0) ===
	Elapsed (wall clock) time (h:mm:ss or m:ss): 2:27.02
	Maximum resident set size (kbytes): 14516968
	Minor (reclaiming a frame) page faults: 3718431
全探索の所要時間：67.4127 秒
F1	62.5666 P2	39.6406 P4	15.8931 loop174	14.6188 
--- thp_fault_fallback の前後差: 0 ---
--- 巨大ページ (発見済み表・索引・後退解析の配列) ---
r1c_new: anonhuge_seen_kB 4,194,304 / anonhuge_index_kB 8,486,912 / anonhuge_loop_kB 4,972,544
--- オラクル 174行 ---
PASS: 174 行すべて一致
  手数別局面数の合計: 96802868
--- dat/ のバイト比較 (#27 本走と): 213 ファイル / 1974425336 バイト / 一致 ---
--- 件数の列を #27 本走と照合 ---
r1c_new_forward.tsv: 74 ラウンド（#27 は 74）/ 件数の列 一致
=== 完了 r1c_new 2026-10-01T15:30:34+00:00 ===
--- r1d_old の前のノード0: 2 MiB 以上の空きブロック 21.47 GiB (しきい値 16) ---
=== 開始 r1d_old (old: impl/27_no_interposition (so sha256 77e88ec9d704)) 2026-10-01T15:30:34+00:00 ===
=== 終了 r1d_old 2026-10-01T15:33:04+00:00 (exit=0) ===
	Elapsed (wall clock) time (h:mm:ss or m:ss): 2:29.19
	Maximum resident set size (kbytes): 14516908
	Minor (reclaiming a frame) page faults: 3718426
全探索の所要時間：68.3057 秒
F1	63.5062 P2	41.1856 P4	15.7090 loop174	14.4946 
--- thp_fault_fallback の前後差: 0 ---
--- 巨大ページ (発見済み表・索引・後退解析の配列) ---
r1d_old: anonhuge_seen_kB 4,194,304 / anonhuge_index_kB 8,486,912 / anonhuge_loop_kB 4,972,544
--- オラクル 174行 ---
PASS: 174 行すべて一致
  手数別局面数の合計: 96802868
--- dat/ のバイト比較 (#27 本走と): 213 ファイル / 1974425336 バイト / 一致 ---
--- 件数の列を #27 本走と照合 ---
r1d_old_forward.tsv: 74 ラウンド（#27 は 74）/ 件数の列 一致
=== 完了 r1d_old 2026-10-01T15:33:09+00:00 ===
--- r2a_old の前のノード0: 2 MiB 以上の空きブロック 21.44 GiB (しきい値 16) ---
=== 開始 r2a_old (old: impl/27_no_interposition (so sha256 77e88ec9d704)) 2026-10-01T15:33:09+00:00 ===
=== 終了 r2a_old 2026-10-01T15:35:39+00:00 (exit=0) ===
	Elapsed (wall clock) time (h:mm:ss or m:ss): 2:29.26
	Maximum resident set size (kbytes): 14516648
	Minor (reclaiming a frame) page faults: 3718432
全探索の所要時間：68.4051 秒
F1	63.5903 P2	41.1253 P4	15.6781 loop174	14.5488 
--- thp_fault_fallback の前後差: 0 ---
--- 巨大ページ (発見済み表・索引・後退解析の配列) ---
r2a_old: anonhuge_seen_kB 4,194,304 / anonhuge_index_kB 8,486,912 / anonhuge_loop_kB 4,972,544
--- オラクル 174行 ---
PASS: 174 行すべて一致
  手数別局面数の合計: 96802868
--- dat/ のバイト比較 (#27 本走と): 213 ファイル / 1974425336 バイト / 一致 ---
--- 件数の列を #27 本走と照合 ---
r2a_old_forward.tsv: 74 ラウンド（#27 は 74）/ 件数の列 一致
=== 完了 r2a_old 2026-10-01T15:35:44+00:00 ===
--- r2b_new の前のノード0: 2 MiB 以上の空きブロック 21.36 GiB (しきい値 16) ---
=== 開始 r2b_new (new: impl/28_march_native (so sha256 5128798ef4a5)) 2026-10-01T15:35:45+00:00 ===
=== 終了 r2b_new 2026-10-01T15:38:12+00:00 (exit=0) ===
	Elapsed (wall clock) time (h:mm:ss or m:ss): 2:27.41
	Maximum resident set size (kbytes): 14516652
	Minor (reclaiming a frame) page faults: 3718429
全探索の所要時間：67.5839 秒
F1	62.7022 P2	39.8869 P4	15.8521 loop174	14.5610 
--- thp_fault_fallback の前後差: 0 ---
--- 巨大ページ (発見済み表・索引・後退解析の配列) ---
r2b_new: anonhuge_seen_kB 4,194,304 / anonhuge_index_kB 8,486,912 / anonhuge_loop_kB 4,972,544
--- オラクル 174行 ---
PASS: 174 行すべて一致
  手数別局面数の合計: 96802868
--- dat/ のバイト比較 (#27 本走と): 213 ファイル / 1974425336 バイト / 一致 ---
--- 件数の列を #27 本走と照合 ---
r2b_new_forward.tsv: 74 ラウンド（#27 は 74）/ 件数の列 一致
=== 完了 r2b_new 2026-10-01T15:38:18+00:00 ===
--- r2c_new の前のノード0: 2 MiB 以上の空きブロック 21.29 GiB (しきい値 16) ---
=== 開始 r2c_new (new: impl/28_march_native (so sha256 5128798ef4a5)) 2026-10-01T15:38:18+00:00 ===
=== 終了 r2c_new 2026-10-01T15:40:46+00:00 (exit=0) ===
	Elapsed (wall clock) time (h:mm:ss or m:ss): 2:27.59
	Maximum resident set size (kbytes): 14517088
	Minor (reclaiming a frame) page faults: 3718431
全探索の所要時間：67.5066 秒
F1	62.6224 P2	39.9907 P4	15.9443 loop174	14.6782 
--- thp_fault_fallback の前後差: 0 ---
--- 巨大ページ (発見済み表・索引・後退解析の配列) ---
r2c_new: anonhuge_seen_kB 4,194,304 / anonhuge_index_kB 8,486,912 / anonhuge_loop_kB 4,972,544
--- オラクル 174行 ---
PASS: 174 行すべて一致
  手数別局面数の合計: 96802868
--- dat/ のバイト比較 (#27 本走と): 213 ファイル / 1974425336 バイト / 一致 ---
--- 件数の列を #27 本走と照合 ---
r2c_new_forward.tsv: 74 ラウンド（#27 は 74）/ 件数の列 一致
=== 完了 r2c_new 2026-10-01T15:40:51+00:00 ===
--- r2d_old の前のノード0: 2 MiB 以上の空きブロック 21.26 GiB (しきい値 16) ---
=== 開始 r2d_old (old: impl/27_no_interposition (so sha256 77e88ec9d704)) 2026-10-01T15:40:52+00:00 ===
=== 終了 r2d_old 2026-10-01T15:43:21+00:00 (exit=0) ===
	Elapsed (wall clock) time (h:mm:ss or m:ss): 2:29.42
	Maximum resident set size (kbytes): 14517088
	Minor (reclaiming a frame) page faults: 3718424
全探索の所要時間：68.3906 秒
F1	63.5440 P2	41.2697 P4	15.6643 loop174	14.5380 
--- thp_fault_fallback の前後差: 0 ---
--- 巨大ページ (発見済み表・索引・後退解析の配列) ---
r2d_old: anonhuge_seen_kB 4,194,304 / anonhuge_index_kB 8,486,912 / anonhuge_loop_kB 4,972,544
--- オラクル 174行 ---
PASS: 174 行すべて一致
  手数別局面数の合計: 96802868
--- dat/ のバイト比較 (#27 本走と): 213 ファイル / 1974425336 バイト / 一致 ---
--- 件数の列を #27 本走と照合 ---
r2d_old_forward.tsv: 74 ラウンド（#27 は 74）/ 件数の列 一致
=== 完了 r2d_old 2026-10-01T15:43:27+00:00 ===
--- r3a_old の前のノード0: 2 MiB 以上の空きブロック 21.20 GiB (しきい値 16) ---
=== 開始 r3a_old (old: impl/27_no_interposition (so sha256 77e88ec9d704)) 2026-10-01T15:43:27+00:00 ===
=== 終了 r3a_old 2026-10-01T15:45:57+00:00 (exit=0) ===
	Elapsed (wall clock) time (h:mm:ss or m:ss): 2:29.78
	Maximum resident set size (kbytes): 14517088
	Minor (reclaiming a frame) page faults: 3718431
全探索の所要時間：68.5579 秒
F1	63.6825 P2	41.1378 P4	15.8261 loop174	14.6947 
--- thp_fault_fallback の前後差: 0 ---
--- 巨大ページ (発見済み表・索引・後退解析の配列) ---
r3a_old: anonhuge_seen_kB 4,194,304 / anonhuge_index_kB 8,486,912 / anonhuge_loop_kB 4,972,544
--- オラクル 174行 ---
PASS: 174 行すべて一致
  手数別局面数の合計: 96802868
--- dat/ のバイト比較 (#27 本走と): 213 ファイル / 1974425336 バイト / 一致 ---
--- 件数の列を #27 本走と照合 ---
r3a_old_forward.tsv: 74 ラウンド（#27 は 74）/ 件数の列 一致
=== 完了 r3a_old 2026-10-01T15:46:03+00:00 ===
--- r3b_new の前のノード0: 2 MiB 以上の空きブロック 21.18 GiB (しきい値 16) ---
=== 開始 r3b_new (new: impl/28_march_native (so sha256 5128798ef4a5)) 2026-10-01T15:46:03+00:00 ===
=== 終了 r3b_new 2026-10-01T15:48:30+00:00 (exit=0) ===
	Elapsed (wall clock) time (h:mm:ss or m:ss): 2:26.43
	Maximum resident set size (kbytes): 14517088
	Minor (reclaiming a frame) page faults: 3718431
全探索の所要時間：67.3513 秒
F1	62.5046 P2	39.3887 P4	15.7356 loop174	14.5181 
--- thp_fault_fallback の前後差: 0 ---
--- 巨大ページ (発見済み表・索引・後退解析の配列) ---
r3b_new: anonhuge_seen_kB 4,194,304 / anonhuge_index_kB 8,486,912 / anonhuge_loop_kB 4,972,544
--- オラクル 174行 ---
PASS: 174 行すべて一致
  手数別局面数の合計: 96802868
--- dat/ のバイト比較 (#27 本走と): 213 ファイル / 1974425336 バイト / 一致 ---
--- 件数の列を #27 本走と照合 ---
r3b_new_forward.tsv: 74 ラウンド（#27 は 74）/ 件数の列 一致
=== 完了 r3b_new 2026-10-01T15:48:35+00:00 ===
--- r3c_new の前のノード0: 2 MiB 以上の空きブロック 21.18 GiB (しきい値 16) ---
=== 開始 r3c_new (new: impl/28_march_native (so sha256 5128798ef4a5)) 2026-10-01T15:48:35+00:00 ===
=== 終了 r3c_new 2026-10-01T15:51:02+00:00 (exit=0) ===
	Elapsed (wall clock) time (h:mm:ss or m:ss): 2:26.63
	Maximum resident set size (kbytes): 14517088
	Minor (reclaiming a frame) page faults: 3718430
全探索の所要時間：67.1789 秒
F1	62.2932 P2	39.5179 P4	15.8461 loop174	14.6012 
--- thp_fault_fallback の前後差: 0 ---
--- 巨大ページ (発見済み表・索引・後退解析の配列) ---
r3c_new: anonhuge_seen_kB 4,194,304 / anonhuge_index_kB 8,486,912 / anonhuge_loop_kB 4,972,544
--- オラクル 174行 ---
PASS: 174 行すべて一致
  手数別局面数の合計: 96802868
--- dat/ のバイト比較 (#27 本走と): 213 ファイル / 1974425336 バイト / 一致 ---
--- 件数の列を #27 本走と照合 ---
r3c_new_forward.tsv: 74 ラウンド（#27 は 74）/ 件数の列 一致
=== 完了 r3c_new 2026-10-01T15:51:08+00:00 ===
--- r3d_old の前のノード0: 2 MiB 以上の空きブロック 21.15 GiB (しきい値 16) ---
=== 開始 r3d_old (old: impl/27_no_interposition (so sha256 77e88ec9d704)) 2026-10-01T15:51:08+00:00 ===
=== 終了 r3d_old 2026-10-01T15:53:38+00:00 (exit=0) ===
	Elapsed (wall clock) time (h:mm:ss or m:ss): 2:30.03
	Maximum resident set size (kbytes): 14516996
	Minor (reclaiming a frame) page faults: 3718424
全探索の所要時間：68.6517 秒
F1	63.7833 P2	41.2837 P4	15.8178 loop174	14.6541 
--- thp_fault_fallback の前後差: 0 ---
--- 巨大ページ (発見済み表・索引・後退解析の配列) ---
r3d_old: anonhuge_seen_kB 4,194,304 / anonhuge_index_kB 8,486,912 / anonhuge_loop_kB 4,972,544
--- オラクル 174行 ---
PASS: 174 行すべて一致
  手数別局面数の合計: 96802868
--- dat/ のバイト比較 (#27 本走と): 213 ファイル / 1974425336 バイト / 一致 ---
--- 件数の列を #27 本走と照合 ---
r3d_old_forward.tsv: 74 ラウンド（#27 は 74）/ 件数の列 一致
=== 完了 r3d_old 2026-10-01T15:53:44+00:00 ===
=== 全12本 完了 2026-10-01T15:53:44+00:00 ===
