=== unmove_catch 試作の後退解析 開始 2026-10-06T04:26:10+00:00 ===
catch.so sha256 79907e24ca53 / bench sha256 18611e676857
load average: 1.04, 1.10, 1.00
CPU 使用率 (全 CPU, 1秒): 1%
--- a1_keep 開始 2026-10-06T04:26:11+00:00 ---
初期化: 36.23 秒 (キャッチ 140298614 / トライ負け 7018985 / キャッチ抜きの数が 0 で先に決めた 0)
一致の検査 (keep): 246803167 局面のうち, 食い違い 0 局面 => PASS
RESULT	keep	a1_keep	36.231	172.535	174	244120467	2382469059	922619768	896803883	563045408	0	0	0
--- a2_drop 開始 2026-10-06T04:29:54+00:00 ---
初期化: 59.08 秒 (キャッチ 140298614 / トライ負け 7018985 / キャッチ抜きの数が 0 で先に決めた 6254985)
一致の検査 (drop): 246803167 局面のうち, 食い違い 0 局面 => PASS
RESULT	drop	a2_drop	59.078	80.703	174	103821853	1094348081	495730952	256947768	341669361	0	6254985	0
--- a3_drop 開始 2026-10-06T04:32:29+00:00 ---
初期化: 58.93 秒 (キャッチ 140298614 / トライ負け 7018985 / キャッチ抜きの数が 0 で先に決めた 6254985)
一致の検査 (drop): 246803167 局面のうち, 食い違い 0 局面 => PASS
RESULT	drop	a3_drop	58.931	80.211	174	103821853	1094348081	495730952	256947768	341669361	0	6254985	0
--- a4_keep 開始 2026-10-06T04:35:02+00:00 ---
初期化: 36.38 秒 (キャッチ 140298614 / トライ負け 7018985 / キャッチ抜きの数が 0 で先に決めた 0)
一致の検査 (keep): 246803167 局面のうち, 食い違い 0 局面 => PASS
RESULT	keep	a4_keep	36.380	170.951	174	244120467	2382469059	922619768	896803883	563045408	0	0	0
--- a5_keep 開始 2026-10-06T04:38:44+00:00 ---
初期化: 36.30 秒 (キャッチ 140298614 / トライ負け 7018985 / キャッチ抜きの数が 0 で先に決めた 0)
一致の検査 (keep): 246803167 局面のうち, 食い違い 0 局面 => PASS
RESULT	keep	a5_keep	36.298	171.149	174	244120467	2382469059	922619768	896803883	563045408	0	0	0
--- a6_drop 開始 2026-10-06T04:42:26+00:00 ---
初期化: 58.91 秒 (キャッチ 140298614 / トライ負け 7018985 / キャッチ抜きの数が 0 で先に決めた 6254985)
一致の検査 (drop): 246803167 局面のうち, 食い違い 0 局面 => PASS
RESULT	drop	a6_drop	58.906	80.070	174	103821853	1094348081	495730952	256947768	341669361	0	6254985	0
thp_fault_fallback の前後差: 0
=== unmove_catch 試作の後退解析 全6本 完了 2026-10-06T04:44:59+00:00 ===
