time_jst	freq_max_mhz	freq_mean_mhz	pkg_temp_c	throttle	mem_free_kb	mem_cached_kb	mem_available_kb
2026-10-06T13:26:11	2395	1337	61.0	0	42284116	14040256	57381476
2026-10-06T13:27:11	3398	1287	69.0	0	36395384	14040976	51505376
2026-10-06T13:28:11	3436	1316	70.0	0	36362004	14042068	51473192
2026-10-06T13:29:11	3362	1322	70.0	0	35968364	14042728	51080288
2026-10-06T13:30:11	3437	1308	70.0	0	37516916	14044552	52630776
2026-10-06T13:31:11	3383	1470	71.0	0	36213184	14046432	51328956
2026-10-06T13:32:12	3491	1400	72.0	0	35712916	14046960	50829288
2026-10-06T13:33:12	3492	1338	71.0	0	36429980	14047608	51547092
2026-10-06T13:34:12	3492	1290	70.0	0	35994472	14048144	51112192
2026-10-06T13:35:12	3312	1383	68.0	0	37569520	14050468	52689652
2026-10-06T13:36:12	3449	1313	69.0	0	36398504	14051844	51520312
2026-10-06T13:37:12	3374	1316	70.0	0	36349984	14052500	51472320
2026-10-06T13:38:12	3397	1306	69.0	0	35874352	14053028	50997304
2026-10-06T13:39:12	3470	1326	72.0	0	36467132	14053696	51590352
2026-10-06T13:40:12	3500	1402	73.0	0	36373368	14054680	51498404
2026-10-06T13:41:12	3433	1316	73.0	0	36225032	14055208	51350852
2026-10-06T13:42:12	3434	1319	74.0	0	35729808	14055728	50855864
2026-10-06T13:43:12	3351	1290	72.0	0	36418996	14056336	51545492
2026-10-06T13:44:12	3344	1311	73.0	0	35956804	14056360	51083836
