=== 門番 #31 開始 2026-10-04T02:06:34+00:00 ===
# gcc: gcc (Ubuntu 13.3.0-6ubuntu2~24.04.1) 13.3.0
# gcc -march=native -Q --help=target の -march= / -mtune=
 -march= broadwell
 -mtune= broadwell
# -march=native で増える事前定義マクロ (__AVX2__ など, 命令セットのものだけ)
__ABM__ __ADX__ __AES__ __AVX__ __AVX2__ __BMI__ __BMI2__ __F16C__ __FMA__ __FSGSBASE__ __LAHF_SAHF__ __LZCNT__ __MOVBE__ __PCLMUL__ __POPCNT__ __PRFCHW__ __RDRND__ __RDSEED__ __RTM__ __SSE3__ __SSE4_1__ __SSE4_2__ __XSAVE__ __XSAVEOPT__ 
--- 回す前の負荷 ---
load average: 0.93, 0.79, 0.66
CPU 使用率 (全 CPU, 1秒): 1%
--- 回す前のノード0のメモリ (/proc/buddyinfo と meminfo) ---
Node 0, zone      DMA      0      0      0      0      0      0      0      0      1      1      2 
Node 0, zone    DMA32    218    192    139    115     88     72     49     33     29     23    755 
Node 0, zone   Normal  18574  12285   9287   6020   3819   1694   1184   2310   2421    146   4112 
Node 0 MemFree:        25314888 kB
Node 0 FilePages:       3255156 kB
--- r1a_old の前のノード0: 2 MiB 以上の空きブロック 19.35 GiB (しきい値 16) ---
=== 開始 r1a_old (old: impl/30_rank_seen (so sha256 1948f6c159f2)) 2026-10-04T02:06:35+00:00 ===
=== 終了 r1a_old 2026-10-04T02:08:51+00:00 (exit=0) ===
	Elapsed (wall clock) time (h:mm:ss or m:ss): 2:15.46
	Maximum resident set size (kbytes): 14531812
	Minor (reclaiming a frame) page faults: 4143939
全探索の所要時間：56.2637 秒
F1	50.5474 P2	39.2614 P4	15.8702 loop174	14.5553 
--- thp_fault_fallback の前後差: 0 ---
--- 巨大ページ (発見済み表・索引・後退解析の配列) ---
r1a_old (old): anonhuge_seen_kB 104,448 / anonhuge_index_kB 8,486,912 / anonhuge_loop_kB 4,972,544
--- オラクル 174行 ---
PASS: 174 行すべて一致
  手数別局面数の合計: 96802868
--- dat/ のバイト比較 (#30 本走と): 213 ファイル / 1974425336 バイト / 一致 ---
--- 件数の列を #30 本走と照合 ---
r1a_old_forward.tsv: 74 ラウンド（#30 は 74）/ 件数の列 一致
=== 完了 r1a_old 2026-10-04T02:08:56+00:00 ===
--- r1b_new の前のノード0: 2 MiB 以上の空きブロック 19.30 GiB (しきい値 16) ---
=== 開始 r1b_new (new: impl/31_rank_index (so sha256 14effc10ba75)) 2026-10-04T02:08:57+00:00 ===
=== 終了 r1b_new 2026-10-04T02:11:12+00:00 (exit=0) ===
	Elapsed (wall clock) time (h:mm:ss or m:ss): 2:15.72
	Maximum resident set size (kbytes): 10776052
	Minor (reclaiming a frame) page faults: 4141475
全探索の所要時間：56.3822 秒
F1	50.6836 P2	40.7045 P4	15.9523 loop174	14.6836 
--- thp_fault_fallback の前後差: 0 ---
--- 巨大ページ (発見済み表・索引・後退解析の配列) ---
r1b_new (new): anonhuge_seen_kB 104,448 / anonhuge_index_kB 3,440,640 / anonhuge_loop_kB 4,972,544
--- オラクル 174行 ---
PASS: 174 行すべて一致
  手数別局面数の合計: 96802868
--- dat/ のバイト比較 (#30 本走と): 213 ファイル / 1974425336 バイト / 一致 ---
--- 件数の列を #30 本走と照合 ---
r1b_new_forward.tsv: 74 ラウンド（#30 は 74）/ 件数の列 一致
=== 完了 r1b_new 2026-10-04T02:11:18+00:00 ===
--- r1c_new の前のノード0: 2 MiB 以上の空きブロック 19.23 GiB (しきい値 16) ---
=== 開始 r1c_new (new: impl/31_rank_index (so sha256 14effc10ba75)) 2026-10-04T02:11:18+00:00 ===
=== 終了 r1c_new 2026-10-04T02:13:34+00:00 (exit=0) ===
	Elapsed (wall clock) time (h:mm:ss or m:ss): 2:15.38
	Maximum resident set size (kbytes): 10775788
	Minor (reclaiming a frame) page faults: 4141480
全探索の所要時間：56.2086 秒
F1	50.5307 P2	40.7356 P4	15.8216 loop174	14.6280 
--- thp_fault_fallback の前後差: 0 ---
--- 巨大ページ (発見済み表・索引・後退解析の配列) ---
r1c_new (new): anonhuge_seen_kB 104,448 / anonhuge_index_kB 3,440,640 / anonhuge_loop_kB 4,972,544
--- オラクル 174行 ---
PASS: 174 行すべて一致
  手数別局面数の合計: 96802868
--- dat/ のバイト比較 (#30 本走と): 213 ファイル / 1974425336 バイト / 一致 ---
--- 件数の列を #30 本走と照合 ---
r1c_new_forward.tsv: 74 ラウンド（#30 は 74）/ 件数の列 一致
=== 完了 r1c_new 2026-10-04T02:13:39+00:00 ===
--- r1d_old の前のノード0: 2 MiB 以上の空きブロック 19.18 GiB (しきい値 16) ---
=== 開始 r1d_old (old: impl/30_rank_seen (so sha256 1948f6c159f2)) 2026-10-04T02:13:40+00:00 ===
=== 終了 r1d_old 2026-10-04T02:15:56+00:00 (exit=0) ===
	Elapsed (wall clock) time (h:mm:ss or m:ss): 2:15.66
	Maximum resident set size (kbytes): 14531820
	Minor (reclaiming a frame) page faults: 4143943
全探索の所要時間：56.5305 秒
F1	50.8194 P2	39.2249 P4	15.8668 loop174	14.5403 
--- thp_fault_fallback の前後差: 0 ---
--- 巨大ページ (発見済み表・索引・後退解析の配列) ---
r1d_old (old): anonhuge_seen_kB 104,448 / anonhuge_index_kB 8,486,912 / anonhuge_loop_kB 4,972,544
--- オラクル 174行 ---
PASS: 174 行すべて一致
  手数別局面数の合計: 96802868
--- dat/ のバイト比較 (#30 本走と): 213 ファイル / 1974425336 バイト / 一致 ---
--- 件数の列を #30 本走と照合 ---
r1d_old_forward.tsv: 74 ラウンド（#30 は 74）/ 件数の列 一致
=== 完了 r1d_old 2026-10-04T02:16:01+00:00 ===
--- r2a_old の前のノード0: 2 MiB 以上の空きブロック 19.14 GiB (しきい値 16) ---
=== 開始 r2a_old (old: impl/30_rank_seen (so sha256 1948f6c159f2)) 2026-10-04T02:16:02+00:00 ===
=== 終了 r2a_old 2026-10-04T02:18:18+00:00 (exit=0) ===
	Elapsed (wall clock) time (h:mm:ss or m:ss): 2:16.01
	Maximum resident set size (kbytes): 14531824
	Minor (reclaiming a frame) page faults: 4143942
全探索の所要時間：56.5109 秒
F1	50.7746 P2	39.4316 P4	15.9262 loop174	14.6058 
--- thp_fault_fallback の前後差: 0 ---
--- 巨大ページ (発見済み表・索引・後退解析の配列) ---
r2a_old (old): anonhuge_seen_kB 104,448 / anonhuge_index_kB 8,486,912 / anonhuge_loop_kB 4,972,544
--- オラクル 174行 ---
PASS: 174 行すべて一致
  手数別局面数の合計: 96802868
--- dat/ のバイト比較 (#30 本走と): 213 ファイル / 1974425336 バイト / 一致 ---
--- 件数の列を #30 本走と照合 ---
r2a_old_forward.tsv: 74 ラウンド（#30 は 74）/ 件数の列 一致
=== 完了 r2a_old 2026-10-04T02:18:23+00:00 ===
--- r2b_new の前のノード0: 2 MiB 以上の空きブロック 19.10 GiB (しきい値 16) ---
=== 開始 r2b_new (new: impl/31_rank_index (so sha256 14effc10ba75)) 2026-10-04T02:18:24+00:00 ===
=== 終了 r2b_new 2026-10-04T02:20:40+00:00 (exit=0) ===
	Elapsed (wall clock) time (h:mm:ss or m:ss): 2:16.19
	Maximum resident set size (kbytes): 10776356
	Minor (reclaiming a frame) page faults: 4141481
全探索の所要時間：56.6255 秒
F1	50.8837 P2	40.8706 P4	15.9440 loop174	14.7331 
--- thp_fault_fallback の前後差: 0 ---
--- 巨大ページ (発見済み表・索引・後退解析の配列) ---
r2b_new (new): anonhuge_seen_kB 104,448 / anonhuge_index_kB 3,440,640 / anonhuge_loop_kB 4,972,544
--- オラクル 174行 ---
PASS: 174 行すべて一致
  手数別局面数の合計: 96802868
--- dat/ のバイト比較 (#30 本走と): 213 ファイル / 1974425336 バイト / 一致 ---
--- 件数の列を #30 本走と照合 ---
r2b_new_forward.tsv: 74 ラウンド（#30 は 74）/ 件数の列 一致
=== 完了 r2b_new 2026-10-04T02:20:46+00:00 ===
--- r2c_new の前のノード0: 2 MiB 以上の空きブロック 19.05 GiB (しきい値 16) ---
=== 開始 r2c_new (new: impl/31_rank_index (so sha256 14effc10ba75)) 2026-10-04T02:20:46+00:00 ===
=== 終了 r2c_new 2026-10-04T02:23:02+00:00 (exit=0) ===
	Elapsed (wall clock) time (h:mm:ss or m:ss): 2:15.68
	Maximum resident set size (kbytes): 10775704
	Minor (reclaiming a frame) page faults: 4141483
全探索の所要時間：56.3900 秒
F1	50.6866 P2	40.8335 P4	15.8789 loop174	14.6099 
--- thp_fault_fallback の前後差: 0 ---
--- 巨大ページ (発見済み表・索引・後退解析の配列) ---
r2c_new (new): anonhuge_seen_kB 104,448 / anonhuge_index_kB 3,440,640 / anonhuge_loop_kB 4,972,544
--- オラクル 174行 ---
PASS: 174 行すべて一致
  手数別局面数の合計: 96802868
--- dat/ のバイト比較 (#30 本走と): 213 ファイル / 1974425336 バイト / 一致 ---
--- 件数の列を #30 本走と照合 ---
r2c_new_forward.tsv: 74 ラウンド（#30 は 74）/ 件数の列 一致
=== 完了 r2c_new 2026-10-04T02:23:08+00:00 ===
--- r2d_old の前のノード0: 2 MiB 以上の空きブロック 18.99 GiB (しきい値 16) ---
=== 開始 r2d_old (old: impl/30_rank_seen (so sha256 1948f6c159f2)) 2026-10-04T02:23:08+00:00 ===
=== 終了 r2d_old 2026-10-04T02:25:24+00:00 (exit=0) ===
	Elapsed (wall clock) time (h:mm:ss or m:ss): 2:15.65
	Maximum resident set size (kbytes): 14531820
	Minor (reclaiming a frame) page faults: 4143942
全探索の所要時間：56.2087 秒
F1	50.5382 P2	39.3417 P4	15.9708 loop174	14.6839 
--- thp_fault_fallback の前後差: 0 ---
--- 巨大ページ (発見済み表・索引・後退解析の配列) ---
r2d_old (old): anonhuge_seen_kB 104,448 / anonhuge_index_kB 8,486,912 / anonhuge_loop_kB 4,972,544
--- オラクル 174行 ---
PASS: 174 行すべて一致
  手数別局面数の合計: 96802868
--- dat/ のバイト比較 (#30 本走と): 213 ファイル / 1974425336 バイト / 一致 ---
--- 件数の列を #30 本走と照合 ---
r2d_old_forward.tsv: 74 ラウンド（#30 は 74）/ 件数の列 一致
=== 完了 r2d_old 2026-10-04T02:25:29+00:00 ===
--- r3a_old の前のノード0: 2 MiB 以上の空きブロック 18.95 GiB (しきい値 16) ---
=== 開始 r3a_old (old: impl/30_rank_seen (so sha256 1948f6c159f2)) 2026-10-04T02:25:30+00:00 ===
=== 終了 r3a_old 2026-10-04T02:27:46+00:00 (exit=0) ===
	Elapsed (wall clock) time (h:mm:ss or m:ss): 2:15.60
	Maximum resident set size (kbytes): 14531820
	Minor (reclaiming a frame) page faults: 4143940
全探索の所要時間：56.2903 秒
F1	50.6018 P2	39.2577 P4	15.8811 loop174	14.6891 
--- thp_fault_fallback の前後差: 0 ---
--- 巨大ページ (発見済み表・索引・後退解析の配列) ---
r3a_old (old): anonhuge_seen_kB 104,448 / anonhuge_index_kB 8,486,912 / anonhuge_loop_kB 4,972,544
--- オラクル 174行 ---
PASS: 174 行すべて一致
  手数別局面数の合計: 96802868
--- dat/ のバイト比較 (#30 本走と): 213 ファイル / 1974425336 バイト / 一致 ---
--- 件数の列を #30 本走と照合 ---
r3a_old_forward.tsv: 74 ラウンド（#30 は 74）/ 件数の列 一致
=== 完了 r3a_old 2026-10-04T02:27:51+00:00 ===
--- r3b_new の前のノード0: 2 MiB 以上の空きブロック 18.91 GiB (しきい値 16) ---
=== 開始 r3b_new (new: impl/31_rank_index (so sha256 14effc10ba75)) 2026-10-04T02:27:52+00:00 ===
=== 終了 r3b_new 2026-10-04T02:30:07+00:00 (exit=0) ===
	Elapsed (wall clock) time (h:mm:ss or m:ss): 2:15.67
	Maximum resident set size (kbytes): 10776048
	Minor (reclaiming a frame) page faults: 4141468
全探索の所要時間：56.1810 秒
F1	50.5051 P2	40.7930 P4	15.9897 loop174	14.7296 
--- thp_fault_fallback の前後差: 0 ---
--- 巨大ページ (発見済み表・索引・後退解析の配列) ---
r3b_new (new): anonhuge_seen_kB 104,448 / anonhuge_index_kB 3,440,640 / anonhuge_loop_kB 4,972,544
--- オラクル 174行 ---
PASS: 174 行すべて一致
  手数別局面数の合計: 96802868
--- dat/ のバイト比較 (#30 本走と): 213 ファイル / 1974425336 バイト / 一致 ---
--- 件数の列を #30 本走と照合 ---
r3b_new_forward.tsv: 74 ラウンド（#30 は 74）/ 件数の列 一致
=== 完了 r3b_new 2026-10-04T02:30:13+00:00 ===
--- r3c_new の前のノード0: 2 MiB 以上の空きブロック 18.86 GiB (しきい値 16) ---
=== 開始 r3c_new (new: impl/31_rank_index (so sha256 14effc10ba75)) 2026-10-04T02:30:13+00:00 ===
=== 終了 r3c_new 2026-10-04T02:32:29+00:00 (exit=0) ===
	Elapsed (wall clock) time (h:mm:ss or m:ss): 2:16.09
	Maximum resident set size (kbytes): 10775664
	Minor (reclaiming a frame) page faults: 4141481
全探索の所要時間：56.7027 秒
F1	50.9786 P2	40.7732 P4	15.9009 loop174	14.7035 
--- thp_fault_fallback の前後差: 0 ---
--- 巨大ページ (発見済み表・索引・後退解析の配列) ---
r3c_new (new): anonhuge_seen_kB 104,448 / anonhuge_index_kB 3,440,640 / anonhuge_loop_kB 4,972,544
--- オラクル 174行 ---
PASS: 174 行すべて一致
  手数別局面数の合計: 96802868
--- dat/ のバイト比較 (#30 本走と): 213 ファイル / 1974425336 バイト / 一致 ---
--- 件数の列を #30 本走と照合 ---
r3c_new_forward.tsv: 74 ラウンド（#30 は 74）/ 件数の列 一致
=== 完了 r3c_new 2026-10-04T02:32:35+00:00 ===
--- r3d_old の前のノード0: 2 MiB 以上の空きブロック 18.82 GiB (しきい値 16) ---
=== 開始 r3d_old (old: impl/30_rank_seen (so sha256 1948f6c159f2)) 2026-10-04T02:32:35+00:00 ===
=== 終了 r3d_old 2026-10-04T02:34:51+00:00 (exit=0) ===
	Elapsed (wall clock) time (h:mm:ss or m:ss): 2:16.04
	Maximum resident set size (kbytes): 14531820
	Minor (reclaiming a frame) page faults: 4143941
全探索の所要時間：56.6147 秒
F1	50.8630 P2	39.3321 P4	15.8930 loop174	14.7351 
--- thp_fault_fallback の前後差: 0 ---
--- 巨大ページ (発見済み表・索引・後退解析の配列) ---
r3d_old (old): anonhuge_seen_kB 104,448 / anonhuge_index_kB 8,486,912 / anonhuge_loop_kB 4,972,544
--- オラクル 174行 ---
PASS: 174 行すべて一致
  手数別局面数の合計: 96802868
--- dat/ のバイト比較 (#30 本走と): 213 ファイル / 1974425336 バイト / 一致 ---
--- 件数の列を #30 本走と照合 ---
r3d_old_forward.tsv: 74 ラウンド（#30 は 74）/ 件数の列 一致
=== 完了 r3d_old 2026-10-04T02:34:57+00:00 ===
=== 全12本 完了 2026-10-04T02:34:57+00:00 ===
