=== 門番 #29 開始 2026-10-02T17:17:56+00:00 ===
# gcc: gcc (Ubuntu 13.3.0-6ubuntu2~24.04.1) 13.3.0
# gcc -march=native -Q --help=target の -march= / -mtune=
 -march= broadwell
 -mtune= broadwell
# -march=native で増える事前定義マクロ (__AVX2__ など, 命令セットのものだけ)
__ABM__ __ADX__ __AES__ __AVX__ __AVX2__ __BMI__ __BMI2__ __F16C__ __FMA__ __FSGSBASE__ __LAHF_SAHF__ __LZCNT__ __MOVBE__ __PCLMUL__ __POPCNT__ __PRFCHW__ __RDRND__ __RDSEED__ __RTM__ __SSE3__ __SSE4_1__ __SSE4_2__ __XSAVE__ __XSAVEOPT__ 
--- 回す前の負荷 ---
load average: 0.17, 0.20, 0.44
CPU 使用率 (全 CPU, 1秒): 1%
--- 回す前のノード0のメモリ (/proc/buddyinfo と meminfo) ---
Node 0, zone      DMA      0      0      0      0      0      0      0      0      1      1      2 
Node 0, zone    DMA32    219    191    139    115     88     72     49     33     29     23    755 
Node 0, zone   Normal   3450   4845   7500   6307   5317   4327   3247   2485   1787   1354   4199 
Node 0 MemFree:        28407204 kB
Node 0 FilePages:        439720 kB
--- r1a_old の前のノード0: 2 MiB 以上の空きブロック 22.05 GiB (しきい値 16) ---
=== 開始 r1a_old (old: impl/28_march_native (so sha256 5128798ef4a5)) 2026-10-02T17:17:58+00:00 ===
=== 終了 r1a_old 2026-10-02T17:20:24+00:00 (exit=0) ===
	Elapsed (wall clock) time (h:mm:ss or m:ss): 2:26.24
	Maximum resident set size (kbytes): 14516936
	Minor (reclaiming a frame) page faults: 3718421
全探索の所要時間：67.3072 秒
F1	62.5212 P2	39.3005 P4	15.7324 loop174	14.5498 
--- thp_fault_fallback の前後差: 0 ---
--- 巨大ページ (発見済み表・索引・後退解析の配列) ---
r1a_old: anonhuge_seen_kB 4,194,304 / anonhuge_index_kB 8,486,912 / anonhuge_loop_kB 4,972,544
--- オラクル 174行 ---
PASS: 174 行すべて一致
  手数別局面数の合計: 96802868
--- dat/ のバイト比較 (#28 本走と): 213 ファイル / 1974425336 バイト / 一致 ---
--- 件数の列を #28 本走と照合 ---
r1a_old_forward.tsv: 74 ラウンド（#28 は 74）/ 件数の列 一致
=== 完了 r1a_old 2026-10-02T17:20:30+00:00 ===
--- r1b_new の前のノード0: 2 MiB 以上の空きブロック 22.04 GiB (しきい値 16) ---
=== 開始 r1b_new (new: impl/29_static_const_moves (so sha256 02852e36584f)) 2026-10-02T17:20:30+00:00 ===
=== 終了 r1b_new 2026-10-02T17:22:57+00:00 (exit=0) ===
	Elapsed (wall clock) time (h:mm:ss or m:ss): 2:26.38
	Maximum resident set size (kbytes): 14517088
	Minor (reclaiming a frame) page faults: 3718432
全探索の所要時間：66.9318 秒
F1	62.0875 P2	39.5197 P4	15.8929 loop174	14.5911 
--- thp_fault_fallback の前後差: 0 ---
--- 巨大ページ (発見済み表・索引・後退解析の配列) ---
r1b_new: anonhuge_seen_kB 4,194,304 / anonhuge_index_kB 8,486,912 / anonhuge_loop_kB 4,972,544
--- オラクル 174行 ---
PASS: 174 行すべて一致
  手数別局面数の合計: 96802868
--- dat/ のバイト比較 (#28 本走と): 213 ファイル / 1974425336 バイト / 一致 ---
--- 件数の列を #28 本走と照合 ---
r1b_new_forward.tsv: 74 ラウンド（#28 は 74）/ 件数の列 一致
=== 完了 r1b_new 2026-10-02T17:23:02+00:00 ===
--- r1c_new の前のノード0: 2 MiB 以上の空きブロック 22.03 GiB (しきい値 16) ---
=== 開始 r1c_new (new: impl/29_static_const_moves (so sha256 02852e36584f)) 2026-10-02T17:23:03+00:00 ===
=== 終了 r1c_new 2026-10-02T17:25:30+00:00 (exit=0) ===
	Elapsed (wall clock) time (h:mm:ss or m:ss): 2:27.05
	Maximum resident set size (kbytes): 14517088
	Minor (reclaiming a frame) page faults: 3718429
全探索の所要時間：67.4386 秒
F1	62.5611 P2	39.4438 P4	15.9543 loop174	14.7216 
--- thp_fault_fallback の前後差: 0 ---
--- 巨大ページ (発見済み表・索引・後退解析の配列) ---
r1c_new: anonhuge_seen_kB 4,194,304 / anonhuge_index_kB 8,486,912 / anonhuge_loop_kB 4,972,544
--- オラクル 174行 ---
PASS: 174 行すべて一致
  手数別局面数の合計: 96802868
--- dat/ のバイト比較 (#28 本走と): 213 ファイル / 1974425336 バイト / 一致 ---
--- 件数の列を #28 本走と照合 ---
r1c_new_forward.tsv: 74 ラウンド（#28 は 74）/ 件数の列 一致
=== 完了 r1c_new 2026-10-02T17:25:35+00:00 ===
--- r1d_old の前のノード0: 2 MiB 以上の空きブロック 21.99 GiB (しきい値 16) ---
=== 開始 r1d_old (old: impl/28_march_native (so sha256 5128798ef4a5)) 2026-10-02T17:25:36+00:00 ===
=== 終了 r1d_old 2026-10-02T17:28:04+00:00 (exit=0) ===
	Elapsed (wall clock) time (h:mm:ss or m:ss): 2:27.80
	Maximum resident set size (kbytes): 14517084
	Minor (reclaiming a frame) page faults: 3718423
全探索の所要時間：67.9212 秒
F1	63.0342 P2	39.9825 P4	15.8924 loop174	14.5119 
--- thp_fault_fallback の前後差: 0 ---
--- 巨大ページ (発見済み表・索引・後退解析の配列) ---
r1d_old: anonhuge_seen_kB 4,194,304 / anonhuge_index_kB 8,486,912 / anonhuge_loop_kB 4,972,544
--- オラクル 174行 ---
PASS: 174 行すべて一致
  手数別局面数の合計: 96802868
--- dat/ のバイト比較 (#28 本走と): 213 ファイル / 1974425336 バイト / 一致 ---
--- 件数の列を #28 本走と照合 ---
r1d_old_forward.tsv: 74 ラウンド（#28 は 74）/ 件数の列 一致
=== 完了 r1d_old 2026-10-02T17:28:09+00:00 ===
--- r2a_old の前のノード0: 2 MiB 以上の空きブロック 21.96 GiB (しきい値 16) ---
=== 開始 r2a_old (old: impl/28_march_native (so sha256 5128798ef4a5)) 2026-10-02T17:28:09+00:00 ===
=== 終了 r2a_old 2026-10-02T17:30:36+00:00 (exit=0) ===
	Elapsed (wall clock) time (h:mm:ss or m:ss): 2:26.75
	Maximum resident set size (kbytes): 14517084
	Minor (reclaiming a frame) page faults: 3718426
全探索の所要時間：67.2527 秒
F1	62.3999 P2	39.5600 P4	15.9093 loop174	14.5598 
--- thp_fault_fallback の前後差: 0 ---
--- 巨大ページ (発見済み表・索引・後退解析の配列) ---
r2a_old: anonhuge_seen_kB 4,194,304 / anonhuge_index_kB 8,486,912 / anonhuge_loop_kB 4,972,544
--- オラクル 174行 ---
PASS: 174 行すべて一致
  手数別局面数の合計: 96802868
--- dat/ のバイト比較 (#28 本走と): 213 ファイル / 1974425336 バイト / 一致 ---
--- 件数の列を #28 本走と照合 ---
r2a_old_forward.tsv: 74 ラウンド（#28 は 74）/ 件数の列 一致
=== 完了 r2a_old 2026-10-02T17:30:42+00:00 ===
--- r2b_new の前のノード0: 2 MiB 以上の空きブロック 21.95 GiB (しきい値 16) ---
=== 開始 r2b_new (new: impl/29_static_const_moves (so sha256 02852e36584f)) 2026-10-02T17:30:42+00:00 ===
=== 終了 r2b_new 2026-10-02T17:33:10+00:00 (exit=0) ===
	Elapsed (wall clock) time (h:mm:ss or m:ss): 2:27.34
	Maximum resident set size (kbytes): 14517088
	Minor (reclaiming a frame) page faults: 3718433
全探索の所要時間：67.6697 秒
F1	62.7449 P2	39.5494 P4	15.9425 loop174	14.6278 
--- thp_fault_fallback の前後差: 0 ---
--- 巨大ページ (発見済み表・索引・後退解析の配列) ---
r2b_new: anonhuge_seen_kB 4,194,304 / anonhuge_index_kB 8,486,912 / anonhuge_loop_kB 4,972,544
--- オラクル 174行 ---
PASS: 174 行すべて一致
  手数別局面数の合計: 96802868
--- dat/ のバイト比較 (#28 本走と): 213 ファイル / 1974425336 バイト / 一致 ---
--- 件数の列を #28 本走と照合 ---
r2b_new_forward.tsv: 74 ラウンド（#28 は 74）/ 件数の列 一致
=== 完了 r2b_new 2026-10-02T17:33:15+00:00 ===
--- r2c_new の前のノード0: 2 MiB 以上の空きブロック 21.91 GiB (しきい値 16) ---
=== 開始 r2c_new (new: impl/29_static_const_moves (so sha256 02852e36584f)) 2026-10-02T17:33:15+00:00 ===
=== 終了 r2c_new 2026-10-02T17:35:43+00:00 (exit=0) ===
	Elapsed (wall clock) time (h:mm:ss or m:ss): 2:27.15
	Maximum resident set size (kbytes): 14517088
	Minor (reclaiming a frame) page faults: 3718431
全探索の所要時間：67.4826 秒
F1	62.6187 P2	39.5857 P4	15.8905 loop174	14.7078 
--- thp_fault_fallback の前後差: 0 ---
--- 巨大ページ (発見済み表・索引・後退解析の配列) ---
r2c_new: anonhuge_seen_kB 4,194,304 / anonhuge_index_kB 8,486,912 / anonhuge_loop_kB 4,972,544
--- オラクル 174行 ---
PASS: 174 行すべて一致
  手数別局面数の合計: 96802868
--- dat/ のバイト比較 (#28 本走と): 213 ファイル / 1974425336 バイト / 一致 ---
--- 件数の列を #28 本走と照合 ---
r2c_new_forward.tsv: 74 ラウンド（#28 は 74）/ 件数の列 一致
=== 完了 r2c_new 2026-10-02T17:35:48+00:00 ===
--- r2d_old の前のノード0: 2 MiB 以上の空きブロック 21.87 GiB (しきい値 16) ---
=== 開始 r2d_old (old: impl/28_march_native (so sha256 5128798ef4a5)) 2026-10-02T17:35:49+00:00 ===
=== 終了 r2d_old 2026-10-02T17:38:15+00:00 (exit=0) ===
	Elapsed (wall clock) time (h:mm:ss or m:ss): 2:26.56
	Maximum resident set size (kbytes): 14517088
	Minor (reclaiming a frame) page faults: 3718432
全探索の所要時間：67.1848 秒
F1	62.3433 P2	39.5988 P4	15.7845 loop174	14.5627 
--- thp_fault_fallback の前後差: 0 ---
--- 巨大ページ (発見済み表・索引・後退解析の配列) ---
r2d_old: anonhuge_seen_kB 4,194,304 / anonhuge_index_kB 8,486,912 / anonhuge_loop_kB 4,972,544
--- オラクル 174行 ---
PASS: 174 行すべて一致
  手数別局面数の合計: 96802868
--- dat/ のバイト比較 (#28 本走と): 213 ファイル / 1974425336 バイト / 一致 ---
--- 件数の列を #28 本走と照合 ---
r2d_old_forward.tsv: 74 ラウンド（#28 は 74）/ 件数の列 一致
=== 完了 r2d_old 2026-10-02T17:38:21+00:00 ===
--- r3a_old の前のノード0: 2 MiB 以上の空きブロック 21.61 GiB (しきい値 16) ---
=== 開始 r3a_old (old: impl/28_march_native (so sha256 5128798ef4a5)) 2026-10-02T17:38:21+00:00 ===
=== 終了 r3a_old 2026-10-02T17:40:48+00:00 (exit=0) ===
	Elapsed (wall clock) time (h:mm:ss or m:ss): 2:27.00
	Maximum resident set size (kbytes): 14516836
	Minor (reclaiming a frame) page faults: 3718427
全探索の所要時間：67.3808 秒
F1	62.5344 P2	39.7244 P4	15.8745 loop174	14.5533 
--- thp_fault_fallback の前後差: 0 ---
--- 巨大ページ (発見済み表・索引・後退解析の配列) ---
r3a_old: anonhuge_seen_kB 4,194,304 / anonhuge_index_kB 8,486,912 / anonhuge_loop_kB 4,972,544
--- オラクル 174行 ---
PASS: 174 行すべて一致
  手数別局面数の合計: 96802868
--- dat/ のバイト比較 (#28 本走と): 213 ファイル / 1974425336 バイト / 一致 ---
--- 件数の列を #28 本走と照合 ---
r3a_old_forward.tsv: 74 ラウンド（#28 は 74）/ 件数の列 一致
=== 完了 r3a_old 2026-10-02T17:40:54+00:00 ===
--- r3b_new の前のノード0: 2 MiB 以上の空きブロック 21.54 GiB (しきい値 16) ---
=== 開始 r3b_new (new: impl/29_static_const_moves (so sha256 02852e36584f)) 2026-10-02T17:40:54+00:00 ===
=== 終了 r3b_new 2026-10-02T17:43:21+00:00 (exit=0) ===
	Elapsed (wall clock) time (h:mm:ss or m:ss): 2:27.29
	Maximum resident set size (kbytes): 14516824
	Minor (reclaiming a frame) page faults: 3718430
全探索の所要時間：67.5656 秒
F1	62.6877 P2	39.7766 P4	15.8685 loop174	14.5745 
--- thp_fault_fallback の前後差: 0 ---
--- 巨大ページ (発見済み表・索引・後退解析の配列) ---
r3b_new: anonhuge_seen_kB 4,194,304 / anonhuge_index_kB 8,486,912 / anonhuge_loop_kB 4,972,544
--- オラクル 174行 ---
PASS: 174 行すべて一致
  手数別局面数の合計: 96802868
--- dat/ のバイト比較 (#28 本走と): 213 ファイル / 1974425336 バイト / 一致 ---
--- 件数の列を #28 本走と照合 ---
r3b_new_forward.tsv: 74 ラウンド（#28 は 74）/ 件数の列 一致
=== 完了 r3b_new 2026-10-02T17:43:27+00:00 ===
--- r3c_new の前のノード0: 2 MiB 以上の空きブロック 21.45 GiB (しきい値 16) ---
=== 開始 r3c_new (new: impl/29_static_const_moves (so sha256 02852e36584f)) 2026-10-02T17:43:27+00:00 ===
=== 終了 r3c_new 2026-10-02T17:45:54+00:00 (exit=0) ===
	Elapsed (wall clock) time (h:mm:ss or m:ss): 2:26.72
	Maximum resident set size (kbytes): 14516716
	Minor (reclaiming a frame) page faults: 3718432
全探索の所要時間：67.1952 秒
F1	62.3545 P2	39.3680 P4	15.8946 loop174	14.7797 
--- thp_fault_fallback の前後差: 0 ---
--- 巨大ページ (発見済み表・索引・後退解析の配列) ---
r3c_new: anonhuge_seen_kB 4,194,304 / anonhuge_index_kB 8,486,912 / anonhuge_loop_kB 4,972,544
--- オラクル 174行 ---
PASS: 174 行すべて一致
  手数別局面数の合計: 96802868
--- dat/ のバイト比較 (#28 本走と): 213 ファイル / 1974425336 バイト / 一致 ---
--- 件数の列を #28 本走と照合 ---
r3c_new_forward.tsv: 74 ラウンド（#28 は 74）/ 件数の列 一致
=== 完了 r3c_new 2026-10-02T17:46:00+00:00 ===
--- r3d_old の前のノード0: 2 MiB 以上の空きブロック 21.40 GiB (しきい値 16) ---
=== 開始 r3d_old (old: impl/28_march_native (so sha256 5128798ef4a5)) 2026-10-02T17:46:00+00:00 ===
=== 終了 r3d_old 2026-10-02T17:48:28+00:00 (exit=0) ===
	Elapsed (wall clock) time (h:mm:ss or m:ss): 2:27.95
	Maximum resident set size (kbytes): 14516768
	Minor (reclaiming a frame) page faults: 3718430
全探索の所要時間：67.8479 秒
F1	62.9497 P2	39.9037 P4	15.9812 loop174	14.6405 
--- thp_fault_fallback の前後差: 0 ---
--- 巨大ページ (発見済み表・索引・後退解析の配列) ---
r3d_old: anonhuge_seen_kB 4,194,304 / anonhuge_index_kB 8,486,912 / anonhuge_loop_kB 4,972,544
--- オラクル 174行 ---
PASS: 174 行すべて一致
  手数別局面数の合計: 96802868
--- dat/ のバイト比較 (#28 本走と): 213 ファイル / 1974425336 バイト / 一致 ---
--- 件数の列を #28 本走と照合 ---
r3d_old_forward.tsv: 74 ラウンド（#28 は 74）/ 件数の列 一致
=== 完了 r3d_old 2026-10-02T17:48:34+00:00 ===
=== 全12本 完了 2026-10-02T17:48:34+00:00 ===
