=== 門番 #33 の詰め物の本 開始 2026-10-04T10:32:00+00:00 ===
--- 回す前の負荷 ---
load average: 1.60, 1.69, 1.67
CPU 使用率 (全 CPU, 1秒): 1%
--- 回す前のノード0のメモリ (/proc/buddyinfo と meminfo) ---
Node 0, zone      DMA      0      0      0      0      0      0      0      0      1      1      2 
Node 0, zone    DMA32    218    192    139    115     88     72     49     33     29     23    755 
Node 0, zone   Normal  14218  36071  13090   3336   6841   4399   1753   3067   2045     50   3579 
Node 0 MemFree:        23771056 kB
Node 0 FilePages:       4164916 kB
--- p11_old_pad24 の前のノード0: 2 MiB 以上の空きブロック 17.08 GiB (しきい値 16) ---
=== 開始 p11_old_pad24 (old_pad24: impl/32_inline_rank + 詰め物 24 バイト (so sha256 d85aaed36da1)) 2026-10-04T10:32:02+00:00 ===
=== 終了 p11_old_pad24 2026-10-04T10:34:19+00:00 (exit=0) ===
	Elapsed (wall clock) time (h:mm:ss or m:ss): 2:16.81
	Maximum resident set size (kbytes): 14531824
	Minor (reclaiming a frame) page faults: 4143937
全探索の所要時間：56.1445 秒
F1	50.4086 P1	7.2540 P2	40.2254 P4	16.0775 loop174	14.8127 
--- thp_fault_fallback の前後差: 0 ---
--- 巨大ページ (発見済み表・索引・後退解析の配列) ---
p11_old_pad24 (old_pad24): anonhuge_seen_kB 104,448 / anonhuge_index_kB 8,486,912 / anonhuge_loop_kB 4,972,544
--- オラクル 174行 ---
PASS: 174 行すべて一致
  手数別局面数の合計: 96802868
--- dat/ のバイト比較 (#32 本走と): 213 ファイル / 1974425336 バイト / 一致 ---
--- 件数の列を #32 本走と照合 ---
p11_old_pad24_forward.tsv: 74 ラウンド（#32 は 74）/ 件数の列 一致
=== 完了 p11_old_pad24 2026-10-04T10:34:24+00:00 ===
--- p12_new_pad24 の前のノード0: 2 MiB 以上の空きブロック 16.92 GiB (しきい値 16) ---
=== 開始 p12_new_pad24 (new_pad24: impl/33_hot_layout + 詰め物 24 バイト (so sha256 ae538ea65bdd)) 2026-10-04T10:34:25+00:00 ===
=== 終了 p12_new_pad24 2026-10-04T10:36:40+00:00 (exit=0) ===
	Elapsed (wall clock) time (h:mm:ss or m:ss): 2:15.14
	Maximum resident set size (kbytes): 14531880
	Minor (reclaiming a frame) page faults: 4143941
全探索の所要時間：55.7370 秒
F1	49.9844 P1	7.2168 P2	39.1320 P4	15.9435 loop174	14.8095 
--- thp_fault_fallback の前後差: 0 ---
--- 巨大ページ (発見済み表・索引・後退解析の配列) ---
p12_new_pad24 (new_pad24): anonhuge_seen_kB 104,448 / anonhuge_index_kB 8,486,912 / anonhuge_loop_kB 4,972,544
--- オラクル 174行 ---
PASS: 174 行すべて一致
  手数別局面数の合計: 96802868
--- dat/ のバイト比較 (#32 本走と): 213 ファイル / 1974425336 バイト / 一致 ---
--- 件数の列を #32 本走と照合 ---
p12_new_pad24_forward.tsv: 74 ラウンド（#32 は 74）/ 件数の列 一致
=== 完了 p12_new_pad24 2026-10-04T10:36:45+00:00 ===
--- p13_old_pad40 の前のノード0: 2 MiB 以上の空きブロック 16.84 GiB (しきい値 16) ---
=== 開始 p13_old_pad40 (old_pad40: impl/32_inline_rank + 詰め物 40 バイト (so sha256 de72eac07dad)) 2026-10-04T10:36:46+00:00 ===
=== 終了 p13_old_pad40 2026-10-04T10:39:01+00:00 (exit=0) ===
	Elapsed (wall clock) time (h:mm:ss or m:ss): 2:15.22
	Maximum resident set size (kbytes): 14531644
	Minor (reclaiming a frame) page faults: 4143940
全探索の所要時間：55.8410 秒
F1	50.1275 P1	7.1909 P2	39.4534 P4	15.8655 loop174	14.5668 
--- thp_fault_fallback の前後差: 0 ---
--- 巨大ページ (発見済み表・索引・後退解析の配列) ---
p13_old_pad40 (old_pad40): anonhuge_seen_kB 104,448 / anonhuge_index_kB 8,486,912 / anonhuge_loop_kB 4,972,544
--- オラクル 174行 ---
PASS: 174 行すべて一致
  手数別局面数の合計: 96802868
--- dat/ のバイト比較 (#32 本走と): 213 ファイル / 1974425336 バイト / 一致 ---
--- 件数の列を #32 本走と照合 ---
p13_old_pad40_forward.tsv: 74 ラウンド（#32 は 74）/ 件数の列 一致
=== 完了 p13_old_pad40 2026-10-04T10:39:07+00:00 ===
--- p14_new_pad40 の前のノード0: 2 MiB 以上の空きブロック 16.79 GiB (しきい値 16) ---
=== 開始 p14_new_pad40 (new_pad40: impl/33_hot_layout + 詰め物 40 バイト (so sha256 d511ad8da9fa)) 2026-10-04T10:39:07+00:00 ===
=== 終了 p14_new_pad40 2026-10-04T10:41:23+00:00 (exit=0) ===
	Elapsed (wall clock) time (h:mm:ss or m:ss): 2:15.74
	Maximum resident set size (kbytes): 14531372
	Minor (reclaiming a frame) page faults: 4143942
全探索の所要時間：55.5244 秒
F1	49.7848 P1	7.2705 P2	39.5934 P4	16.0956 loop174	14.9495 
--- thp_fault_fallback の前後差: 0 ---
--- 巨大ページ (発見済み表・索引・後退解析の配列) ---
p14_new_pad40 (new_pad40): anonhuge_seen_kB 104,448 / anonhuge_index_kB 8,486,912 / anonhuge_loop_kB 4,972,544
--- オラクル 174行 ---
PASS: 174 行すべて一致
  手数別局面数の合計: 96802868
--- dat/ のバイト比較 (#32 本走と): 213 ファイル / 1974425336 バイト / 一致 ---
--- 件数の列を #32 本走と照合 ---
p14_new_pad40_forward.tsv: 74 ラウンド（#32 は 74）/ 件数の列 一致
=== 完了 p14_new_pad40 2026-10-04T10:41:29+00:00 ===
--- p15_old_pad1000 の前のノード0: 2 MiB 以上の空きブロック 16.73 GiB (しきい値 16) ---
=== 開始 p15_old_pad1000 (old_pad1000: impl/32_inline_rank + 詰め物 1000 バイト (so sha256 1ec233a14db2)) 2026-10-04T10:41:29+00:00 ===
=== 終了 p15_old_pad1000 2026-10-04T10:43:45+00:00 (exit=0) ===
	Elapsed (wall clock) time (h:mm:ss or m:ss): 2:15.88
	Maximum resident set size (kbytes): 14531820
	Minor (reclaiming a frame) page faults: 4143942
全探索の所要時間：56.0710 秒
F1	50.3240 P1	7.2433 P2	39.7079 P4	15.8902 loop174	14.6592 
--- thp_fault_fallback の前後差: 0 ---
--- 巨大ページ (発見済み表・索引・後退解析の配列) ---
p15_old_pad1000 (old_pad1000): anonhuge_seen_kB 104,448 / anonhuge_index_kB 8,486,912 / anonhuge_loop_kB 4,972,544
--- オラクル 174行 ---
PASS: 174 行すべて一致
  手数別局面数の合計: 96802868
--- dat/ のバイト比較 (#32 本走と): 213 ファイル / 1974425336 バイト / 一致 ---
--- 件数の列を #32 本走と照合 ---
p15_old_pad1000_forward.tsv: 74 ラウンド（#32 は 74）/ 件数の列 一致
=== 完了 p15_old_pad1000 2026-10-04T10:43:51+00:00 ===
--- p16_new_pad1000 の前のノード0: 2 MiB 以上の空きブロック 16.71 GiB (しきい値 16) ---
=== 開始 p16_new_pad1000 (new_pad1000: impl/33_hot_layout + 詰め物 1000 バイト (so sha256 3251c9ee4108)) 2026-10-04T10:43:51+00:00 ===
=== 終了 p16_new_pad1000 2026-10-04T10:46:06+00:00 (exit=0) ===
	Elapsed (wall clock) time (h:mm:ss or m:ss): 2:14.83
	Maximum resident set size (kbytes): 14531820
	Minor (reclaiming a frame) page faults: 4143942
全探索の所要時間：55.5060 秒
F1	49.7958 P1	7.1842 P2	39.3624 P4	15.8988 loop174	14.5810 
--- thp_fault_fallback の前後差: 0 ---
--- 巨大ページ (発見済み表・索引・後退解析の配列) ---
p16_new_pad1000 (new_pad1000): anonhuge_seen_kB 104,448 / anonhuge_index_kB 8,486,912 / anonhuge_loop_kB 4,972,544
--- オラクル 174行 ---
PASS: 174 行すべて一致
  手数別局面数の合計: 96802868
--- dat/ のバイト比較 (#32 本走と): 213 ファイル / 1974425336 バイト / 一致 ---
--- 件数の列を #32 本走と照合 ---
p16_new_pad1000_forward.tsv: 74 ラウンド（#32 は 74）/ 件数の列 一致
=== 完了 p16_new_pad1000 2026-10-04T10:46:12+00:00 ===
--- p21_new_pad40 の前のノード0: 2 MiB 以上の空きブロック 16.63 GiB (しきい値 16) ---
=== 開始 p21_new_pad40 (new_pad40: impl/33_hot_layout + 詰め物 40 バイト (so sha256 d511ad8da9fa)) 2026-10-04T10:46:12+00:00 ===
=== 終了 p21_new_pad40 2026-10-04T10:48:28+00:00 (exit=0) ===
	Elapsed (wall clock) time (h:mm:ss or m:ss): 2:15.29
	Maximum resident set size (kbytes): 14531136
	Minor (reclaiming a frame) page faults: 4143941
全探索の所要時間：56.1462 秒
F1	50.3497 P1	7.2752 P2	39.1012 P4	15.8429 loop174	14.5900 
--- thp_fault_fallback の前後差: 0 ---
--- 巨大ページ (発見済み表・索引・後退解析の配列) ---
p21_new_pad40 (new_pad40): anonhuge_seen_kB 104,448 / anonhuge_index_kB 8,486,912 / anonhuge_loop_kB 4,972,544
--- オラクル 174行 ---
PASS: 174 行すべて一致
  手数別局面数の合計: 96802868
--- dat/ のバイト比較 (#32 本走と): 213 ファイル / 1974425336 バイト / 一致 ---
--- 件数の列を #32 本走と照合 ---
p21_new_pad40_forward.tsv: 74 ラウンド（#32 は 74）/ 件数の列 一致
=== 完了 p21_new_pad40 2026-10-04T10:48:33+00:00 ===
--- p22_old_pad40 の前のノード0: 2 MiB 以上の空きブロック 16.59 GiB (しきい値 16) ---
=== 開始 p22_old_pad40 (old_pad40: impl/32_inline_rank + 詰め物 40 バイト (so sha256 de72eac07dad)) 2026-10-04T10:48:34+00:00 ===
=== 終了 p22_old_pad40 2026-10-04T10:50:49+00:00 (exit=0) ===
	Elapsed (wall clock) time (h:mm:ss or m:ss): 2:15.09
	Maximum resident set size (kbytes): 14531372
	Minor (reclaiming a frame) page faults: 4143935
全探索の所要時間：55.7787 秒
F1	50.0397 P1	7.1828 P2	39.2777 P4	15.9028 loop174	14.6386 
--- thp_fault_fallback の前後差: 0 ---
--- 巨大ページ (発見済み表・索引・後退解析の配列) ---
p22_old_pad40 (old_pad40): anonhuge_seen_kB 104,448 / anonhuge_index_kB 8,486,912 / anonhuge_loop_kB 4,972,544
--- オラクル 174行 ---
PASS: 174 行すべて一致
  手数別局面数の合計: 96802868
--- dat/ のバイト比較 (#32 本走と): 213 ファイル / 1974425336 バイト / 一致 ---
--- 件数の列を #32 本走と照合 ---
p22_old_pad40_forward.tsv: 74 ラウンド（#32 は 74）/ 件数の列 一致
=== 完了 p22_old_pad40 2026-10-04T10:50:55+00:00 ===
--- p23_new_pad1000 の前のノード0: 2 MiB 以上の空きブロック 16.54 GiB (しきい値 16) ---
=== 開始 p23_new_pad1000 (new_pad1000: impl/33_hot_layout + 詰め物 1000 バイト (so sha256 3251c9ee4108)) 2026-10-04T10:50:55+00:00 ===
=== 終了 p23_new_pad1000 2026-10-04T10:53:10+00:00 (exit=0) ===
	Elapsed (wall clock) time (h:mm:ss or m:ss): 2:14.69
	Maximum resident set size (kbytes): 14531824
	Minor (reclaiming a frame) page faults: 4143943
全探索の所要時間：55.5616 秒
F1	49.8090 P1	7.2616 P2	39.1292 P4	15.8971 loop174	14.5310 
--- thp_fault_fallback の前後差: 0 ---
--- 巨大ページ (発見済み表・索引・後退解析の配列) ---
p23_new_pad1000 (new_pad1000): anonhuge_seen_kB 104,448 / anonhuge_index_kB 8,486,912 / anonhuge_loop_kB 4,972,544
--- オラクル 174行 ---
PASS: 174 行すべて一致
  手数別局面数の合計: 96802868
--- dat/ のバイト比較 (#32 本走と): 213 ファイル / 1974425336 バイト / 一致 ---
--- 件数の列を #32 本走と照合 ---
p23_new_pad1000_forward.tsv: 74 ラウンド（#32 は 74）/ 件数の列 一致
=== 完了 p23_new_pad1000 2026-10-04T10:53:15+00:00 ===
--- p24_old_pad1000 の前のノード0: 2 MiB 以上の空きブロック 16.53 GiB (しきい値 16) ---
=== 開始 p24_old_pad1000 (old_pad1000: impl/32_inline_rank + 詰め物 1000 バイト (so sha256 1ec233a14db2)) 2026-10-04T10:53:16+00:00 ===
=== 終了 p24_old_pad1000 2026-10-04T10:55:31+00:00 (exit=0) ===
	Elapsed (wall clock) time (h:mm:ss or m:ss): 2:15.16
	Maximum resident set size (kbytes): 14531820
	Minor (reclaiming a frame) page faults: 4143940
全探索の所要時間：55.6954 秒
F1	49.9731 P1	7.1945 P2	39.3522 P4	15.9077 loop174	14.6998 
--- thp_fault_fallback の前後差: 0 ---
--- 巨大ページ (発見済み表・索引・後退解析の配列) ---
p24_old_pad1000 (old_pad1000): anonhuge_seen_kB 104,448 / anonhuge_index_kB 8,486,912 / anonhuge_loop_kB 4,972,544
--- オラクル 174行 ---
PASS: 174 行すべて一致
  手数別局面数の合計: 96802868
--- dat/ のバイト比較 (#32 本走と): 213 ファイル / 1974425336 バイト / 一致 ---
--- 件数の列を #32 本走と照合 ---
p24_old_pad1000_forward.tsv: 74 ラウンド（#32 は 74）/ 件数の列 一致
=== 完了 p24_old_pad1000 2026-10-04T10:55:37+00:00 ===
--- p25_new_pad24 の前のノード0: 2 MiB 以上の空きブロック 16.50 GiB (しきい値 16) ---
=== 開始 p25_new_pad24 (new_pad24: impl/33_hot_layout + 詰め物 24 バイト (so sha256 ae538ea65bdd)) 2026-10-04T10:55:37+00:00 ===
=== 終了 p25_new_pad24 2026-10-04T10:57:52+00:00 (exit=0) ===
	Elapsed (wall clock) time (h:mm:ss or m:ss): 2:14.42
	Maximum resident set size (kbytes): 14531816
	Minor (reclaiming a frame) page faults: 4143940
全探索の所要時間：55.4759 秒
F1	49.7513 P1	7.1732 P2	39.0403 P4	15.8042 loop174	14.6192 
--- thp_fault_fallback の前後差: 0 ---
--- 巨大ページ (発見済み表・索引・後退解析の配列) ---
p25_new_pad24 (new_pad24): anonhuge_seen_kB 104,448 / anonhuge_index_kB 8,486,912 / anonhuge_loop_kB 4,972,544
--- オラクル 174行 ---
PASS: 174 行すべて一致
  手数別局面数の合計: 96802868
--- dat/ のバイト比較 (#32 本走と): 213 ファイル / 1974425336 バイト / 一致 ---
--- 件数の列を #32 本走と照合 ---
p25_new_pad24_forward.tsv: 74 ラウンド（#32 は 74）/ 件数の列 一致
=== 完了 p25_new_pad24 2026-10-04T10:57:57+00:00 ===
--- p26_old_pad24 の前のノード0: 2 MiB 以上の空きブロック 16.45 GiB (しきい値 16) ---
=== 開始 p26_old_pad24 (old_pad24: impl/32_inline_rank + 詰め物 24 バイト (so sha256 d85aaed36da1)) 2026-10-04T10:57:58+00:00 ===
=== 終了 p26_old_pad24 2026-10-04T11:00:14+00:00 (exit=0) ===
	Elapsed (wall clock) time (h:mm:ss or m:ss): 2:15.54
	Maximum resident set size (kbytes): 14531816
	Minor (reclaiming a frame) page faults: 4143932
全探索の所要時間：55.7050 秒
F1	49.9657 P1	7.2822 P2	39.6164 P4	15.9410 loop174	14.6876 
--- thp_fault_fallback の前後差: 0 ---
--- 巨大ページ (発見済み表・索引・後退解析の配列) ---
p26_old_pad24 (old_pad24): anonhuge_seen_kB 104,448 / anonhuge_index_kB 8,486,912 / anonhuge_loop_kB 4,972,544
--- オラクル 174行 ---
PASS: 174 行すべて一致
  手数別局面数の合計: 96802868
--- dat/ のバイト比較 (#32 本走と): 213 ファイル / 1974425336 バイト / 一致 ---
--- 件数の列を #32 本走と照合 ---
p26_old_pad24_forward.tsv: 74 ラウンド（#32 は 74）/ 件数の列 一致
=== 完了 p26_old_pad24 2026-10-04T11:00:19+00:00 ===
--- p31_old_pad1000 の前のノード0: 2 MiB 以上の空きブロック 16.40 GiB (しきい値 16) ---
=== 開始 p31_old_pad1000 (old_pad1000: impl/32_inline_rank + 詰め物 1000 バイト (so sha256 1ec233a14db2)) 2026-10-04T11:00:20+00:00 ===
=== 終了 p31_old_pad1000 2026-10-04T11:02:36+00:00 (exit=0) ===
	Elapsed (wall clock) time (h:mm:ss or m:ss): 2:15.41
	Maximum resident set size (kbytes): 14531956
	Minor (reclaiming a frame) page faults: 4143943
全探索の所要時間：56.2802 秒
F1	50.5045 P1	7.1959 P2	39.2030 P4	15.8234 loop174	14.6037 
--- thp_fault_fallback の前後差: 0 ---
--- 巨大ページ (発見済み表・索引・後退解析の配列) ---
p31_old_pad1000 (old_pad1000): anonhuge_seen_kB 104,448 / anonhuge_index_kB 8,486,912 / anonhuge_loop_kB 4,972,544
--- オラクル 174行 ---
PASS: 174 行すべて一致
  手数別局面数の合計: 96802868
--- dat/ のバイト比較 (#32 本走と): 213 ファイル / 1974425336 バイト / 一致 ---
--- 件数の列を #32 本走と照合 ---
p31_old_pad1000_forward.tsv: 74 ラウンド（#32 は 74）/ 件数の列 一致
=== 完了 p31_old_pad1000 2026-10-04T11:02:41+00:00 ===
--- p32_new_pad1000 の前のノード0: 2 MiB 以上の空きブロック 16.39 GiB (しきい値 16) ---
=== 開始 p32_new_pad1000 (new_pad1000: impl/33_hot_layout + 詰め物 1000 バイト (so sha256 3251c9ee4108)) 2026-10-04T11:02:42+00:00 ===
=== 終了 p32_new_pad1000 2026-10-04T11:04:56+00:00 (exit=0) ===
	Elapsed (wall clock) time (h:mm:ss or m:ss): 2:14.66
	Maximum resident set size (kbytes): 14531816
	Minor (reclaiming a frame) page faults: 4143940
全探索の所要時間：55.3934 秒
F1	49.6704 P1	7.1888 P2	39.0917 P4	15.9214 loop174	14.7540 
--- thp_fault_fallback の前後差: 0 ---
--- 巨大ページ (発見済み表・索引・後退解析の配列) ---
p32_new_pad1000 (new_pad1000): anonhuge_seen_kB 104,448 / anonhuge_index_kB 8,486,912 / anonhuge_loop_kB 4,972,544
--- オラクル 174行 ---
PASS: 174 行すべて一致
  手数別局面数の合計: 96802868
--- dat/ のバイト比較 (#32 本走と): 213 ファイル / 1974425336 バイト / 一致 ---
--- 件数の列を #32 本走と照合 ---
p32_new_pad1000_forward.tsv: 74 ラウンド（#32 は 74）/ 件数の列 一致
=== 完了 p32_new_pad1000 2026-10-04T11:05:02+00:00 ===
--- p33_old_pad24 の前のノード0: 2 MiB 以上の空きブロック 16.36 GiB (しきい値 16) ---
=== 開始 p33_old_pad24 (old_pad24: impl/32_inline_rank + 詰め物 24 バイト (so sha256 d85aaed36da1)) 2026-10-04T11:05:02+00:00 ===
=== 終了 p33_old_pad24 2026-10-04T11:07:18+00:00 (exit=0) ===
	Elapsed (wall clock) time (h:mm:ss or m:ss): 2:15.29
	Maximum resident set size (kbytes): 14531816
	Minor (reclaiming a frame) page faults: 4143939
全探索の所要時間：55.7352 秒
F1	49.9727 P1	7.2646 P2	39.5190 P4	15.8787 loop174	14.5728 
--- thp_fault_fallback の前後差: 0 ---
--- 巨大ページ (発見済み表・索引・後退解析の配列) ---
p33_old_pad24 (old_pad24): anonhuge_seen_kB 104,448 / anonhuge_index_kB 8,486,912 / anonhuge_loop_kB 4,972,544
--- オラクル 174行 ---
PASS: 174 行すべて一致
  手数別局面数の合計: 96802868
--- dat/ のバイト比較 (#32 本走と): 213 ファイル / 1974425336 バイト / 一致 ---
--- 件数の列を #32 本走と照合 ---
p33_old_pad24_forward.tsv: 74 ラウンド（#32 は 74）/ 件数の列 一致
=== 完了 p33_old_pad24 2026-10-04T11:07:23+00:00 ===
--- p34_new_pad24 の前のノード0: 2 MiB 以上の空きブロック 16.34 GiB (しきい値 16) ---
=== 開始 p34_new_pad24 (new_pad24: impl/33_hot_layout + 詰め物 24 バイト (so sha256 ae538ea65bdd)) 2026-10-04T11:07:24+00:00 ===
=== 終了 p34_new_pad24 2026-10-04T11:09:38+00:00 (exit=0) ===
	Elapsed (wall clock) time (h:mm:ss or m:ss): 2:14.45
	Maximum resident set size (kbytes): 14531840
	Minor (reclaiming a frame) page faults: 4143940
全探索の所要時間：55.3885 秒
F1	49.6907 P1	7.1911 P2	39.0491 P4	15.8985 loop174	14.6225 
--- thp_fault_fallback の前後差: 0 ---
--- 巨大ページ (発見済み表・索引・後退解析の配列) ---
p34_new_pad24 (new_pad24): anonhuge_seen_kB 104,448 / anonhuge_index_kB 8,486,912 / anonhuge_loop_kB 4,972,544
--- オラクル 174行 ---
PASS: 174 行すべて一致
  手数別局面数の合計: 96802868
--- dat/ のバイト比較 (#32 本走と): 213 ファイル / 1974425336 バイト / 一致 ---
--- 件数の列を #32 本走と照合 ---
p34_new_pad24_forward.tsv: 74 ラウンド（#32 は 74）/ 件数の列 一致
=== 完了 p34_new_pad24 2026-10-04T11:09:44+00:00 ===
--- p35_old_pad40 の前のノード0: 2 MiB 以上の空きブロック 16.34 GiB (しきい値 16) ---
=== 開始 p35_old_pad40 (old_pad40: impl/32_inline_rank + 詰め物 40 バイト (so sha256 de72eac07dad)) 2026-10-04T11:09:45+00:00 ===
=== 終了 p35_old_pad40 2026-10-04T11:11:59+00:00 (exit=0) ===
	Elapsed (wall clock) time (h:mm:ss or m:ss): 2:14.55
	Maximum resident set size (kbytes): 14531816
	Minor (reclaiming a frame) page faults: 4143941
全探索の所要時間：55.5115 秒
F1	49.7808 P1	7.1859 P2	39.1470 P4	15.8359 loop174	14.5586 
--- thp_fault_fallback の前後差: 0 ---
--- 巨大ページ (発見済み表・索引・後退解析の配列) ---
p35_old_pad40 (old_pad40): anonhuge_seen_kB 104,448 / anonhuge_index_kB 8,486,912 / anonhuge_loop_kB 4,972,544
--- オラクル 174行 ---
PASS: 174 行すべて一致
  手数別局面数の合計: 96802868
--- dat/ のバイト比較 (#32 本走と): 213 ファイル / 1974425336 バイト / 一致 ---
--- 件数の列を #32 本走と照合 ---
p35_old_pad40_forward.tsv: 74 ラウンド（#32 は 74）/ 件数の列 一致
=== 完了 p35_old_pad40 2026-10-04T11:12:05+00:00 ===
--- p36_new_pad40 の前のノード0: 2 MiB 以上の空きブロック 16.33 GiB (しきい値 16) ---
=== 開始 p36_new_pad40 (new_pad40: impl/33_hot_layout + 詰め物 40 バイト (so sha256 d511ad8da9fa)) 2026-10-04T11:12:05+00:00 ===
=== 終了 p36_new_pad40 2026-10-04T11:14:20+00:00 (exit=0) ===
	Elapsed (wall clock) time (h:mm:ss or m:ss): 2:14.61
	Maximum resident set size (kbytes): 14531824
	Minor (reclaiming a frame) page faults: 4143941
全探索の所要時間：55.5867 秒
F1	49.8921 P1	7.1978 P2	39.1385 P4	15.8117 loop174	14.5695 
--- thp_fault_fallback の前後差: 0 ---
--- 巨大ページ (発見済み表・索引・後退解析の配列) ---
p36_new_pad40 (new_pad40): anonhuge_seen_kB 104,448 / anonhuge_index_kB 8,486,912 / anonhuge_loop_kB 4,972,544
--- オラクル 174行 ---
PASS: 174 行すべて一致
  手数別局面数の合計: 96802868
--- dat/ のバイト比較 (#32 本走と): 213 ファイル / 1974425336 バイト / 一致 ---
--- 件数の列を #32 本走と照合 ---
p36_new_pad40_forward.tsv: 74 ラウンド（#32 は 74）/ 件数の列 一致
=== 完了 p36_new_pad40 2026-10-04T11:14:26+00:00 ===
=== 詰め物の本 全18本 完了 2026-10-04T11:14:26+00:00 ===
