探索盤面数：1
勝ち盤面数：0, 負け盤面数：0, 未知盤面数：1
新状態数 (重複排除前)：4
新状態数 (重複排除後)：4
総未知盤面数：1, 総勝ち盤面数：0, 総負け盤面数：0
2026-09-23 15:48:20
00時間00分00秒経過
探索盤面数：4
勝ち盤面数：0, 負け盤面数：0, 未知盤面数：4
新状態数 (重複排除前)：17
新状態数 (重複排除後)：17
総未知盤面数：5, 総勝ち盤面数：0, 総負け盤面数：0
2026-09-23 15:48:20
00時間00分00秒経過
探索盤面数：17
勝ち盤面数：4, 負け盤面数：0, 未知盤面数：13
新状態数 (重複排除前)：96
新状態数 (重複排除後)：82
総未知盤面数：18, 総勝ち盤面数：4, 総負け盤面数：0
2026-09-23 15:48:20
00時間00分00秒経過
探索盤面数：82
勝ち盤面数：24, 負け盤面数：0, 未知盤面数：58
新状態数 (重複排除前)：510
新状態数 (重複排除後)：447
総未知盤面数：76, 総勝ち盤面数：28, 総負け盤面数：0
2026-09-23 15:48:20
00時間00分00秒経過
探索盤面数：447
勝ち盤面数：131, 負け盤面数：0, 未知盤面数：316
新状態数 (重複排除前)：2509
新状態数 (重複排除後)：1960
総未知盤面数：392, 総勝ち盤面数：159, 総負け盤面数：0
2026-09-23 15:48:20
00時間00分00秒経過
探索盤面数：1960
勝ち盤面数：687, 負け盤面数：2, 未知盤面数：1271
新状態数 (重複排除前)：10840
新状態数 (重複排除後)：7714
総未知盤面数：1663, 総勝ち盤面数：846, 総負け盤面数：2
2026-09-23 15:48:20
00時間00分00秒経過
探索盤面数：7714
勝ち盤面数：3005, 負け盤面数：15, 未知盤面数：4694
新状態数 (重複排除前)：43237
新状態数 (重複排除後)：28583
総未知盤面数：6357, 総勝ち盤面数：3851, 総負け盤面数：17
2026-09-23 15:48:20
00時間00分00秒経過
探索盤面数：28583
勝ち盤面数：10041, 負け盤面数：41, 未知盤面数：18501
新状態数 (重複排除前)：169739
新状態数 (重複排除後)：106762
総未知盤面数：24858, 総勝ち盤面数：13892, 総負け盤面数：58
2026-09-23 15:48:20
00時間00分00秒経過
探索盤面数：106762
勝ち盤面数：41609, 負け盤面数：225, 未知盤面数：64928
新状態数 (重複排除前)：610934
新状態数 (重複排除後)：346184
総未知盤面数：89786, 総勝ち盤面数：55501, 総負け盤面数：283
2026-09-23 15:48:20
00時間00分00秒経過
探索盤面数：346184
勝ち盤面数：128314, 負け盤面数：794, 未知盤面数：217076
新状態数 (重複排除前)：2070403
新状態数 (重複排除後)：1095851
総未知盤面数：306862, 総勝ち盤面数：183815, 総負け盤面数：1077
2026-09-23 15:48:20
00時間00分00秒経過
探索盤面数：1095851
勝ち盤面数：441814, 負け盤面数：4375, 未知盤面数：649662
新状態数 (重複排除前)：6408513
新状態数 (重複排除後)：2954532
総未知盤面数：956524, 総勝ち盤面数：625629, 総負け盤面数：5452
2026-09-23 15:48:20
00時間00分00秒経過
探索盤面数：2954532
勝ち盤面数：1185217, 負け盤面数：16239, 未知盤面数：1753076
新状態数 (重複排除前)：17195492
新状態数 (重複排除後)：7196129
総未知盤面数：2709600, 総勝ち盤面数：1810846, 総負け盤面数：21691
2026-09-23 15:48:21
00時間00分01秒経過
探索盤面数：7196129
勝ち盤面数：3193516, 負け盤面数：61622, 未知盤面数：3940991
新状態数 (重複排除前)：39461754
新状態数 (重複排除後)：14128648
総未知盤面数：6650591, 総勝ち盤面数：5004362, 総負け盤面数：83313
2026-09-23 15:48:24
00時間00分04秒経過
探索盤面数：14128648
勝ち盤面数：6389721, 負け盤面数：163748, 未知盤面数：7575179
新状態数 (重複排除前)：74409264
新状態数 (重複排除後)：23735351
総未知盤面数：14225770, 総勝ち盤面数：11394083, 総負け盤面数：247061
2026-09-23 15:48:30
00時間00分10秒経過
探索盤面数：23735351
勝ち盤面数：12039974, 負け盤面数：422326, 未知盤面数：11273051
新状態数 (重複排除前)：109922849
新状態数 (重複排除後)：29547638
総未知盤面数：25498821, 総勝ち盤面数：23434057, 総負け盤面数：669387
2026-09-23 15:48:39
00時間00分19秒経過
探索盤面数：29547638
勝ち盤面数：15787478, 負け盤面数：680262, 未知盤面数：13079898
新状態数 (重複排除前)：121261285
新状態数 (重複排除後)：30196273
総未知盤面数：38578719, 総勝ち盤面数：39221535, 総負け盤面数：1349649
2026-09-23 15:48:48
00時間00分28秒経過
探索盤面数：30196273
勝ち盤面数：17823723, 負け盤面数：1096472, 未知盤面数：11276078
新状態数 (重複排除前)：103992908
新状態数 (重複排除後)：24550753
総未知盤面数：49854797, 総勝ち盤面数：57045258, 総負け盤面数：2446121
2026-09-23 15:48:57
00時間00分37秒経過
探索盤面数：24550753
勝ち盤面数：14285714, 負け盤面数：1069257, 未知盤面数：9195782
新状態数 (重複排除前)：83003138
新状態数 (重複排除後)：21665489
総未知盤面数：59050579, 総勝ち盤面数：71330972, 総負け盤面数：3515378
2026-09-23 15:49:07
00時間00分47秒経過
探索盤面数：21665489
勝ち盤面数：12979224, 負け盤面数：920054, 未知盤面数：7766211
新状態数 (重複排除前)：74097174
新状態数 (重複排除後)：19240112
総未知盤面数：66816790, 総勝ち盤面数：84310196, 総負け盤面数：4435432
2026-09-23 15:49:14
00時間00分54秒経過
探索盤面数：19240112
勝ち盤面数：10598139, 負け盤面数：547365, 未知盤面数：8094608
新状態数 (重複排除前)：76883606
新状態数 (重複排除後)：19639885
総未知盤面数：74911398, 総勝ち盤面数：94908335, 総負け盤面数：4982797
2026-09-23 15:49:20
00時間01分00秒経過
探索盤面数：19639885
勝ち盤面数：11732850, 負け盤面数：509356, 未知盤面数：7397679
新状態数 (重複排除前)：70916460
新状態数 (重複排除後)：16191130
総未知盤面数：82309077, 総勝ち盤面数：106641185, 総負け盤面数：5492153
2026-09-23 15:49:26
00時間01分06秒経過
探索盤面数：16191130
勝ち盤面数：9746094, 負け盤面数：418556, 未知盤面数：6026480
新状態数 (重複排除前)：55398221
新状態数 (重複排除後)：12541736
総未知盤面数：88335557, 総勝ち盤面数：116387279, 総負け盤面数：5910709
2026-09-23 15:49:31
00時間01分11秒経過
探索盤面数：12541736
勝ち盤面数：8316057, 負け盤面数：434307, 未知盤面数：3791372
新状態数 (重複排除前)：35826722
新状態数 (重複排除後)：7836676
総未知盤面数：92126929, 総勝ち盤面数：124703336, 総負け盤面数：6345016
2026-09-23 15:49:34
00時間01分14秒経過
探索盤面数：7836676
勝ち盤面数：5071591, 負け盤面数：289110, 未知盤面数：2475975
新状態数 (重複排除前)：22160247
新状態数 (重複排除後)：5101785
総未知盤面数：94602904, 総勝ち盤面数：129774927, 総負け盤面数：6634126
2026-09-23 15:49:37
00時間01分17秒経過
探索盤面数：5101785
勝ち盤面数：3525772, 負け盤面数：163918, 未知盤面数：1412095
新状態数 (重複排除前)：13399001
新状態数 (重複排除後)：3076884
総未知盤面数：96014999, 総勝ち盤面数：133300699, 総負け盤面数：6798044
2026-09-23 15:49:38
00時間01分18秒経過
探索盤面数：3076884
勝ち盤面数：1973232, 負け盤面数：66494, 未知盤面数：1037158
新状態数 (重複排除前)：9166522
新状態数 (重複排除後)：2199129
総未知盤面数：97052157, 総勝ち盤面数：135273931, 総負け盤面数：6864538
2026-09-23 15:49:39
00時間01分19秒経過
探索盤面数：2199129
勝ち盤面数：1521696, 負け盤面数：39574, 未知盤面数：637859
新状態数 (重複排除前)：6266009
新状態数 (重複排除後)：1568295
総未知盤面数：97690016, 総勝ち盤面数：136795627, 総負け盤面数：6904112
2026-09-23 15:49:39
00時間01分19秒経過
探索盤面数：1568295
勝ち盤面数：926439, 負け盤面数：24317, 未知盤面数：617539
新状態数 (重複排除前)：5342884
新状態数 (重複排除後)：1366487
総未知盤面数：98307555, 総勝ち盤面数：137722066, 総負け盤面数：6928429
2026-09-23 15:49:40
00時間01分20秒経過
探索盤面数：1366487
勝ち盤面数：933291, 負け盤面数：23272, 未知盤面数：409924
新状態数 (重複排除前)：4052388
新状態数 (重複排除後)：961816
総未知盤面数：98717479, 総勝ち盤面数：138655357, 総負け盤面数：6951701
2026-09-23 15:49:40
00時間01分20秒経過
探索盤面数：961816
勝ち盤面数：566737, 負け盤面数：27574, 未知盤面数：367505
新状態数 (重複排除前)：3110885
新状態数 (重複排除後)：751303
総未知盤面数：99084984, 総勝ち盤面数：139222094, 総負け盤面数：6979275
2026-09-23 15:49:41
00時間01分21秒経過
探索盤面数：751303
勝ち盤面数：540933, 負け盤面数：14335, 未知盤面数：196035
新状態数 (重複排除前)：1842663
新状態数 (重複排除後)：392585
総未知盤面数：99281019, 総勝ち盤面数：139763027, 総負け盤面数：6993610
2026-09-23 15:49:41
00時間01分21秒経過
探索盤面数：392585
勝ち盤面数：250310, 負け盤面数：14543, 未知盤面数：127732
新状態数 (重複排除前)：1022289
新状態数 (重複排除後)：233711
総未知盤面数：99408751, 総勝ち盤面数：140013337, 総負け盤面数：7008153
2026-09-23 15:49:41
00時間01分21秒経過
探索盤面数：233711
勝ち盤面数：182947, 負け盤面数：4924, 未知盤面数：45840
新状態数 (重複排除前)：398822
新状態数 (重複排除後)：81769
総未知盤面数：99454591, 総勝ち盤面数：140196284, 総負け盤面数：7013077
2026-09-23 15:49:41
00時間01分21秒経過
探索盤面数：81769
勝ち盤面数：56189, 負け盤面数：4169, 未知盤面数：21411
新状態数 (重複排除前)：153526
新状態数 (重複排除後)：37901
総未知盤面数：99476002, 総勝ち盤面数：140252473, 総負け盤面数：7017246
2026-09-23 15:49:41
00時間01分21秒経過
探索盤面数：37901
勝ち盤面数：31719, 負け盤面数：806, 未知盤面数：5376
新状態数 (重複排除前)：43990
新状態数 (重複排除後)：10225
総未知盤面数：99481378, 総勝ち盤面数：140284192, 総負け盤面数：7018052
2026-09-23 15:49:41
00時間01分21秒経過
探索盤面数：10225
勝ち盤面数：6627, 負け盤面数：786, 未知盤面数：2812
新状態数 (重複排除前)：17753
新状態数 (重複排除後)：6084
総未知盤面数：99484190, 総勝ち盤面数：140290819, 総負け盤面数：7018838
2026-09-23 15:49:41
00時間01分21秒経過
探索盤面数：6084
勝ち盤面数：5219, 負け盤面数：88, 未知盤面数：777
新状態数 (重複排除前)：5963
新状態数 (重複排除後)：1932
総未知盤面数：99484967, 総勝ち盤面数：140296038, 総負け盤面数：7018926
2026-09-23 15:49:41
00時間01分21秒経過
探索盤面数：1932
勝ち盤面数：1340, 負け盤面数：58, 未知盤面数：534
新状態数 (重複排除前)：2935
新状態数 (重複排除後)：1160
総未知盤面数：99485501, 総勝ち盤面数：140297378, 総負け盤面数：7018984
2026-09-23 15:49:41
00時間01分21秒経過
探索盤面数：1160
勝ち盤面数：1092, 負け盤面数：1, 未知盤面数：67
新状態数 (重複排除前)：317
新状態数 (重複排除後)：144
総未知盤面数：99485568, 総勝ち盤面数：140298470, 総負け盤面数：7018985
2026-09-23 15:49:41
00時間01分21秒経過
探索盤面数：144
勝ち盤面数：144, 負け盤面数：0, 未知盤面数：0
新状態数 (重複排除前)：0
新状態数 (重複排除後)：0
総未知盤面数：99485568, 総勝ち盤面数：140298614, 総負け盤面数：7018985
探索終了
2026-09-23 15:49:41
00時間01分21秒経過
P2 後続生成 0/99485568 辺 11 00分00秒経過
P2 後続生成 10000000/99485568 辺 91680222 00分05秒経過
P2 後続生成 20000000/99485568 辺 185733847 00分10秒経過
P2 後続生成 30000000/99485568 辺 278905596 00分14秒経過
P2 後続生成 40000000/99485568 辺 375669025 00分19秒経過
P2 後続生成 50000000/99485568 辺 466120994 00分24秒経過
P2 後続生成 60000000/99485568 辺 558513048 00分28秒経過
P2 後続生成 70000000/99485568 辺 648590493 00分33秒経過
P2 後続生成 80000000/99485568 辺 746502028 00分37秒経過
P2 後続生成 90000000/99485568 辺 843968413 00分42秒経過
P4 入次数まで 00時間00分06秒
####################################################################################################
####################################################################################################
####################################################################################################
####################################################################################################
####################################################################################################
####################################################################################################
####################################################################################################
####################################################################################################
####################################################################################################
####################################################################################################
####################################################################################################
####################################################################################################
####################################################################################################
####################################################################################################
####################################################################################################
####################################################################################################
####################################################################################################
####################################################################################################
####################################################################################################
####################################################################################################
####################################################################################################
####################################################################################################
####################################################################################################
####################################################################################################
####################################################################################################
####################################################################################################
####################################################################################################
####################################################################################################
####################################################################################################
####################################################################################################
####################################################################################################
####################################################################################################
####################################################################################################
####################################################################################################
####################################################################################################
####################################################################################################
####################################################################################################
####################################################################################################
####################################################################################################
####################################################################################################
####################################################################################################
####################################################################################################
####################################################################################################
####################################################################################################
####################################################################################################
####################################################################################################
####################################################################################################
####################################################################################################
####################################################################################################
####################################################################################################
####################################################################################################
####################################################################################################
####################################################################################################
####################################################################################################
####################################################################################################
####################################################################################################
####################################################################################################
####################################################################################################
####################################################################################################
####################################################################################################
####################################################################################################
####################################################################################################
####################################################################################################
####################################################################################################
####################################################################################################
####################################################################################################
####################################################################################################
####################################################################################################
####################################################################################################
####################################################################################################
####################################################################################################
####################################################################################################
####################################################################################################
####################################################################################################
####################################################################################################
####################################################################################################
####################################################################################################
####################################################################################################
####################################################################################################
####################################################################################################
####################################################################################################
####################################################################################################
####################################################################################################
####################################################################################################
####################################################################################################
####################################################################################################
####################################################################################################
####################################################################################################
####################################################################################################
####################################################################################################
####################################################################################################
####################################################################################################
####################################################################################################
####################################################################################################
####################################################################################################
####################################################################################################
####################################################################################################
####################################################################################################
####################################################################################################
####################################################################################################
####################################################################################################
####################################################################################################
####################################################################################################
####################################################################################################
####################################################################################################
####################################################################################################
####################################################################################################
####################################################################################################
####################################################################################################
####################################################################################################
####################################################################################################
####################################################################################################
####################################################################################################
####################################################################################################
####################################################################################################
####################################################################################################
####################################################################################################
####################################################################################################
####################################################################################################
####################################################################################################
####################################################################################################
####################################################################################################
####################################################################################################
####################################################################################################
####################################################################################################
####################################################################################################
####################################################################################################
####################################################################################################
####################################################################################################
####################################################################################################
####################################################################################################
####################################################################################################
####################################################################################################
####################################################################################################
####################################################################################################
####################################################################################################
####################################################################################################
####################################################################################################
####################################################################################################
####################################################################################################
####################################################################################################
####################################################################################################
####################################################################################################
####################################################################################################
####################################################################################################
####################################################################################################
####################################################################################################
####################################################################################################
####################################################################################################
####################################################################################################
####################################################################################################
####################################################################################################
####################################################################################################
####################################################################################################
####################################################################################################
####################################################################################################
####################################################################################################
####################################################################################################
####################################################################################################
####################################################################################################
####################################################################################################
####################################################################################################
####################################################################################################
####################################################################################################
####################################################################################################
####################################################################################################
####################################################################################################
####################################################################################################
####################################################################################################
####################################################################################################
####################################################################################################
####################################################################################################
####################################################################################################
####################################################################################################
