./dat/unexplored000.bin を探索
探索盤面数：1
勝ち盤面数：0, 負け盤面数：0, 未知盤面数：1
新状態数 (重複排除前)：4
新状態数 (重複排除後)：4
総未知盤面数：1, 総勝ち盤面数：0, 総負け盤面数：0
2026-09-23 16:21:28
00時間00分00秒経過
./dat/unexplored000.bin を探索
探索盤面数：4
勝ち盤面数：0, 負け盤面数：0, 未知盤面数：4
新状態数 (重複排除前)：17
新状態数 (重複排除後)：17
総未知盤面数：5, 総勝ち盤面数：0, 総負け盤面数：0
2026-09-23 16:21:28
00時間00分00秒経過
./dat/unexplored000.bin を探索
探索盤面数：17
勝ち盤面数：4, 負け盤面数：0, 未知盤面数：13
新状態数 (重複排除前)：96
新状態数 (重複排除後)：82
総未知盤面数：18, 総勝ち盤面数：4, 総負け盤面数：0
2026-09-23 16:21:28
00時間00分00秒経過
./dat/unexplored000.bin を探索
探索盤面数：82
勝ち盤面数：24, 負け盤面数：0, 未知盤面数：58
新状態数 (重複排除前)：510
新状態数 (重複排除後)：447
総未知盤面数：76, 総勝ち盤面数：28, 総負け盤面数：0
2026-09-23 16:21:28
00時間00分00秒経過
./dat/unexplored000.bin を探索
探索盤面数：447
勝ち盤面数：131, 負け盤面数：0, 未知盤面数：316
新状態数 (重複排除前)：2509
新状態数 (重複排除後)：1960
総未知盤面数：392, 総勝ち盤面数：159, 総負け盤面数：0
2026-09-23 16:21:28
00時間00分00秒経過
./dat/unexplored000.bin を探索
探索盤面数：1960
勝ち盤面数：687, 負け盤面数：2, 未知盤面数：1271
新状態数 (重複排除前)：10840
新状態数 (重複排除後)：7714
総未知盤面数：1663, 総勝ち盤面数：846, 総負け盤面数：2
2026-09-23 16:21:28
00時間00分00秒経過
./dat/unexplored000.bin を探索
探索盤面数：7714
勝ち盤面数：3005, 負け盤面数：15, 未知盤面数：4694
新状態数 (重複排除前)：43237
新状態数 (重複排除後)：28583
総未知盤面数：6357, 総勝ち盤面数：3851, 総負け盤面数：17
2026-09-23 16:21:28
00時間00分00秒経過
./dat/unexplored000.bin を探索
探索盤面数：28583
勝ち盤面数：10041, 負け盤面数：41, 未知盤面数：18501
新状態数 (重複排除前)：169739
新状態数 (重複排除後)：106762
総未知盤面数：24858, 総勝ち盤面数：13892, 総負け盤面数：58
2026-09-23 16:21:28
00時間00分00秒経過
./dat/unexplored000.bin を探索
探索盤面数：106762
勝ち盤面数：41609, 負け盤面数：225, 未知盤面数：64928
新状態数 (重複排除前)：610934
新状態数 (重複排除後)：346184
総未知盤面数：89786, 総勝ち盤面数：55501, 総負け盤面数：283
2026-09-23 16:21:28
00時間00分00秒経過
./dat/unexplored000.bin を探索
探索盤面数：346184
勝ち盤面数：128314, 負け盤面数：794, 未知盤面数：217076
新状態数 (重複排除前)：2070403
新状態数 (重複排除後)：1095851
総未知盤面数：306862, 総勝ち盤面数：183815, 総負け盤面数：1077
2026-09-23 16:21:29
00時間00分00秒経過
./dat/unexplored000.bin を探索
探索盤面数：1095851
勝ち盤面数：441814, 負け盤面数：4375, 未知盤面数：649662
新状態数 (重複排除前)：6408513
新状態数 (重複排除後)：2954532
総未知盤面数：956524, 総勝ち盤面数：625629, 総負け盤面数：5452
2026-09-23 16:21:29
00時間00分00秒経過
./dat/unexplored000.bin を探索
探索盤面数：2954532
勝ち盤面数：1185217, 負け盤面数：16239, 未知盤面数：1753076
新状態数 (重複排除前)：17195492
新状態数 (重複排除後)：7196129
総未知盤面数：2709600, 総勝ち盤面数：1810846, 総負け盤面数：21691
2026-09-23 16:21:31
00時間00分02秒経過
./dat/unexplored000.bin を探索
探索盤面数：5000000
勝ち盤面数：2186385, 負け盤面数：43896, 未知盤面数：2769719
新状態数 (重複排除前)：27836473
新状態数 (重複排除後)：10358000
総未知盤面数：5479319, 総勝ち盤面数：3997231, 総負け盤面数：65587
2026-09-23 16:21:34
00時間00分05秒経過
./dat/unexplored001.bin を探索
探索盤面数：5000000
勝ち盤面数：2317482, 負け盤面数：45104, 未知盤面数：2637414
新状態数 (重複排除前)：26907699
新状態数 (重複排除後)：8701626
総未知盤面数：8116733, 総勝ち盤面数：6314713, 総負け盤面数：110691
2026-09-23 16:21:37
00時間00分08秒経過
./dat/unexplored002.bin を探索
探索盤面数：5000000
勝ち盤面数：2184299, 負け盤面数：29740, 未知盤面数：2785961
新状態数 (重複排除前)：27004443
新状態数 (重複排除後)：8452933
総未知盤面数：10902694, 総勝ち盤面数：8499012, 総負け盤面数：140431
2026-09-23 16:21:40
00時間00分11秒経過
./dat/unexplored003.bin を探索
探索盤面数：5000000
勝ち盤面数：2277878, 負け盤面数：97320, 未知盤面数：2624802
新状態数 (重複排除前)：25421026
新状態数 (重複排除後)：8336624
総未知盤面数：13527496, 総勝ち盤面数：10776890, 総負け盤面数：237751
2026-09-23 16:21:42
00時間00分14秒経過
./dat/unexplored004.bin を探索
探索盤面数：5000000
勝ち盤面数：2304997, 負け盤面数：58326, 未知盤面数：2636677
新状態数 (重複排除前)：26502165
新状態数 (重複排除後)：7836035
総未知盤面数：16164173, 総勝ち盤面数：13081887, 総負け盤面数：296077
2026-09-23 16:21:45
00時間00分16秒経過
./dat/unexplored005.bin を探索
探索盤面数：5000000
勝ち盤面数：2473861, 負け盤面数：48806, 未知盤面数：2477333
新状態数 (重複排除前)：24383719
新状態数 (重複排除後)：6791716
総未知盤面数：18641506, 総勝ち盤面数：15555748, 総負け盤面数：344883
2026-09-23 16:21:47
00時間00分18秒経過
./dat/unexplored006.bin を探索
探索盤面数：5000000
勝ち盤面数：2578417, 負け盤面数：55576, 未知盤面数：2366007
新状態数 (重複排除前)：22673628
新状態数 (重複排除後)：5768148
総未知盤面数：21007513, 総勝ち盤面数：18134165, 総負け盤面数：400459
2026-09-23 16:21:51
00時間00分22秒経過
./dat/unexplored007.bin を探索
探索盤面数：5000000
勝ち盤面数：2697195, 負け盤面数：207241, 未知盤面数：2095564
新状態数 (重複排除前)：20321873
新状態数 (重複排除後)：6040927
総未知盤面数：23103077, 総勝ち盤面数：20831360, 総負け盤面数：607700
2026-09-23 16:21:52
00時間00分24秒経過
./dat/unexplored008.bin を探索
探索盤面数：5000000
勝ち盤面数：2573318, 負け盤面数：61195, 未知盤面数：2365487
新状態数 (重複排除前)：22438434
新状態数 (重複排除後)：5060722
総未知盤面数：25468564, 総勝ち盤面数：23404678, 総負け盤面数：668895
2026-09-23 16:21:54
00時間00分26秒経過
./dat/unexplored009.bin を探索
探索盤面数：5000000
勝ち盤面数：2682186, 負け盤面数：96775, 未知盤面数：2221039
新状態数 (重複排除前)：23331495
新状態数 (重複排除後)：5528956
総未知盤面数：27689603, 総勝ち盤面数：26086864, 総負け盤面数：765670
2026-09-23 16:21:56
00時間00分28秒経過
./dat/unexplored010.bin を探索
探索盤面数：5000000
勝ち盤面数：2680252, 負け盤面数：52928, 未知盤面数：2266820
新状態数 (重複排除前)：21295709
新状態数 (重複排除後)：4844300
総未知盤面数：29956423, 総勝ち盤面数：28767116, 総負け盤面数：818598
2026-09-23 16:21:58
00時間00分29秒経過
./dat/unexplored011.bin を探索
探索盤面数：5000000
勝ち盤面数：2615312, 負け盤面数：88535, 未知盤面数：2296153
新状態数 (重複排除前)：20026754
新状態数 (重複排除後)：4690848
総未知盤面数：32252576, 総勝ち盤面数：31382428, 総負け盤面数：907133
2026-09-23 16:22:00
00時間00分31秒経過
./dat/unexplored012.bin を探索
探索盤面数：5000000
勝ち盤面数：2673346, 負け盤面数：141583, 未知盤面数：2185071
新状態数 (重複排除前)：19709752
新状態数 (重複排除後)：5434587
総未知盤面数：34437647, 総勝ち盤面数：34055774, 総負け盤面数：1048716
2026-09-23 16:22:02
00時間00分33秒経過
./dat/unexplored013.bin を探索
探索盤面数：5000000
勝ち盤面数：2627994, 負け盤面数：227056, 未知盤面数：2144950
新状態数 (重複排除前)：19325458
新状態数 (重複排除後)：5641573
総未知盤面数：36582597, 総勝ち盤面数：36683768, 総負け盤面数：1275772
2026-09-23 16:22:04
00時間00分35秒経過
./dat/unexplored014.bin を探索
探索盤面数：5000000
勝ち盤面数：2751934, 負け盤面数：74191, 未知盤面数：2173875
新状態数 (重複排除前)：19471629
新状態数 (重複排除後)：4378051
総未知盤面数：38756472, 総勝ち盤面数：39435702, 総負け盤面数：1349963
2026-09-23 16:22:06
00時間00分37秒経過
./dat/unexplored015.bin を探索
探索盤面数：5000000
勝ち盤面数：2686246, 負け盤面数：171315, 未知盤面数：2142439
新状態数 (重複排除前)：20170324
新状態数 (重複排除後)：4762300
総未知盤面数：40898911, 総勝ち盤面数：42121948, 総負け盤面数：1521278
2026-09-23 16:22:08
00時間00分39秒経過
./dat/unexplored016.bin を探索
探索盤面数：5000000
勝ち盤面数：2862366, 負け盤面数：105448, 未知盤面数：2032186
新状態数 (重複排除前)：18467491
新状態数 (重複排除後)：4701674
総未知盤面数：42931097, 総勝ち盤面数：44984314, 総負け盤面数：1626726
2026-09-23 16:22:10
00時間00分41秒経過
./dat/unexplored017.bin を探索
探索盤面数：5000000
勝ち盤面数：3079913, 負け盤面数：154458, 未知盤面数：1765629
新状態数 (重複排除前)：16283117
新状態数 (重複排除後)：3397718
総未知盤面数：44696726, 総勝ち盤面数：48064227, 総負け盤面数：1781184
2026-09-23 16:22:11
00時間00分43秒経過
./dat/unexplored018.bin を探索
探索盤面数：5000000
勝ち盤面数：2936198, 負け盤面数：218860, 未知盤面数：1844942
新状態数 (重複排除前)：16525129
新状態数 (重複排除後)：4363879
総未知盤面数：46541668, 総勝ち盤面数：51000425, 総負け盤面数：2000044
2026-09-23 16:22:13
00時間00分45秒経過
./dat/unexplored019.bin を探索
探索盤面数：5000000
勝ち盤面数：3081132, 負け盤面数：315290, 未知盤面数：1603578
新状態数 (重複排除前)：15172279
新状態数 (重複排除後)：3868428
総未知盤面数：48145246, 総勝ち盤面数：54081557, 総負け盤面数：2315334
2026-09-23 16:22:15
00時間00分46秒経過
./dat/unexplored020.bin を探索
探索盤面数：5000000
勝ち盤面数：3106824, 負け盤面数：133017, 未知盤面数：1760159
新状態数 (重複排除前)：16258785
新状態数 (重複排除後)：3276909
総未知盤面数：49905405, 総勝ち盤面数：57188381, 総負け盤面数：2448351
2026-09-23 16:22:17
00時間00分48秒経過
./dat/unexplored021.bin を探索
探索盤面数：5000000
勝ち盤面数：3032082, 負け盤面数：254373, 未知盤面数：1713545
新状態数 (重複排除前)：16327175
新状態数 (重複排除後)：3655409
総未知盤面数：51618950, 総勝ち盤面数：60220463, 総負け盤面数：2702724
2026-09-23 16:22:21
00時間00分52秒経過
./dat/unexplored022.bin を探索
探索盤面数：5000000
勝ち盤面数：2867519, 負け盤面数：126379, 未知盤面数：2006102
新状態数 (重複排除前)：18760165
新状態数 (重複排除後)：4759837
総未知盤面数：53625052, 総勝ち盤面数：63087982, 総負け盤面数：2829103
2026-09-23 16:22:23
00時間00分54秒経過
./dat/unexplored023.bin を探索
探索盤面数：5000000
勝ち盤面数：2952772, 負け盤面数：199686, 未知盤面数：1847542
新状態数 (重複排除前)：15984386
新状態数 (重複排除後)：4197268
総未知盤面数：55472594, 総勝ち盤面数：66040754, 総負け盤面数：3028789
2026-09-23 16:22:25
00時間00分56秒経過
./dat/unexplored024.bin を探索
探索盤面数：5000000
勝ち盤面数：2788095, 負け盤面数：279403, 未知盤面数：1932502
新状態数 (重複排除前)：17257292
新状態数 (重複排除後)：5213367
総未知盤面数：57405096, 総勝ち盤面数：68828849, 総負け盤面数：3308192
2026-09-23 16:22:26
00時間00分58秒経過
./dat/unexplored025.bin を探索
探索盤面数：5000000
勝ち盤面数：2893122, 負け盤面数：209262, 未知盤面数：1897616
新状態数 (重複排除前)：17280247
新状態数 (重複排除後)：4656014
総未知盤面数：59302712, 総勝ち盤面数：71721971, 総負け盤面数：3517454
2026-09-23 16:22:28
00時間00分59秒経過
./dat/unexplored026.bin を探索
探索盤面数：5000000
勝ち盤面数：2888868, 負け盤面数：235043, 未知盤面数：1876089
新状態数 (重複排除前)：17052459
新状態数 (重複排除後)：4375943
総未知盤面数：61178801, 総勝ち盤面数：74610839, 総負け盤面数：3752497
2026-09-23 16:22:30
00時間01分01秒経過
./dat/unexplored027.bin を探索
探索盤面数：5000000
勝ち盤面数：2855060, 負け盤面数：132445, 未知盤面数：2012495
新状態数 (重複排除前)：18842181
新状態数 (重複排除後)：4778722
総未知盤面数：63191296, 総勝ち盤面数：77465899, 総負け盤面数：3884942
2026-09-23 16:22:32
00時間01分03秒経過
./dat/unexplored028.bin を探索
探索盤面数：5000000
勝ち盤面数：3041074, 負け盤面数：237954, 未知盤面数：1720972
新状態数 (重複排除前)：16414728
新状態数 (重複排除後)：4552244
総未知盤面数：64912268, 総勝ち盤面数：80506973, 総負け盤面数：4122896
2026-09-23 16:22:34
00時間01分05秒経過
./dat/unexplored029.bin を探索
探索盤面数：5000000
勝ち盤面数：3174526, 負け盤面数：277271, 未知盤面数：1548203
新状態数 (重複排除前)：15438181
新状態数 (重複排除後)：3805442
総未知盤面数：66460471, 総勝ち盤面数：83681499, 総負け盤面数：4400167
2026-09-23 16:22:35
00時間01分07秒経過
./dat/unexplored030.bin を探索
探索盤面数：5000000
勝ち盤面数：2979517, 負け盤面数：182850, 未知盤面数：1837633
新状態数 (重複排除前)：18648858
新状態数 (重複排除後)：4491751
総未知盤面数：68298104, 総勝ち盤面数：86661016, 総負け盤面数：4583017
2026-09-23 16:22:37
00時間01分08秒経過
./dat/unexplored031.bin を探索
探索盤面数：5000000
勝ち盤面数：2670232, 負け盤面数：77885, 未知盤面数：2251883
新状態数 (重複排除前)：22095664
新状態数 (重複排除後)：5443682
総未知盤面数：70549987, 総勝ち盤面数：89331248, 総負け盤面数：4660902
2026-09-23 16:22:39
00時間01分10秒経過
./dat/unexplored032.bin を探索
探索盤面数：5000000
勝ち盤面数：2697062, 負け盤面数：135278, 未知盤面数：2167660
新状態数 (重複排除前)：19535063
新状態数 (重複排除後)：5364203
総未知盤面数：72717647, 総勝ち盤面数：92028310, 総負け盤面数：4796180
2026-09-23 16:22:41
00時間01分12秒経過
./dat/unexplored033.bin を探索
探索盤面数：5000000
勝ち盤面数：2716820, 負け盤面数：169571, 未知盤面数：2113609
新状態数 (重複排除前)：19177540
新状態数 (重複排除後)：5014438
総未知盤面数：74831256, 総勝ち盤面数：94745130, 総負け盤面数：4965751
2026-09-23 16:22:43
00時間01分14秒経過
./dat/unexplored034.bin を探索
探索盤面数：5000000
勝ち盤面数：2800981, 負け盤面数：86651, 未知盤面数：2112368
新状態数 (重複排除前)：20663109
新状態数 (重複排除後)：4686028
総未知盤面数：76943624, 総勝ち盤面数：97546111, 総負け盤面数：5052402
2026-09-23 16:22:45
00時間01分16秒経過
./dat/unexplored035.bin を探索
探索盤面数：5000000
勝ち盤面数：2938371, 負け盤面数：82891, 未知盤面数：1978738
新状態数 (重複排除前)：18648172
新状態数 (重複排除後)：4215448
総未知盤面数：78922362, 総勝ち盤面数：100484482, 総負け盤面数：5135293
2026-09-23 16:22:47
00時間01分18秒経過
./dat/unexplored036.bin を探索
探索盤面数：5000000
勝ち盤面数：3066848, 負け盤面数：198475, 未知盤面数：1734677
新状態数 (重複排除前)：16049777
新状態数 (重複排除後)：3993984
総未知盤面数：80657039, 総勝ち盤面数：103551330, 総負け盤面数：5333768
2026-09-23 16:22:49
00時間01分20秒経過
./dat/unexplored037.bin を探索
探索盤面数：5000000
勝ち盤面数：3150764, 負け盤面数：158960, 未知盤面数：1690276
新状態数 (重複排除前)：16600666
新状態数 (重複排除後)：3538305
総未知盤面数：82347315, 総勝ち盤面数：106702094, 総負け盤面数：5492728
2026-09-23 16:22:51
00時間01分22秒経過
./dat/unexplored038.bin を探索
探索盤面数：5000000
勝ち盤面数：2937276, 負け盤面数：87146, 未知盤面数：1975578
新状態数 (重複排除前)：18434926
新状態数 (重複排除後)：3737916
総未知盤面数：84322893, 総勝ち盤面数：109639370, 総負け盤面数：5579874
2026-09-23 16:22:52
00時間01分24秒経過
./dat/unexplored039.bin を探索
探索盤面数：5000000
勝ち盤面数：3083322, 負け盤面数：130587, 未知盤面数：1786091
新状態数 (重複排除前)：16671144
新状態数 (重複排除後)：3767000
総未知盤面数：86108984, 総勝ち盤面数：112722692, 総負け盤面数：5710461
2026-09-23 16:22:54
00時間01分26秒経過
./dat/unexplored040.bin を探索
探索盤面数：5000000
勝ち盤面数：3020621, 負け盤面数：151085, 未知盤面数：1828294
新状態数 (重複排除前)：16714378
新状態数 (重複排除後)：4162522
総未知盤面数：87937278, 総勝ち盤面数：115743313, 総負け盤面数：5861546
2026-09-23 16:22:56
00時間01分27秒経過
./dat/unexplored041.bin を探索
探索盤面数：5000000
勝ち盤面数：3198233, 負け盤面数：105712, 未知盤面数：1696055
新状態数 (重複排除前)：15800168
新状態数 (重複排除後)：3357783
総未知盤面数：89633333, 総勝ち盤面数：118941546, 総負け盤面数：5967258
2026-09-23 16:22:58
00時間01分29秒経過
./dat/unexplored042.bin を探索
探索盤面数：5000000
勝ち盤面数：3345533, 負け盤面数：157421, 未知盤面数：1497046
新状態数 (重複排除前)：14164072
新状態数 (重複排除後)：3211233
総未知盤面数：91130379, 総勝ち盤面数：122287079, 総負け盤面数：6124679
2026-09-23 16:23:00
00時間01分31秒経過
./dat/unexplored043.bin を探索
探索盤面数：5000000
勝ち盤面数：3312709, 負け盤面数：281807, 未知盤面数：1405484
新状態数 (重複排除前)：12783578
新状態数 (重複排除後)：2864510
総未知盤面数：92535863, 総勝ち盤面数：125599788, 総負け盤面数：6406486
2026-09-23 16:23:01
00時間01分32秒経過
./dat/unexplored044.bin を探索
探索盤面数：5000000
勝ち盤面数：3239646, 負け盤面数：162083, 未知盤面数：1598271
新状態数 (重複排除前)：14525469
新状態数 (重複排除後)：3273100
総未知盤面数：94134134, 総勝ち盤面数：128839434, 総負け盤面数：6568569
2026-09-23 16:23:03
00時間01分34秒経過
./dat/unexplored045.bin を探索
探索盤面数：5000000
勝ち盤面数：3382294, 負け盤面数：136023, 未知盤面数：1481683
新状態数 (重複排除前)：13696897
新状態数 (重複排除後)：3167481
総未知盤面数：95615817, 総勝ち盤面数：132221728, 総負け盤面数：6704592
2026-09-23 16:23:05
00時間01分36秒経過
./dat/unexplored046.bin を探索
探索盤面数：3715713
勝ち盤面数：2437977, 負け盤面数：132652, 未知盤面数：1145084
新状態数 (重複排除前)：10228557
新状態数 (重複排除後)：2431252
総未知盤面数：96760901, 総勝ち盤面数：134659705, 総負け盤面数：6837244
2026-09-23 16:23:06
00時間01分37秒経過
./dat/unexplored046.bin を探索
探索盤面数：2431252
勝ち盤面数：1661469, 負け盤面数：43476, 未知盤面数：726307
新状態数 (重複排除前)：6917128
新状態数 (重複排除後)：1734300
総未知盤面数：97487208, 総勝ち盤面数：136321174, 総負け盤面数：6880720
2026-09-23 16:23:07
00時間01分38秒経過
./dat/unexplored046.bin を探索
探索盤面数：1734300
勝ち盤面数：1061618, 負け盤面数：35967, 未知盤面数：636715
新状態数 (重複排除前)：5575882
新状態数 (重複排除後)：1433914
総未知盤面数：98123923, 総勝ち盤面数：137382792, 総負け盤面数：6916687
2026-09-23 16:23:07
00時間01分39秒経過
./dat/unexplored046.bin を探索
探索盤面数：1433914
勝ち盤面数：961266, 負け盤面数：20350, 未知盤面数：452298
新状態数 (重複排除前)：4456304
新状態数 (重複排除後)：1087793
総未知盤面数：98576221, 総勝ち盤面数：138344058, 総負け盤面数：6937037
2026-09-23 16:23:08
00時間01分39秒経過
./dat/unexplored046.bin を探索
探索盤面数：1087793
勝ち盤面数：645899, 負け盤面数：31099, 未知盤面数：410795
新状態数 (重複排除前)：3488111
新状態数 (重複排除後)：864366
総未知盤面数：98987016, 総勝ち盤面数：138989957, 総負け盤面数：6968136
2026-09-23 16:23:08
00時間01分40秒経過
./dat/unexplored046.bin を探索
探索盤面数：864366
勝ち盤面数：619040, 負け盤面数：14269, 未知盤面数：231057
新状態数 (重複排除前)：2240232
新状態数 (重複排除後)：488986
総未知盤面数：99218073, 総勝ち盤面数：139608997, 総負け盤面数：6982405
2026-09-23 16:23:09
00時間01分40秒経過
./dat/unexplored046.bin を探索
探索盤面数：488986
勝ち盤面数：304920, 負け盤面数：22469, 未知盤面数：161597
新状態数 (重複排除前)：1278023
新状態数 (重複排除後)：305630
総未知盤面数：99379670, 総勝ち盤面数：139913917, 総負け盤面数：7004874
2026-09-23 16:23:09
00時間01分40秒経過
./dat/unexplored046.bin を探索
探索盤面数：305630
勝ち盤面数：242016, 負け盤面数：3906, 未知盤面数：59708
新状態数 (重複排除前)：550295
新状態数 (重複排除後)：112959
総未知盤面数：99439378, 総勝ち盤面数：140155933, 総負け盤面数：7008780
2026-09-23 16:23:09
00時間01分41秒経過
./dat/unexplored046.bin を探索
探索盤面数：112959
勝ち盤面数：72374, 負け盤面数：7976, 未知盤面数：32609
新状態数 (重複排除前)：227049
新状態数 (重複排除後)：59069
総未知盤面数：99471987, 総勝ち盤面数：140228307, 総負け盤面数：7016756
2026-09-23 16:23:10
00時間01分41秒経過
./dat/unexplored046.bin を探索
探索盤面数：59069
勝ち盤面数：50987, 負け盤面数：592, 未知盤面数：7490
新状態数 (重複排除前)：66188
新状態数 (重複排除後)：13645
総未知盤面数：99479477, 総勝ち盤面数：140279294, 総負け盤面数：7017348
2026-09-23 16:23:10
00時間01分41秒経過
./dat/unexplored046.bin を探索
探索盤面数：13645
勝ち盤面数：8145, 負け盤面数：1380, 未知盤面数：4120
新状態数 (重複排除前)：24017
新状態数 (重複排除後)：8364
総未知盤面数：99483597, 総勝ち盤面数：140287439, 総負け盤面数：7018728
2026-09-23 16:23:10
00時間01分41秒経過
./dat/unexplored046.bin を探索
探索盤面数：8364
勝ち盤面数：7241, 負け盤面数：123, 未知盤面数：1000
新状態数 (重複排除前)：8701
新状態数 (重複排除後)：2757
総未知盤面数：99484597, 総勝ち盤面数：140294680, 総負け盤面数：7018851
2026-09-23 16:23:10
00時間01分41秒経過
./dat/unexplored046.bin を探索
探索盤面数：2757
勝ち盤面数：1778, 負け盤面数：130, 未知盤面数：849
新状態数 (重複排除前)：4693
新状態数 (重複排除後)：1925
総未知盤面数：99485446, 総勝ち盤面数：140296458, 総負け盤面数：7018981
2026-09-23 16:23:10
00時間01分42秒経過
./dat/unexplored046.bin を探索
探索盤面数：1925
勝ち盤面数：1865, 負け盤面数：3, 未知盤面数：57
新状態数 (重複排除前)：421
新状態数 (重複排除後)：223
総未知盤面数：99485503, 総勝ち盤面数：140298323, 総負け盤面数：7018984
2026-09-23 16:23:10
00時間01分42秒経過
./dat/unexplored046.bin を探索
探索盤面数：223
勝ち盤面数：157, 負け盤面数：1, 未知盤面数：65
新状態数 (重複排除前)：297
新状態数 (重複排除後)：134
総未知盤面数：99485568, 総勝ち盤面数：140298480, 総負け盤面数：7018985
2026-09-23 16:23:11
00時間01分42秒経過
./dat/unexplored046.bin を探索
探索盤面数：134
勝ち盤面数：134, 負け盤面数：0, 未知盤面数：0
新状態数 (重複排除前)：0
新状態数 (重複排除後)：0
総未知盤面数：99485568, 総勝ち盤面数：140298614, 総負け盤面数：7018985
探索終了
2026-09-23 16:23:11
00時間01分42秒経過
P2 後続生成 0/99485568 辺 11 00分00秒経過
P2 後続生成 10000000/99485568 辺 91680222 00分05秒経過
P2 後続生成 20000000/99485568 辺 185733847 00分10秒経過
P2 後続生成 30000000/99485568 辺 278905596 00分14秒経過
P2 後続生成 40000000/99485568 辺 375669025 00分19秒経過
P2 後続生成 50000000/99485568 辺 466120994 00分24秒経過
P2 後続生成 60000000/99485568 辺 558513048 00分28秒経過
P2 後続生成 70000000/99485568 辺 648590493 00分33秒経過
P2 後続生成 80000000/99485568 辺 746502028 00分37秒経過
P2 後続生成 90000000/99485568 辺 843968413 00分42秒経過
P4 入次数まで 00時間00分06秒
####################################################################################################
####################################################################################################
####################################################################################################
####################################################################################################
####################################################################################################
####################################################################################################
####################################################################################################
####################################################################################################
####################################################################################################
####################################################################################################
####################################################################################################
####################################################################################################
####################################################################################################
####################################################################################################
####################################################################################################
####################################################################################################
####################################################################################################
####################################################################################################
####################################################################################################
####################################################################################################
####################################################################################################
####################################################################################################
####################################################################################################
####################################################################################################
####################################################################################################
####################################################################################################
####################################################################################################
####################################################################################################
####################################################################################################
####################################################################################################
####################################################################################################
####################################################################################################
####################################################################################################
####################################################################################################
####################################################################################################
####################################################################################################
####################################################################################################
####################################################################################################
####################################################################################################
####################################################################################################
####################################################################################################
####################################################################################################
####################################################################################################
####################################################################################################
####################################################################################################
####################################################################################################
####################################################################################################
####################################################################################################
####################################################################################################
####################################################################################################
####################################################################################################
####################################################################################################
####################################################################################################
####################################################################################################
####################################################################################################
####################################################################################################
####################################################################################################
####################################################################################################
####################################################################################################
####################################################################################################
####################################################################################################
####################################################################################################
####################################################################################################
####################################################################################################
####################################################################################################
####################################################################################################
####################################################################################################
####################################################################################################
####################################################################################################
####################################################################################################
####################################################################################################
####################################################################################################
####################################################################################################
####################################################################################################
####################################################################################################
####################################################################################################
####################################################################################################
####################################################################################################
####################################################################################################
####################################################################################################
####################################################################################################
####################################################################################################
####################################################################################################
####################################################################################################
####################################################################################################
####################################################################################################
####################################################################################################
####################################################################################################
####################################################################################################
####################################################################################################
####################################################################################################
####################################################################################################
####################################################################################################
####################################################################################################
####################################################################################################
####################################################################################################
####################################################################################################
####################################################################################################
####################################################################################################
####################################################################################################
####################################################################################################
####################################################################################################
####################################################################################################
####################################################################################################
####################################################################################################
####################################################################################################
####################################################################################################
####################################################################################################
####################################################################################################
####################################################################################################
####################################################################################################
####################################################################################################
####################################################################################################
####################################################################################################
####################################################################################################
####################################################################################################
####################################################################################################
####################################################################################################
####################################################################################################
####################################################################################################
####################################################################################################
####################################################################################################
####################################################################################################
####################################################################################################
####################################################################################################
####################################################################################################
####################################################################################################
####################################################################################################
####################################################################################################
####################################################################################################
####################################################################################################
####################################################################################################
####################################################################################################
####################################################################################################
####################################################################################################
####################################################################################################
####################################################################################################
####################################################################################################
####################################################################################################
####################################################################################################
####################################################################################################
####################################################################################################
####################################################################################################
####################################################################################################
####################################################################################################
####################################################################################################
####################################################################################################
####################################################################################################
####################################################################################################
####################################################################################################
####################################################################################################
####################################################################################################
####################################################################################################
####################################################################################################
####################################################################################################
####################################################################################################
####################################################################################################
####################################################################################################
####################################################################################################
####################################################################################################
####################################################################################################
####################################################################################################
####################################################################################################
####################################################################################################
####################################################################################################
####################################################################################################
####################################################################################################
####################################################################################################
####################################################################################################
####################################################################################################
####################################################################################################
####################################################################################################
####################################################################################################
####################################################################################################
