./dat/unexplored000.pickle を探索
探索盤面数：1
勝ち盤面数：0, 負け盤面数：0, 未知盤面数：1
新状態数 (重複排除前)：4
新状態数 (重複排除後)：4
総未知盤面数：1, 総勝ち盤面数：0, 総負け盤面数：0
2026-09-18 20:30:48
00時間00分00秒経過
./dat/unexplored000.pickle を探索
探索盤面数：4
勝ち盤面数：0, 負け盤面数：0, 未知盤面数：4
新状態数 (重複排除前)：17
新状態数 (重複排除後)：17
総未知盤面数：5, 総勝ち盤面数：0, 総負け盤面数：0
2026-09-18 20:30:48
00時間00分00秒経過
./dat/unexplored000.pickle を探索
探索盤面数：17
勝ち盤面数：4, 負け盤面数：0, 未知盤面数：13
新状態数 (重複排除前)：96
新状態数 (重複排除後)：82
総未知盤面数：18, 総勝ち盤面数：4, 総負け盤面数：0
2026-09-18 20:30:48
00時間00分00秒経過
./dat/unexplored000.pickle を探索
探索盤面数：82
勝ち盤面数：24, 負け盤面数：0, 未知盤面数：58
新状態数 (重複排除前)：510
新状態数 (重複排除後)：447
総未知盤面数：76, 総勝ち盤面数：28, 総負け盤面数：0
2026-09-18 20:30:48
00時間00分00秒経過
./dat/unexplored000.pickle を探索
探索盤面数：447
勝ち盤面数：131, 負け盤面数：0, 未知盤面数：316
新状態数 (重複排除前)：2509
新状態数 (重複排除後)：1960
総未知盤面数：392, 総勝ち盤面数：159, 総負け盤面数：0
2026-09-18 20:30:48
00時間00分00秒経過
./dat/unexplored000.pickle を探索
探索盤面数：1960
勝ち盤面数：687, 負け盤面数：2, 未知盤面数：1271
新状態数 (重複排除前)：10840
新状態数 (重複排除後)：7714
総未知盤面数：1663, 総勝ち盤面数：846, 総負け盤面数：2
2026-09-18 20:30:48
00時間00分00秒経過
./dat/unexplored000.pickle を探索
探索盤面数：7714
勝ち盤面数：3005, 負け盤面数：15, 未知盤面数：4694
新状態数 (重複排除前)：43237
新状態数 (重複排除後)：28583
総未知盤面数：6357, 総勝ち盤面数：3851, 総負け盤面数：17
2026-09-18 20:30:48
00時間00分00秒経過
./dat/unexplored000.pickle を探索
探索盤面数：28583
勝ち盤面数：10041, 負け盤面数：41, 未知盤面数：18501
新状態数 (重複排除前)：169739
新状態数 (重複排除後)：106762
総未知盤面数：24858, 総勝ち盤面数：13892, 総負け盤面数：58
2026-09-18 20:30:48
00時間00分00秒経過
./dat/unexplored000.pickle を探索
探索盤面数：106762
勝ち盤面数：41609, 負け盤面数：225, 未知盤面数：64928
新状態数 (重複排除前)：610934
新状態数 (重複排除後)：346184
総未知盤面数：89786, 総勝ち盤面数：55501, 総負け盤面数：283
2026-09-18 20:30:49
00時間00分00秒経過
./dat/unexplored000.pickle を探索
探索盤面数：346184
勝ち盤面数：128314, 負け盤面数：794, 未知盤面数：217076
新状態数 (重複排除前)：2070403
新状態数 (重複排除後)：1095851
総未知盤面数：306862, 総勝ち盤面数：183815, 総負け盤面数：1077
2026-09-18 20:30:51
00時間00分03秒経過
./dat/unexplored000.pickle を探索
探索盤面数：1095851
勝ち盤面数：441814, 負け盤面数：4375, 未知盤面数：649662
新状態数 (重複排除前)：6408513
新状態数 (重複排除後)：2954532
総未知盤面数：956524, 総勝ち盤面数：625629, 総負け盤面数：5452
2026-09-18 20:30:59
00時間00分10秒経過
./dat/unexplored000.pickle を探索
探索盤面数：2954532
勝ち盤面数：1185217, 負け盤面数：16239, 未知盤面数：1753076
新状態数 (重複排除前)：17195492
新状態数 (重複排除後)：7196129
総未知盤面数：2709600, 総勝ち盤面数：1810846, 総負け盤面数：21691
2026-09-18 20:31:20
00時間00分31秒経過
./dat/unexplored000.pickle を探索
探索盤面数：5000000
勝ち盤面数：2214729, 負け盤面数：44245, 未知盤面数：2741026
新状態数 (重複排除前)：27422265
新状態数 (重複排除後)：11357094
総未知盤面数：5450626, 総勝ち盤面数：4025575, 総負け盤面数：65936
2026-09-18 20:32:01
00時間01分13秒経過
./dat/unexplored001.pickle を探索
探索盤面数：5000000
勝ち盤面数：2236829, 負け盤面数：45253, 未知盤面数：2717918
新状態数 (重複排除前)：26977701
新状態数 (重複排除後)：10174884
総未知盤面数：8168544, 総勝ち盤面数：6262404, 総負け盤面数：111189
2026-09-18 20:32:44
00時間01分55秒経過
./dat/unexplored002.pickle を探索
探索盤面数：5000000
勝ち盤面数：2195337, 負け盤面数：53595, 未知盤面数：2751068
新状態数 (重複排除前)：26848481
新状態数 (重複排除後)：9058460
総未知盤面数：10919612, 総勝ち盤面数：8457741, 総負け盤面数：164784
2026-09-18 20:33:35
00時間02分47秒経過
./dat/unexplored003.pickle を探索
探索盤面数：5000000
勝ち盤面数：2252172, 負け盤面数：55792, 未知盤面数：2692036
新状態数 (重複排除前)：26350521
新状態数 (重複排除後)：7482185
総未知盤面数：13611648, 総勝ち盤面数：10709913, 総負け盤面数：220576
2026-09-18 20:34:20
00時間03分32秒経過
./dat/unexplored004.pickle を探索
探索盤面数：5000000
勝ち盤面数：2305888, 負け盤面数：72367, 未知盤面数：2621745
新状態数 (重複排除前)：25629841
新状態数 (重複排除後)：8554769
総未知盤面数：16233393, 総勝ち盤面数：13015801, 総負け盤面数：292943
2026-09-18 20:35:09
00時間04分20秒経過
./dat/unexplored005.pickle を探索
探索盤面数：5000000
勝ち盤面数：2369764, 負け盤面数：69626, 未知盤面数：2560610
新状態数 (重複排除前)：25081714
新状態数 (重複排除後)：6752199
総未知盤面数：18794003, 総勝ち盤面数：15385565, 総負け盤面数：362569
2026-09-18 20:35:58
00時間05分10秒経過
./dat/unexplored006.pickle を探索
探索盤面数：5000000
勝ち盤面数：2465082, 負け盤面数：88694, 未知盤面数：2446224
新状態数 (重複排除前)：23805973
新状態数 (重複排除後)：5713899
総未知盤面数：21240227, 総勝ち盤面数：17850647, 総負け盤面数：451263
2026-09-18 20:36:46
00時間05分58秒経過
./dat/unexplored007.pickle を探索
探索盤面数：5000000
勝ち盤面数：2511597, 負け盤面数：97219, 未知盤面数：2391184
新状態数 (重複排除前)：23274099
新状態数 (重複排除後)：5619357
総未知盤面数：23631411, 総勝ち盤面数：20362244, 総負け盤面数：548482
2026-09-18 20:37:34
00時間06分46秒経過
./dat/unexplored008.pickle を探索
探索盤面数：5000000
勝ち盤面数：2513112, 負け盤面数：97961, 未知盤面数：2388927
新状態数 (重複排除前)：22952438
新状態数 (重複排除後)：5885569
総未知盤面数：26020338, 総勝ち盤面数：22875356, 総負け盤面数：646443
2026-09-18 20:38:35
00時間07分46秒経過
./dat/unexplored009.pickle を探索
探索盤面数：5000000
勝ち盤面数：2451462, 負け盤面数：89454, 未知盤面数：2459084
新状態数 (重複排除前)：22882801
新状態数 (重複排除後)：6564602
総未知盤面数：28479422, 総勝ち盤面数：25326818, 総負け盤面数：735897
2026-09-18 20:39:27
00時間08分39秒経過
./dat/unexplored010.pickle を探索
探索盤面数：5000000
勝ち盤面数：2459845, 負け盤面数：97403, 未知盤面数：2442752
新状態数 (重複排除前)：22908179
新状態数 (重複排除後)：5271171
総未知盤面数：30922174, 総勝ち盤面数：27786663, 総負け盤面数：833300
2026-09-18 20:40:23
00時間09分35秒経過
./dat/unexplored011.pickle を探索
探索盤面数：5000000
勝ち盤面数：2629702, 負け盤面数：108170, 未知盤面数：2262128
新状態数 (重複排除前)：21061448
新状態数 (重複排除後)：4504550
総未知盤面数：33184302, 総勝ち盤面数：30416365, 総負け盤面数：941470
2026-09-18 20:41:17
00時間10分29秒経過
./dat/unexplored012.pickle を探索
探索盤面数：5000000
勝ち盤面数：2828494, 負け盤面数：121774, 未知盤面数：2049732
新状態数 (重複排除前)：18886066
新状態数 (重複排除後)：4205899
総未知盤面数：35234034, 総勝ち盤面数：33244859, 総負け盤面数：1063244
2026-09-18 20:42:11
00時間11分23秒経過
./dat/unexplored013.pickle を探索
探索盤面数：5000000
勝ち盤面数：2804734, 負け盤面数：143352, 未知盤面数：2051914
新状態数 (重複排除前)：19034981
新状態数 (重複排除後)：4755590
総未知盤面数：37285948, 総勝ち盤面数：36049593, 総負け盤面数：1206596
2026-09-18 20:43:04
00時間12分15秒経過
./dat/unexplored014.pickle を探索
探索盤面数：5000000
勝ち盤面数：2823219, 負け盤面数：145856, 未知盤面数：2030925
新状態数 (重複排除前)：18828968
新状態数 (重複排除後)：4551555
総未知盤面数：39316873, 総勝ち盤面数：38872812, 総負け盤面数：1352452
2026-09-18 20:43:58
00時間13分09秒経過
./dat/unexplored015.pickle を探索
探索盤面数：5000000
勝ち盤面数：2827072, 負け盤面数：150738, 未知盤面数：2022190
新状態数 (重複排除前)：18677142
新状態数 (重複排除後)：4399367
総未知盤面数：41339063, 総勝ち盤面数：41699884, 総負け盤面数：1503190
2026-09-18 20:44:54
00時間14分06秒経過
./dat/unexplored016.pickle を探索
探索盤面数：5000000
勝ち盤面数：2791711, 負け盤面数：162370, 未知盤面数：2045919
新状態数 (重複排除前)：18649849
新状態数 (重複排除後)：4307300
総未知盤面数：43384982, 総勝ち盤面数：44491595, 総負け盤面数：1665560
2026-09-18 20:45:48
00時間14分59秒経過
./dat/unexplored017.pickle を探索
探索盤面数：5000000
勝ち盤面数：2962811, 負け盤面数：183947, 未知盤面数：1853242
新状態数 (重複排除前)：17081745
新状態数 (重複排除後)：3553147
総未知盤面数：45238224, 総勝ち盤面数：47454406, 総負け盤面数：1849507
2026-09-18 20:46:24
00時間15分36秒経過
./dat/unexplored018.pickle を探索
探索盤面数：5000000
勝ち盤面数：3163964, 負け盤面数：200552, 未知盤面数：1635484
新状態数 (重複排除前)：15069477
新状態数 (重複排除後)：3214816
総未知盤面数：46873708, 総勝ち盤面数：50618370, 総負け盤面数：2050059
2026-09-18 20:46:58
00時間16分09秒経過
./dat/unexplored019.pickle を探索
探索盤面数：5000000
勝ち盤面数：3116469, 負け盤面数：200127, 未知盤面数：1683404
新状態数 (重複排除前)：15538964
新状態数 (重複排除後)：3950259
総未知盤面数：48557112, 総勝ち盤面数：53734839, 総負け盤面数：2250186
2026-09-18 20:47:32
00時間16分44秒経過
./dat/unexplored020.pickle を探索
探索盤面数：5000000
勝ち盤面数：2913577, 負け盤面数：193462, 未知盤面数：1892961
新状態数 (重複排除前)：17265000
新状態数 (重複排除後)：4627973
総未知盤面数：50450073, 総勝ち盤面数：56648416, 総負け盤面数：2443648
2026-09-18 20:48:09
00時間17分20秒経過
./dat/unexplored021.pickle を探索
探索盤面数：5000000
勝ち盤面数：2886284, 負け盤面数：205332, 未知盤面数：1908384
新状態数 (重複排除前)：17101097
新状態数 (重複排除後)：4393138
総未知盤面数：52358457, 総勝ち盤面数：59534700, 総負け盤面数：2648980
2026-09-18 20:48:44
00時間17分55秒経過
./dat/unexplored022.pickle を探索
探索盤面数：5000000
勝ち盤面数：2918302, 負け盤面数：218782, 未知盤面数：1862916
新状態数 (重複排除前)：16638676
新状態数 (重複排除後)：4014895
総未知盤面数：54221373, 総勝ち盤面数：62453002, 総負け盤面数：2867762
2026-09-18 20:49:18
00時間18分29秒経過
./dat/unexplored023.pickle を探索
探索盤面数：5000000
勝ち盤面数：3093429, 負け盤面数：218492, 未知盤面数：1688079
新状態数 (重複排除前)：15254710
新状態数 (重複排除後)：3588487
総未知盤面数：55909452, 総勝ち盤面数：65546431, 総負け盤面数：3086254
2026-09-18 20:49:50
00時間19分02秒経過
./dat/unexplored024.pickle を探索
探索盤面数：5000000
勝ち盤面数：3008131, 負け盤面数：236467, 未知盤面数：1755402
新状態数 (重複排除前)：16046836
新状態数 (重複排除後)：4485723
総未知盤面数：57664854, 総勝ち盤面数：68554562, 総負け盤面数：3322721
2026-09-18 20:50:25
00時間19分37秒経過
./dat/unexplored025.pickle を探索
探索盤面数：5000000
勝ち盤面数：2883392, 負け盤面数：225074, 未知盤面数：1891534
新状態数 (重複排除前)：17768778
新状態数 (重複排除後)：4796585
総未知盤面数：59556388, 総勝ち盤面数：71437954, 総負け盤面数：3547795
2026-09-18 20:51:03
00時間20分14秒経過
./dat/unexplored026.pickle を探索
探索盤面数：5000000
勝ち盤面数：2958018, 負け盤面数：223875, 未知盤面数：1818107
新状態数 (重複排除前)：17149080
新状態数 (重複排除後)：4308655
総未知盤面数：61374495, 総勝ち盤面数：74395972, 総負け盤面数：3771670
2026-09-18 20:52:05
00時間21分16秒経過
./dat/unexplored027.pickle を探索
探索盤面数：5000000
勝ち盤面数：3092894, 負け盤面数：227310, 未知盤面数：1679796
新状態数 (重複排除前)：15938207
新状態数 (重複排除後)：3930951
総未知盤面数：63054291, 総勝ち盤面数：77488866, 総負け盤面数：3998980
2026-09-18 20:52:45
00時間21分56秒経過
./dat/unexplored028.pickle を探索
探索盤面数：5000000
勝ち盤面数：3081927, 負け盤面数：211142, 未知盤面数：1706931
新状態数 (重複排除前)：16291919
新状態数 (重複排除後)：4412172
総未知盤面数：64761222, 総勝ち盤面数：80570793, 総負け盤面数：4210122
2026-09-18 20:53:27
00時間22分38秒経過
./dat/unexplored029.pickle を探索
探索盤面数：5000000
勝ち盤面数：2846186, 負け盤面数：170528, 未知盤面数：1983286
新状態数 (重複排除前)：18980635
新状態数 (重複排除後)：5321867
総未知盤面数：66744508, 総勝ち盤面数：83416979, 総負け盤面数：4380650
2026-09-18 20:54:11
00時間23分22秒経過
./dat/unexplored030.pickle を探索
探索盤面数：5000000
勝ち盤面数：2737828, 負け盤面数：153281, 未知盤面数：2108891
新状態数 (重複排除前)：19996852
新状態数 (重複排除後)：5127537
総未知盤面数：68853399, 総勝ち盤面数：86154807, 総負け盤面数：4533931
2026-09-18 20:54:50
00時間24分01秒経過
./dat/unexplored031.pickle を探索
探索盤面数：5000000
勝ち盤面数：2803147, 負け盤面数：165886, 未知盤面数：2030967
新状態数 (重複排除前)：19079309
新状態数 (重複排除後)：4651690
総未知盤面数：70884366, 総勝ち盤面数：88957954, 総負け盤面数：4699817
2026-09-18 20:55:29
00時間24分41秒経過
./dat/unexplored032.pickle を探索
探索盤面数：5000000
勝ち盤面数：2800283, 負け盤面数：144111, 未知盤面数：2055606
新状態数 (重複排除前)：19651480
新状態数 (重複排除後)：5091091
総未知盤面数：72939972, 総勝ち盤面数：91758237, 総負け盤面数：4843928
2026-09-18 20:56:07
00時間25分18秒経過
./dat/unexplored033.pickle を探索
探索盤面数：5000000
勝ち盤面数：2787257, 負け盤面数：126026, 未知盤面数：2086717
新状態数 (重複排除前)：19911066
新状態数 (重複排除後)：4885015
総未知盤面数：75026689, 総勝ち盤面数：94545494, 総負け盤面数：4969954
2026-09-18 20:56:46
00時間25分57秒経過
./dat/unexplored034.pickle を探索
探索盤面数：5000000
勝ち盤面数：2917753, 負け盤面数：122356, 未知盤面数：1959891
新状態数 (重複排除前)：18845555
新状態数 (重複排除後)：4214485
総未知盤面数：76986580, 総勝ち盤面数：97463247, 総負け盤面数：5092310
2026-09-18 20:57:21
00時間26分33秒経過
./dat/unexplored035.pickle を探索
探索盤面数：5000000
勝ち盤面数：3050882, 負け盤面数：133165, 未知盤面数：1815953
新状態数 (重複排除前)：17465922
新状態数 (重複排除後)：3805851
総未知盤面数：78802533, 総勝ち盤面数：100514129, 総負け盤面数：5225475
2026-09-18 20:58:00
00時間27分11秒経過
./dat/unexplored036.pickle を探索
探索盤面数：5000000
勝ち盤面数：2928180, 負け盤面数：129705, 未知盤面数：1942115
新状態数 (重複排除前)：18530730
新状態数 (重複排除後)：4404625
総未知盤面数：80744648, 総勝ち盤面数：103442309, 総負け盤面数：5355180
2026-09-18 20:58:41
00時間27分52秒経過
./dat/unexplored037.pickle を探索
探索盤面数：5000000
勝ち盤面数：2881474, 負け盤面数：115553, 未知盤面数：2002973
新状態数 (重複排除前)：18689134
新状態数 (重複排除後)：4244056
総未知盤面数：82747621, 総勝ち盤面数：106323783, 総負け盤面数：5470733
2026-09-18 20:59:19
00時間28分30秒経過
./dat/unexplored038.pickle を探索
探索盤面数：5000000
勝ち盤面数：2973239, 負け盤面数：117568, 未知盤面数：1909193
新状態数 (重複排除前)：17521313
新状態数 (重複排除後)：3791897
総未知盤面数：84656814, 総勝ち盤面数：109297022, 総負け盤面数：5588301
2026-09-18 20:59:55
00時間29分07秒経過
./dat/unexplored039.pickle を探索
探索盤面数：5000000
勝ち盤面数：3129088, 負け盤面数：146754, 未知盤面数：1724158
新状態数 (重複排除前)：15983892
新状態数 (重複排除後)：3621727
総未知盤面数：86380972, 総勝ち盤面数：112426110, 総負け盤面数：5735055
2026-09-18 21:00:31
00時間29分43秒経過
./dat/unexplored040.pickle を探索
探索盤面数：5000000
勝ち盤面数：3164606, 負け盤面数：143645, 未知盤面数：1691749
新状態数 (重複排除前)：15780198
新状態数 (重複排除後)：3458455
総未知盤面数：88072721, 総勝ち盤面数：115590716, 総負け盤面数：5878700
2026-09-18 21:01:10
00時間30分21秒経過
./dat/unexplored041.pickle を探索
探索盤面数：5000000
勝ち盤面数：3291430, 負け盤面数：142360, 未知盤面数：1566210
新状態数 (重複排除前)：14761289
新状態数 (重複排除後)：3084989
総未知盤面数：89638931, 総勝ち盤面数：118882146, 総負け盤面数：6021060
2026-09-18 21:01:51
00時間31分03秒経過
./dat/unexplored042.pickle を探索
探索盤面数：5000000
勝ち盤面数：3297407, 負け盤面数：172503, 未知盤面数：1530090
新状態数 (重複排除前)：14367989
新状態数 (重複排除後)：3246898
総未知盤面数：91169021, 総勝ち盤面数：122179553, 総負け盤面数：6193563
2026-09-18 21:02:33
00時間31分44秒経過
./dat/unexplored043.pickle を探索
探索盤面数：5000000
勝ち盤面数：3232117, 負け盤面数：194481, 未知盤面数：1573402
新状態数 (重複排除前)：14222220
新状態数 (重複排除後)：3258480
総未知盤面数：92742423, 総勝ち盤面数：125411670, 総負け盤面数：6388044
2026-09-18 21:03:15
00時間32分27秒経過
./dat/unexplored044.pickle を探索
探索盤面数：5000000
勝ち盤面数：3337818, 負け盤面数：183570, 未知盤面数：1478612
新状態数 (重複排除前)：13636657
新状態数 (重複排除後)：3063557
総未知盤面数：94221035, 総勝ち盤面数：128749488, 総負け盤面数：6571614
2026-09-18 21:03:49
00時間33分01秒経過
./dat/unexplored045.pickle を探索
探索盤面数：5000000
勝ち盤面数：3401464, 負け盤面数：170403, 未知盤面数：1428133
新状態数 (重複排除前)：13283748
新状態数 (重複排除後)：3089833
総未知盤面数：95649168, 総勝ち盤面数：132150952, 総負け盤面数：6742017
2026-09-18 21:04:22
00時間33分33秒経過
./dat/unexplored046.pickle を探索
探索盤面数：3993433
勝ち盤面数：2647817, 負け盤面数：104472, 未知盤面数：1241144
新状態数 (重複排除前)：11373292
新状態数 (重複排除後)：2608151
総未知盤面数：96890312, 総勝ち盤面数：134798769, 総負け盤面数：6846489
2026-09-18 21:04:45
00時間33分57秒経過
./dat/unexplored046.pickle を探索
探索盤面数：2608151
勝ち盤面数：1729816, 負け盤面数：46693, 未知盤面数：831642
新状態数 (重複排除前)：7738787
新状態数 (重複排除後)：1842448
総未知盤面数：97721954, 総勝ち盤面数：136528585, 総負け盤面数：6893182
2026-09-18 21:05:02
00時間34分14秒経過
./dat/unexplored046.pickle を探索
探索盤面数：1842448
勝ち盤面数：1198666, 負け盤面数：28220, 未知盤面数：615562
新状態数 (重複排除前)：5674551
新状態数 (重複排除後)：1400262
総未知盤面数：98337516, 総勝ち盤面数：137727251, 総負け盤面数：6921402
2026-09-18 21:05:16
00時間34分28秒経過
./dat/unexplored046.pickle を探索
探索盤面数：1400262
勝ち盤面数：894276, 負け盤面数：24104, 未知盤面数：481882
新状態数 (重複排除前)：4395877
新状態数 (重複排除後)：1057349
総未知盤面数：98819398, 総勝ち盤面数：138621527, 総負け盤面数：6945506
2026-09-18 21:05:28
00時間34分40秒経過
./dat/unexplored046.pickle を探索
探索盤面数：1057349
勝ち盤面数：710868, 負け盤面数：27668, 未知盤面数：318813
新状態数 (重複排除前)：2892637
新状態数 (重複排除後)：674479
総未知盤面数：99138211, 総勝ち盤面数：139332395, 総負け盤面数：6973174
2026-09-18 21:05:37
00時間34分49秒経過
./dat/unexplored046.pickle を探索
探索盤面数：674479
勝ち盤面数：458094, 負け盤面数：18825, 未知盤面数：197560
新状態数 (重複排除前)：1723557
新状態数 (重複排除後)：391433
総未知盤面数：99335771, 総勝ち盤面数：139790489, 総負け盤面数：6991999
2026-09-18 21:05:45
00時間34分56秒経過
./dat/unexplored046.pickle を探索
探索盤面数：391433
勝ち盤面数：287637, 負け盤面数：14693, 未知盤面数：89103
新状態数 (重複排除前)：758680
新状態数 (重複排除後)：176441
総未知盤面数：99424874, 総勝ち盤面数：140078126, 総負け盤面数：7006692
2026-09-18 21:05:50
00時間35分02秒経過
./dat/unexplored046.pickle を探索
探索盤面数：176441
勝ち盤面数：129847, 負け盤面数：6470, 未知盤面数：40124
新状態数 (重複排除前)：323843
新状態数 (重複排除後)：74691
総未知盤面数：99464998, 総勝ち盤面数：140207973, 総負け盤面数：7013162
2026-09-18 21:05:54
00時間35分06秒経過
./dat/unexplored046.pickle を探索
探索盤面数：74691
勝ち盤面数：57755, 負け盤面数：3973, 未知盤面数：12963
新状態数 (重複排除前)：99769
新状態数 (重複排除後)：25465
総未知盤面数：99477961, 総勝ち盤面数：140265728, 総負け盤面数：7017135
2026-09-18 21:05:58
00時間35分10秒経過
./dat/unexplored046.pickle を探索
探索盤面数：25465
勝ち盤面数：19807, 負け盤面数：1035, 未知盤面数：4623
新状態数 (重複排除前)：33627
新状態数 (重複排除後)：9623
総未知盤面数：99482584, 総勝ち盤面数：140285535, 総負け盤面数：7018170
2026-09-18 21:06:02
00時間35分13秒経過
./dat/unexplored046.pickle を探索
探索盤面数：9623
勝ち盤面数：7042, 負け盤面数：684, 未知盤面数：1897
新状態数 (重複排除前)：13485
新状態数 (重複排除後)：4610
総未知盤面数：99484481, 総勝ち盤面数：140292577, 総負け盤面数：7018854
2026-09-18 21:06:05
00時間35分17秒経過
./dat/unexplored046.pickle を探索
探索盤面数：4610
勝ち盤面数：3750, 負け盤面数：95, 未知盤面数：765
新状態数 (重複排除前)：4695
新状態数 (重複排除後)：1867
総未知盤面数：99485246, 総勝ち盤面数：140296327, 総負け盤面数：7018949
2026-09-18 21:06:09
00時間35分20秒経過
./dat/unexplored046.pickle を探索
探索盤面数：1867
勝ち盤面数：1571, 負け盤面数：35, 未知盤面数：261
新状態数 (重複排除前)：1527
新状態数 (重複排除後)：633
総未知盤面数：99485507, 総勝ち盤面数：140297898, 総負け盤面数：7018984
2026-09-18 21:06:12
00時間35分24秒経過
./dat/unexplored046.pickle を探索
探索盤面数：633
勝ち盤面数：587, 負け盤面数：1, 未知盤面数：45
新状態数 (重複排除前)：237
新状態数 (重複排除後)：113
総未知盤面数：99485552, 総勝ち盤面数：140298485, 総負け盤面数：7018985
2026-09-18 21:06:16
00時間35分27秒経過
./dat/unexplored046.pickle を探索
探索盤面数：113
勝ち盤面数：97, 負け盤面数：0, 未知盤面数：16
新状態数 (重複排除前)：66
新状態数 (重複排除後)：32
総未知盤面数：99485568, 総勝ち盤面数：140298582, 総負け盤面数：7018985
2026-09-18 21:06:19
00時間35分31秒経過
./dat/unexplored046.pickle を探索
探索盤面数：32
勝ち盤面数：32, 負け盤面数：0, 未知盤面数：0
新状態数 (重複排除前)：0
新状態数 (重複排除後)：0
総未知盤面数：99485568, 総勝ち盤面数：140298614, 総負け盤面数：7018985
探索終了
2026-09-18 21:06:23
00時間35分34秒経過
