=== forward_prep 一致の検査 開始 2026-10-07T15:42:01+00:00 ===
cls.bin sha256 8ecd2dbc3944 (unmove_prune・unmove_flip と同じ)
--- v_old の前のノード0: 2 MiB 以上の空きブロック 17.42 GiB (しきい値 8) ---
=== 開始 v_old (old: impl/33_hot_layout / animal_shogi.so sha256 23b75af2b667) 2026-10-07T15:42:04+00:00 ===
=== 終了 v_old 2026-10-07T15:43:06+00:00 (exit=0) ===
	Elapsed (wall clock) time (h:mm:ss or m:ss): 1:01.97
	Maximum resident set size (kbytes): 3090644
	Minor (reclaiming a frame) page faults: 2497985
全探索の所要時間：55.8245 秒
F1	50.0967 
--- thp_fault_fallback の前後差: 0 ---
--- 全探索の側の dat/: 31 ファイル, #33 本走の dat/ の同じ名前のファイルと違うもの 0 ---
--- forward.tsv の件数の列 (round〜n_try_total): #33 と一致 ---
--- 3本の列の sha256 を logs/out_ref.txt に書いた (基準) ---
=== 完了 v_old 2026-10-07T15:43:08+00:00 ===
--- v_recalc の前のノード0: 2 MiB 以上の空きブロック 17.30 GiB (しきい値 8) ---
=== 開始 v_recalc (recalc: impl/33_hot_layout + patches/recalc.patch / animal_shogi.so sha256 871cd22a0ced) 2026-10-07T15:43:08+00:00 ===
=== 終了 v_recalc 2026-10-07T15:44:22+00:00 (exit=0) ===
	Elapsed (wall clock) time (h:mm:ss or m:ss): 1:13.87
	Maximum resident set size (kbytes): 3926656
	Minor (reclaiming a frame) page faults: 2707198
全探索の所要時間：66.5810 秒
F1	60.8711 
--- thp_fault_fallback の前後差: 0 ---
--- 全探索の側の dat/: 31 ファイル, #33 本走の dat/ の同じ名前のファイルと違うもの 0 ---
--- forward.tsv の件数の列 (round〜n_try_total): #33 と一致 ---
--- 3本の列の sha256 (並びまで): old と一致 ---
=== 完了 v_recalc 2026-10-07T15:44:24+00:00 ===
--- v_carry の前のノード0: 2 MiB 以上の空きブロック 16.53 GiB (しきい値 8) ---
=== 開始 v_carry (carry_check: impl/33_hot_layout + patches/carry.patch / animal_shogi.so sha256 cc581b43813b) 2026-10-07T15:44:25+00:00 ===
=== 終了 v_carry 2026-10-07T15:45:38+00:00 (exit=0) ===
	Elapsed (wall clock) time (h:mm:ss or m:ss): 1:13.51
	Maximum resident set size (kbytes): 3938296
	Minor (reclaiming a frame) page faults: 2392311
全探索の所要時間：66.3073 秒
F1	60.7526 
--- thp_fault_fallback の前後差: 0 ---
--- 全探索の側の dat/: 31 ファイル, #33 本走の dat/ の同じ名前のファイルと違うもの 0 ---
--- forward.tsv の件数の列 (round〜n_try_total): #33 と一致 ---
--- 3本の列の sha256 (並びまで): old と一致 ---
=== 完了 v_carry 2026-10-07T15:45:40+00:00 ===
## v_recalc の配列
dat/ の局面: 未知 99485568 / キャッチ 140298614 / トライ負け 7018985
未知局面のうち, キャッチ抜きの数が 0 の局面: 6254985
食い違い: 到達しないランク 0 / キャッチ局面 0 / トライ負け局面 0 / 未知局面 0
配列の検査: PASS

## v_carry の配列
v_recalc の配列と: バイト一致
積んだランクと計算し直したランクの食い違い: 0

一致の検査: PASS
=== forward_prep 一致の検査 終了 2026-10-07T15:48:01+00:00 ===
