=== unmove_prune 試作の後退解析 開始 2026-10-07T12:11:19+00:00 ===
prune.so sha256 4d1a352f9abc / bench sha256 1de133ba7e43
load average: 1.51, 1.65, 1.13
CPU 使用率 (全 CPU, 1秒): 2%
先読み: どちらの版も, 候補のランクで cls の行を, 残った前任で dtm (と cnt) の行を取り寄せる (unmove_catch と同じ)
THP enabled: always [madvise] never
--- a1_naive 開始 2026-10-07T12:11:20+00:00 ---
初期化: 56.46 秒 (キャッチ 140298614 / トライ負け 7018985 / キャッチ抜きの数が 0 で先に決めた 6254985)
一致の検査 (naive): 246803167 局面のうち, 食い違い 0 局面 => PASS
RESULT	naive	a1_naive	56.463	81.364	174	103821853	1094348081	495730952	256947768	341669361	0	6254985	0
--- a2_pruned 開始 2026-10-07T12:13:57+00:00 ---
初期化: 55.95 秒 (キャッチ 140298614 / トライ負け 7018985 / キャッチ抜きの数が 0 で先に決めた 6254985)
一致の検査 (pruned): 246803167 局面のうち, 食い違い 0 局面 => PASS
RESULT	pruned	a2_pruned	55.955	60.696	174	103821853	578723910	495730952	82992958	0	0	6254985	0
--- a3_pruned 開始 2026-10-07T12:16:07+00:00 ---
初期化: 56.80 秒 (キャッチ 140298614 / トライ負け 7018985 / キャッチ抜きの数が 0 で先に決めた 6254985)
一致の検査 (pruned): 246803167 局面のうち, 食い違い 0 局面 => PASS
RESULT	pruned	a3_pruned	56.796	60.800	174	103821853	578723910	495730952	82992958	0	0	6254985	0
--- a4_naive 開始 2026-10-07T12:18:19+00:00 ---
初期化: 56.89 秒 (キャッチ 140298614 / トライ負け 7018985 / キャッチ抜きの数が 0 で先に決めた 6254985)
一致の検査 (naive): 246803167 局面のうち, 食い違い 0 局面 => PASS
RESULT	naive	a4_naive	56.889	81.791	174	103821853	1094348081	495730952	256947768	341669361	0	6254985	0
--- a5_naive 開始 2026-10-07T12:20:52+00:00 ---
初期化: 56.52 秒 (キャッチ 140298614 / トライ負け 7018985 / キャッチ抜きの数が 0 で先に決めた 6254985)
一致の検査 (naive): 246803167 局面のうち, 食い違い 0 局面 => PASS
RESULT	naive	a5_naive	56.520	81.879	174	103821853	1094348081	495730952	256947768	341669361	0	6254985	0
--- a6_pruned 開始 2026-10-07T12:23:25+00:00 ---
初期化: 56.17 秒 (キャッチ 140298614 / トライ負け 7018985 / キャッチ抜きの数が 0 で先に決めた 6254985)
一致の検査 (pruned): 246803167 局面のうち, 食い違い 0 局面 => PASS
RESULT	pruned	a6_pruned	56.166	60.742	174	103821853	578723910	495730952	82992958	0	0	6254985	0
thp_fault_fallback の前後差: 0
=== unmove_prune 試作の後退解析 全6本 完了 2026-10-07T12:25:36+00:00 ===
