=== 開始 old1a (impl/14_c_retreat) 2026-09-20T17:55:48+00:00 ===
=== 終了 old1a 2026-09-20T18:05:54+00:00 (exit=0) ===
後退解析の所要時間：603.96 秒
	Percent of CPU this job got: 99%
	Elapsed (wall clock) time (h:mm:ss or m:ss): 10:04.01
	Maximum resident set size (kbytes): 14497912
読み込んだ局面：246803167 (未知 99485568 / キャッチ 140298614 / トライ負け 7018985)
P0 読み込み：00時間01分33秒
P1 索引：00時間00分20秒
辺の総数：938671869 (未発見の後続 0)
P2 後続生成：00時間03分28秒
P4 前任リスト：00時間02分51秒
--- オラクル 174行 ---
PASS: 174 行すべて一致
  手数別局面数の合計: 96802868
=== 完了 old1a 2026-09-20T18:05:55+00:00 ===
=== 開始 new1a (impl/15_c_successors) 2026-09-20T18:05:55+00:00 ===
=== 終了 new1a 2026-09-20T18:14:11+00:00 (exit=0) ===
後退解析の所要時間：494.32 秒
	Percent of CPU this job got: 99%
	Elapsed (wall clock) time (h:mm:ss or m:ss): 8:14.38
	Maximum resident set size (kbytes): 14515500
読み込んだ局面：246803167 (未知 99485568 / キャッチ 140298614 / トライ負け 7018985)
P0 読み込み：00時間01分36秒
P1 索引：00時間00分20秒
辺の総数：938671869 (未発見の後続 0)
P2 後続生成：00時間01分44秒
P4 前任リスト：00時間02分45秒
--- オラクル 174行 ---
PASS: 174 行すべて一致
  手数別局面数の合計: 96802868
=== 完了 new1a 2026-09-20T18:14:11+00:00 ===
=== 開始 new1b (impl/15_c_successors) 2026-09-20T18:14:11+00:00 ===
=== 終了 new1b 2026-09-20T18:22:20+00:00 (exit=0) ===
後退解析の所要時間：487.35 秒
	Percent of CPU this job got: 99%
	Elapsed (wall clock) time (h:mm:ss or m:ss): 8:07.40
	Maximum resident set size (kbytes): 14515816
読み込んだ局面：246803167 (未知 99485568 / キャッチ 140298614 / トライ負け 7018985)
P0 読み込み：00時間01分32秒
P1 索引：00時間00分20秒
辺の総数：938671869 (未発見の後続 0)
P2 後続生成：00時間01分43秒
P4 前任リスト：00時間02分43秒
--- オラクル 174行 ---
PASS: 174 行すべて一致
  手数別局面数の合計: 96802868
=== 完了 new1b 2026-09-20T18:22:21+00:00 ===
=== 開始 old1b (impl/14_c_retreat) 2026-09-20T18:22:21+00:00 ===
=== 終了 old1b 2026-09-20T18:32:20+00:00 (exit=0) ===
後退解析の所要時間：597.47 秒
	Percent of CPU this job got: 99%
	Elapsed (wall clock) time (h:mm:ss or m:ss): 9:57.53
	Maximum resident set size (kbytes): 14498088
読み込んだ局面：246803167 (未知 99485568 / キャッチ 140298614 / トライ負け 7018985)
P0 読み込み：00時間01分34秒
P1 索引：00時間00分20秒
辺の総数：938671869 (未発見の後続 0)
P2 後続生成：00時間03分24秒
P4 前任リスト：00時間02分48秒
--- オラクル 174行 ---
PASS: 174 行すべて一致
  手数別局面数の合計: 96802868
=== 完了 old1b 2026-09-20T18:32:21+00:00 ===
=== 開始 old2a (impl/14_c_retreat) 2026-09-20T18:32:21+00:00 ===
=== 終了 old2a 2026-09-20T18:42:05+00:00 (exit=0) ===
後退解析の所要時間：582.70 秒
	Percent of CPU this job got: 99%
	Elapsed (wall clock) time (h:mm:ss or m:ss): 9:42.75
	Maximum resident set size (kbytes): 14499136
読み込んだ局面：246803167 (未知 99485568 / キャッチ 140298614 / トライ負け 7018985)
P0 読み込み：00時間01分33秒
P1 索引：00時間00分21秒
辺の総数：938671869 (未発見の後続 0)
P2 後続生成：00時間03分13秒
P4 前任リスト：00時間02分46秒
--- オラクル 174行 ---
PASS: 174 行すべて一致
  手数別局面数の合計: 96802868
=== 完了 old2a 2026-09-20T18:42:06+00:00 ===
=== 開始 new2a (impl/15_c_successors) 2026-09-20T18:42:06+00:00 ===
=== 終了 new2a 2026-09-20T18:50:20+00:00 (exit=0) ===
後退解析の所要時間：492.15 秒
	Percent of CPU this job got: 99%
	Elapsed (wall clock) time (h:mm:ss or m:ss): 8:12.20
	Maximum resident set size (kbytes): 14515436
読み込んだ局面：246803167 (未知 99485568 / キャッチ 140298614 / トライ負け 7018985)
P0 読み込み：00時間01分34秒
P1 索引：00時間00分20秒
辺の総数：938671869 (未発見の後続 0)
P2 後続生成：00時間01分44秒
P4 前任リスト：00時間02分45秒
--- オラクル 174行 ---
PASS: 174 行すべて一致
  手数別局面数の合計: 96802868
=== 完了 new2a 2026-09-20T18:50:20+00:00 ===
=== 開始 new2b (impl/15_c_successors) 2026-09-20T18:50:20+00:00 ===
=== 終了 new2b 2026-09-20T18:59:00+00:00 (exit=0) ===
後退解析の所要時間：518.12 秒
	Percent of CPU this job got: 99%
	Elapsed (wall clock) time (h:mm:ss or m:ss): 8:38.18
	Maximum resident set size (kbytes): 14515500
読み込んだ局面：246803167 (未知 99485568 / キャッチ 140298614 / トライ負け 7018985)
P0 読み込み：00時間01分33秒
P1 索引：00時間00分20秒
辺の総数：938671869 (未発見の後続 0)
P2 後続生成：00時間02分09秒
P4 前任リスト：00時間02分45秒
--- オラクル 174行 ---
PASS: 174 行すべて一致
  手数別局面数の合計: 96802868
=== 完了 new2b 2026-09-20T18:59:00+00:00 ===
=== 開始 old2b (impl/14_c_retreat) 2026-09-20T18:59:00+00:00 ===
=== 終了 old2b 2026-09-20T19:08:40+00:00 (exit=0) ===
後退解析の所要時間：577.52 秒
	Percent of CPU this job got: 99%
	Elapsed (wall clock) time (h:mm:ss or m:ss): 9:37.57
	Maximum resident set size (kbytes): 14499028
読み込んだ局面：246803167 (未知 99485568 / キャッチ 140298614 / トライ負け 7018985)
P0 読み込み：00時間01分33秒
P1 索引：00時間00分20秒
辺の総数：938671869 (未発見の後続 0)
P2 後続生成：00時間03分11秒
P4 前任リスト：00時間02分45秒
--- オラクル 174行 ---
PASS: 174 行すべて一致
  手数別局面数の合計: 96802868
=== 完了 old2b 2026-09-20T19:08:40+00:00 ===
=== 開始 old3a (impl/14_c_retreat) 2026-09-20T19:08:40+00:00 ===
=== 終了 old3a 2026-09-20T19:18:23+00:00 (exit=0) ===
後退解析の所要時間：580.94 秒
	Percent of CPU this job got: 99%
	Elapsed (wall clock) time (h:mm:ss or m:ss): 9:41.00
	Maximum resident set size (kbytes): 14498432
読み込んだ局面：246803167 (未知 99485568 / キャッチ 140298614 / トライ負け 7018985)
P0 読み込み：00時間01分36秒
P1 索引：00時間00分20秒
辺の総数：938671869 (未発見の後続 0)
P2 後続生成：00時間03分15秒
P4 前任リスト：00時間02分41秒
--- オラクル 174行 ---
PASS: 174 行すべて一致
  手数別局面数の合計: 96802868
=== 完了 old3a 2026-09-20T19:18:23+00:00 ===
=== 開始 new3a (impl/15_c_successors) 2026-09-20T19:18:23+00:00 ===
=== 終了 new3a 2026-09-20T19:27:08+00:00 (exit=0) ===
後退解析の所要時間：522.74 秒
	Percent of CPU this job got: 99%
	Elapsed (wall clock) time (h:mm:ss or m:ss): 8:42.81
	Maximum resident set size (kbytes): 14514988
読み込んだ局面：246803167 (未知 99485568 / キャッチ 140298614 / トライ負け 7018985)
P0 読み込み：00時間01分34秒
P1 索引：00時間00分24秒
辺の総数：938671869 (未発見の後続 0)
P2 後続生成：00時間02分11秒
P4 前任リスト：00時間02分44秒
--- オラクル 174行 ---
PASS: 174 行すべて一致
  手数別局面数の合計: 96802868
=== 完了 new3a 2026-09-20T19:27:08+00:00 ===
=== 開始 new3b (impl/15_c_successors) 2026-09-20T19:27:08+00:00 ===
=== 終了 new3b 2026-09-20T19:35:16+00:00 (exit=0) ===
後退解析の所要時間：485.79 秒
	Percent of CPU this job got: 99%
	Elapsed (wall clock) time (h:mm:ss or m:ss): 8:05.84
	Maximum resident set size (kbytes): 14515808
読み込んだ局面：246803167 (未知 99485568 / キャッチ 140298614 / トライ負け 7018985)
P0 読み込み：00時間01分32秒
P1 索引：00時間00分20秒
辺の総数：938671869 (未発見の後続 0)
P2 後続生成：00時間01分43秒
P4 前任リスト：00時間02分43秒
--- オラクル 174行 ---
PASS: 174 行すべて一致
  手数別局面数の合計: 96802868
=== 完了 new3b 2026-09-20T19:35:17+00:00 ===
=== 開始 old3b (impl/14_c_retreat) 2026-09-20T19:35:17+00:00 ===
=== 終了 old3b 2026-09-20T19:45:00+00:00 (exit=0) ===
後退解析の所要時間：581.87 秒
	Percent of CPU this job got: 99%
	Elapsed (wall clock) time (h:mm:ss or m:ss): 9:41.93
	Maximum resident set size (kbytes): 14498468
読み込んだ局面：246803167 (未知 99485568 / キャッチ 140298614 / トライ負け 7018985)
P0 読み込み：00時間01分37秒
P1 索引：00時間00分20秒
辺の総数：938671869 (未発見の後続 0)
P2 後続生成：00時間03分12秒
P4 前任リスト：00時間02分43秒
--- オラクル 174行 ---
PASS: 174 行すべて一致
  手数別局面数の合計: 96802868
=== 完了 old3b 2026-09-20T19:45:01+00:00 ===
=== 開始 old4a (impl/14_c_retreat) 2026-09-20T19:45:01+00:00 ===
=== 終了 old4a 2026-09-20T19:54:44+00:00 (exit=0) ===
後退解析の所要時間：581.59 秒
	Percent of CPU this job got: 99%
	Elapsed (wall clock) time (h:mm:ss or m:ss): 9:41.65
	Maximum resident set size (kbytes): 14498816
読み込んだ局面：246803167 (未知 99485568 / キャッチ 140298614 / トライ負け 7018985)
P0 読み込み：00時間01分33秒
P1 索引：00時間00分20秒
辺の総数：938671869 (未発見の後続 0)
P2 後続生成：00時間03分17秒
P4 前任リスト：00時間02分42秒
--- オラクル 174行 ---
PASS: 174 行すべて一致
  手数別局面数の合計: 96802868
=== 完了 old4a 2026-09-20T19:54:45+00:00 ===
=== 開始 new4a (impl/15_c_successors) 2026-09-20T19:54:45+00:00 ===
=== 終了 new4a 2026-09-20T20:03:00+00:00 (exit=0) ===
後退解析の所要時間：493.02 秒
	Percent of CPU this job got: 99%
	Elapsed (wall clock) time (h:mm:ss or m:ss): 8:13.07
	Maximum resident set size (kbytes): 14515204
読み込んだ局面：246803167 (未知 99485568 / キャッチ 140298614 / トライ負け 7018985)
P0 読み込み：00時間01分37秒
P1 索引：00時間00分20秒
辺の総数：938671869 (未発見の後続 0)
P2 後続生成：00時間01分44秒
P4 前任リスト：00時間02分43秒
--- オラクル 174行 ---
PASS: 174 行すべて一致
  手数別局面数の合計: 96802868
=== 完了 new4a 2026-09-20T20:03:00+00:00 ===
=== 開始 new4b (impl/15_c_successors) 2026-09-20T20:03:00+00:00 ===
=== 終了 new4b 2026-09-20T20:11:10+00:00 (exit=0) ===
後退解析の所要時間：488.36 秒
	Percent of CPU this job got: 99%
	Elapsed (wall clock) time (h:mm:ss or m:ss): 8:08.42
	Maximum resident set size (kbytes): 14515124
読み込んだ局面：246803167 (未知 99485568 / キャッチ 140298614 / トライ負け 7018985)
P0 読み込み：00時間01分33秒
P1 索引：00時間00分20秒
辺の総数：938671869 (未発見の後続 0)
P2 後続生成：00時間01分44秒
P4 前任リスト：00時間02分43秒
--- オラクル 174行 ---
PASS: 174 行すべて一致
  手数別局面数の合計: 96802868
=== 完了 new4b 2026-09-20T20:11:11+00:00 ===
=== 開始 old4b (impl/14_c_retreat) 2026-09-20T20:11:11+00:00 ===
=== 終了 old4b 2026-09-20T20:21:26+00:00 (exit=0) ===
後退解析の所要時間：613.10 秒
	Percent of CPU this job got: 99%
	Elapsed (wall clock) time (h:mm:ss or m:ss): 10:13.15
	Maximum resident set size (kbytes): 14497648
読み込んだ局面：246803167 (未知 99485568 / キャッチ 140298614 / トライ負け 7018985)
P0 読み込み：00時間01分34秒
P1 索引：00時間00分40秒
辺の総数：938671869 (未発見の後続 0)
P2 後続生成：00時間03分26秒
P4 前任リスト：00時間02分44秒
--- オラクル 174行 ---
PASS: 174 行すべて一致
  手数別局面数の合計: 96802868
=== 完了 old4b 2026-09-20T20:21:26+00:00 ===
=== 全16本 完了 2026-09-20T20:21:26+00:00 ===
