./dat/unexplored000.pickle を探索
探索盤面数：1
勝ち盤面数：0, 負け盤面数：0, 未知盤面数：1
新状態数 (重複排除前)：4
新状態数 (重複排除後)：4
総未知盤面数：1, 総勝ち盤面数：0, 総負け盤面数：0
2026-09-19 09:27:03
00時間00分00秒経過
./dat/unexplored000.pickle を探索
探索盤面数：4
勝ち盤面数：0, 負け盤面数：0, 未知盤面数：4
新状態数 (重複排除前)：17
新状態数 (重複排除後)：17
総未知盤面数：5, 総勝ち盤面数：0, 総負け盤面数：0
2026-09-19 09:27:03
00時間00分00秒経過
./dat/unexplored000.pickle を探索
探索盤面数：17
勝ち盤面数：4, 負け盤面数：0, 未知盤面数：13
新状態数 (重複排除前)：96
新状態数 (重複排除後)：82
総未知盤面数：18, 総勝ち盤面数：4, 総負け盤面数：0
2026-09-19 09:27:03
00時間00分00秒経過
./dat/unexplored000.pickle を探索
探索盤面数：82
勝ち盤面数：24, 負け盤面数：0, 未知盤面数：58
新状態数 (重複排除前)：510
新状態数 (重複排除後)：447
総未知盤面数：76, 総勝ち盤面数：28, 総負け盤面数：0
2026-09-19 09:27:03
00時間00分00秒経過
./dat/unexplored000.pickle を探索
探索盤面数：447
勝ち盤面数：131, 負け盤面数：0, 未知盤面数：316
新状態数 (重複排除前)：2509
新状態数 (重複排除後)：1960
総未知盤面数：392, 総勝ち盤面数：159, 総負け盤面数：0
2026-09-19 09:27:03
00時間00分00秒経過
./dat/unexplored000.pickle を探索
探索盤面数：1960
勝ち盤面数：687, 負け盤面数：2, 未知盤面数：1271
新状態数 (重複排除前)：10840
新状態数 (重複排除後)：7714
総未知盤面数：1663, 総勝ち盤面数：846, 総負け盤面数：2
2026-09-19 09:27:03
00時間00分00秒経過
./dat/unexplored000.pickle を探索
探索盤面数：7714
勝ち盤面数：3005, 負け盤面数：15, 未知盤面数：4694
新状態数 (重複排除前)：43237
新状態数 (重複排除後)：28583
総未知盤面数：6357, 総勝ち盤面数：3851, 総負け盤面数：17
2026-09-19 09:27:03
00時間00分00秒経過
./dat/unexplored000.pickle を探索
探索盤面数：28583
勝ち盤面数：10041, 負け盤面数：41, 未知盤面数：18501
新状態数 (重複排除前)：169739
新状態数 (重複排除後)：106762
総未知盤面数：24858, 総勝ち盤面数：13892, 総負け盤面数：58
2026-09-19 09:27:04
00時間00分00秒経過
./dat/unexplored000.pickle を探索
探索盤面数：106762
勝ち盤面数：41609, 負け盤面数：225, 未知盤面数：64928
新状態数 (重複排除前)：610934
新状態数 (重複排除後)：346184
総未知盤面数：89786, 総勝ち盤面数：55501, 総負け盤面数：283
2026-09-19 09:27:04
00時間00分00秒経過
./dat/unexplored000.pickle を探索
探索盤面数：346184
勝ち盤面数：128314, 負け盤面数：794, 未知盤面数：217076
新状態数 (重複排除前)：2070403
新状態数 (重複排除後)：1095851
総未知盤面数：306862, 総勝ち盤面数：183815, 総負け盤面数：1077
2026-09-19 09:27:07
00時間00分03秒経過
./dat/unexplored000.pickle を探索
探索盤面数：1095851
勝ち盤面数：441814, 負け盤面数：4375, 未知盤面数：649662
新状態数 (重複排除前)：6408513
新状態数 (重複排除後)：2954532
総未知盤面数：956524, 総勝ち盤面数：625629, 総負け盤面数：5452
2026-09-19 09:27:16
00時間00分12秒経過
./dat/unexplored000.pickle を探索
探索盤面数：2954532
勝ち盤面数：1185217, 負け盤面数：16239, 未知盤面数：1753076
新状態数 (重複排除前)：17195492
新状態数 (重複排除後)：7196129
総未知盤面数：2709600, 総勝ち盤面数：1810846, 総負け盤面数：21691
2026-09-19 09:27:39
00時間00分35秒経過
./dat/unexplored000.pickle を探索
探索盤面数：5000000
勝ち盤面数：2208373, 負け盤面数：44077, 未知盤面数：2747550
新状態数 (重複排除前)：27447314
新状態数 (重複排除後)：11337701
総未知盤面数：5457150, 総勝ち盤面数：4019219, 総負け盤面数：65768
2026-09-19 09:28:23
00時間01分19秒経過
./dat/unexplored001.pickle を探索
探索盤面数：5000000
勝ち盤面数：2233346, 負け盤面数：44917, 未知盤面数：2721737
新状態数 (重複排除前)：27023187
新状態数 (重複排除後)：10180808
総未知盤面数：8178887, 総勝ち盤面数：6252565, 総負け盤面数：110685
2026-09-19 09:29:16
00時間02分12秒経過
./dat/unexplored002.pickle を探索
探索盤面数：5000000
勝ち盤面数：2197559, 負け盤面数：54832, 未知盤面数：2747609
新状態数 (重複排除前)：26839307
新状態数 (重複排除後)：9004971
総未知盤面数：10926496, 総勝ち盤面数：8450124, 総負け盤面数：165517
2026-09-19 09:30:09
00時間03分05秒経過
./dat/unexplored003.pickle を探索
探索盤面数：5000000
勝ち盤面数：2260048, 負け盤面数：56658, 未知盤面数：2683294
新状態数 (重複排除前)：26288733
新状態数 (重複排除後)：7528010
総未知盤面数：13609790, 総勝ち盤面数：10710172, 総負け盤面数：222175
2026-09-19 09:30:51
00時間03分48秒経過
./dat/unexplored004.pickle を探索
探索盤面数：5000000
勝ち盤面数：2293818, 負け盤面数：71161, 未知盤面数：2635021
新状態数 (重複排除前)：25817386
新状態数 (重複排除後)：8606161
総未知盤面数：16244811, 総勝ち盤面数：13003990, 総負け盤面数：293336
2026-09-19 09:31:37
00時間04分33秒経過
./dat/unexplored005.pickle を探索
探索盤面数：5000000
勝ち盤面数：2367474, 負け盤面数：72579, 未知盤面数：2559947
新状態数 (重複排除前)：25012100
新状態数 (重複排除後)：6715402
総未知盤面数：18804758, 総勝ち盤面数：15371464, 総負け盤面数：365915
2026-09-19 09:32:19
00時間05分16秒経過
./dat/unexplored006.pickle を探索
探索盤面数：5000000
勝ち盤面数：2455910, 負け盤面数：87628, 未知盤面数：2456462
新状態数 (重複排除前)：23868998
新状態数 (重複排除後)：5746951
総未知盤面数：21261220, 総勝ち盤面数：17827374, 総負け盤面数：453543
2026-09-19 09:32:59
00時間05分56秒経過
./dat/unexplored007.pickle を探索
探索盤面数：5000000
勝ち盤面数：2527920, 負け盤面数：96175, 未知盤面数：2375905
新状態数 (重複排除前)：23158018
新状態数 (重複排除後)：5602050
総未知盤面数：23637125, 総勝ち盤面数：20355294, 総負け盤面数：549718
2026-09-19 09:33:37
00時間06分33秒経過
./dat/unexplored008.pickle を探索
探索盤面数：5000000
勝ち盤面数：2527632, 負け盤面数：95682, 未知盤面数：2376686
新状態数 (重複排除前)：22737655
新状態数 (重複排除後)：5831967
総未知盤面数：26013811, 総勝ち盤面数：22882926, 総負け盤面数：645400
2026-09-19 09:34:26
00時間07分22秒経過
./dat/unexplored009.pickle を探索
探索盤面数：5000000
勝ち盤面数：2432681, 負け盤面数：92891, 未知盤面数：2474428
新状態数 (重複排除前)：23180889
新状態数 (重複排除後)：6602182
総未知盤面数：28488239, 総勝ち盤面数：25315607, 総負け盤面数：738291
2026-09-19 09:35:05
00時間08分01秒経過
./dat/unexplored010.pickle を探索
探索盤面数：5000000
勝ち盤面数：2473210, 負け盤面数：93548, 未知盤面数：2433242
新状態数 (重複排除前)：22685929
新状態数 (重複排除後)：5233415
総未知盤面数：30921481, 総勝ち盤面数：27788817, 総負け盤面数：831839
2026-09-19 09:35:46
00時間08分42秒経過
./dat/unexplored011.pickle を探索
探索盤面数：5000000
勝ち盤面数：2632772, 負け盤面数：106955, 未知盤面数：2260273
新状態数 (重複排除前)：21033323
新状態数 (重複排除後)：4532197
総未知盤面数：33181754, 総勝ち盤面数：30421589, 総負け盤面数：938794
2026-09-19 09:36:23
00時間09分19秒経過
./dat/unexplored012.pickle を探索
探索盤面数：5000000
勝ち盤面数：2858261, 負け盤面数：124806, 未知盤面数：2016933
新状態数 (重複排除前)：18624194
新状態数 (重複排除後)：4132968
総未知盤面数：35198687, 総勝ち盤面数：33279850, 総負け盤面数：1063600
2026-09-19 09:36:59
00時間09分55秒経過
./dat/unexplored013.pickle を探索
探索盤面数：5000000
勝ち盤面数：2793863, 負け盤面数：141953, 未知盤面数：2064184
新状態数 (重複排除前)：19185992
新状態数 (重複排除後)：4813954
総未知盤面数：37262871, 総勝ち盤面数：36073713, 総負け盤面数：1205553
2026-09-19 09:37:33
00時間10分29秒経過
./dat/unexplored014.pickle を探索
探索盤面数：5000000
勝ち盤面数：2809066, 負け盤面数：145805, 未知盤面数：2045129
新状態数 (重複排除前)：19000850
新状態数 (重複排除後)：4583382
総未知盤面数：39308000, 総勝ち盤面数：38882779, 総負け盤面数：1351358
2026-09-19 09:38:08
00時間11分04秒経過
./dat/unexplored015.pickle を探索
探索盤面数：5000000
勝ち盤面数：2821349, 負け盤面数：150858, 未知盤面数：2027793
新状態数 (重複排除前)：18748534
新状態数 (重複排除後)：4412124
総未知盤面数：41335793, 総勝ち盤面数：41704128, 総負け盤面数：1502216
2026-09-19 09:38:44
00時間11分40秒経過
./dat/unexplored016.pickle を探索
探索盤面数：5000000
勝ち盤面数：2788433, 負け盤面数：156097, 未知盤面数：2055470
新状態数 (重複排除前)：18745077
新状態数 (重複排除後)：4319293
総未知盤面数：43391263, 総勝ち盤面数：44492561, 総負け盤面数：1658313
2026-09-19 09:39:17
00時間12分13秒経過
./dat/unexplored017.pickle を探索
探索盤面数：5000000
勝ち盤面数：2970483, 負け盤面数：186888, 未知盤面数：1842629
新状態数 (重複排除前)：16997509
新状態数 (重複排除後)：3512059
総未知盤面数：45233892, 総勝ち盤面数：47463044, 総負け盤面数：1845201
2026-09-19 09:39:49
00時間12分45秒経過
./dat/unexplored018.pickle を探索
探索盤面数：5000000
勝ち盤面数：3156020, 負け盤面数：201713, 未知盤面数：1642267
新状態数 (重複排除前)：15095157
新状態数 (重複排除後)：3248697
総未知盤面数：46876159, 総勝ち盤面数：50619064, 総負け盤面数：2046914
2026-09-19 09:40:19
00時間13分16秒経過
./dat/unexplored019.pickle を探索
探索盤面数：5000000
勝ち盤面数：3094861, 負け盤面数：200744, 未知盤面数：1704395
新状態数 (重複排除前)：15627095
新状態数 (重複排除後)：4010841
総未知盤面数：48580554, 総勝ち盤面数：53713925, 総負け盤面数：2247658
2026-09-19 09:40:51
00時間13分47秒経過
./dat/unexplored020.pickle を探索
探索盤面数：5000000
勝ち盤面数：2911039, 負け盤面数：197413, 未知盤面数：1891548
新状態数 (重複排除前)：17164698
新状態数 (重複排除後)：4584132
総未知盤面数：50472102, 総勝ち盤面数：56624964, 総負け盤面数：2445071
2026-09-19 09:41:25
00時間14分21秒経過
./dat/unexplored021.pickle を探索
探索盤面数：5000000
勝ち盤面数：2906785, 負け盤面数：206478, 未知盤面数：1886737
新状態数 (重複排除前)：16881374
新状態数 (重複排除後)：4286542
総未知盤面数：52358839, 総勝ち盤面数：59531749, 総負け盤面数：2651549
2026-09-19 09:41:55
00時間14分51秒経過
./dat/unexplored022.pickle を探索
探索盤面数：5000000
勝ち盤面数：2931684, 負け盤面数：210251, 未知盤面数：1858065
新状態数 (重複排除前)：16641140
新状態数 (重複排除後)：4015295
総未知盤面数：54216904, 総勝ち盤面数：62463433, 総負け盤面数：2861800
2026-09-19 09:42:26
00時間15分22秒経過
./dat/unexplored023.pickle を探索
探索盤面数：5000000
勝ち盤面数：3080709, 負け盤面数：225633, 未知盤面数：1693658
新状態数 (重複排除前)：15317010
新状態数 (重複排除後)：3622311
総未知盤面数：55910562, 総勝ち盤面数：65544142, 総負け盤面数：3087433
2026-09-19 09:42:56
00時間15分52秒経過
./dat/unexplored024.pickle を探索
探索盤面数：5000000
勝ち盤面数：3015627, 負け盤面数：231879, 未知盤面数：1752494
新状態数 (重複排除前)：16107228
新状態数 (重複排除後)：4496018
総未知盤面数：57663056, 総勝ち盤面数：68559769, 総負け盤面数：3319312
2026-09-19 09:43:28
00時間16分24秒経過
./dat/unexplored025.pickle を探索
探索盤面数：5000000
勝ち盤面数：2901426, 負け盤面数：227696, 未知盤面数：1870878
新状態数 (重複排除前)：17472142
新状態数 (重複排除後)：4678746
総未知盤面数：59533934, 総勝ち盤面数：71461195, 総負け盤面数：3547008
2026-09-19 09:44:02
00時間16分58秒経過
./dat/unexplored026.pickle を探索
探索盤面数：5000000
勝ち盤面数：2980936, 負け盤面数：227231, 未知盤面数：1791833
新状態数 (重複排除前)：16880876
新状態数 (重複排除後)：4238024
総未知盤面数：61325767, 総勝ち盤面数：74442131, 総負け盤面数：3774239
2026-09-19 09:44:58
00時間17分55秒経過
./dat/unexplored027.pickle を探索
探索盤面数：5000000
勝ち盤面数：3064188, 負け盤面数：223111, 未知盤面数：1712701
新状態数 (重複排除前)：16286227
新状態数 (重複排除後)：4044181
総未知盤面数：63038468, 総勝ち盤面数：77506319, 総負け盤面数：3997350
2026-09-19 09:45:32
00時間18分29秒経過
./dat/unexplored028.pickle を探索
探索盤面数：5000000
勝ち盤面数：3055538, 負け盤面数：212872, 未知盤面数：1731590
新状態数 (重複排除前)：16584455
新状態数 (重複排除後)：4514731
総未知盤面数：64770058, 総勝ち盤面数：80561857, 総負け盤面数：4210222
2026-09-19 09:46:05
00時間19分01秒経過
./dat/unexplored029.pickle を探索
探索盤面数：5000000
勝ち盤面数：2837798, 負け盤面数：177628, 未知盤面数：1984574
新状態数 (重複排除前)：18947307
新状態数 (重複排除後)：5286639
総未知盤面数：66754632, 総勝ち盤面数：83399655, 総負け盤面数：4387850
2026-09-19 09:46:45
00時間19分41秒経過
./dat/unexplored030.pickle を探索
探索盤面数：5000000
勝ち盤面数：2763213, 負け盤面数：161168, 未知盤面数：2075619
新状態数 (重複排除前)：19638392
新状態数 (重複排除後)：5055029
総未知盤面数：68830251, 総勝ち盤面数：86162868, 総負け盤面数：4549018
2026-09-19 09:47:28
00時間20分24秒経過
./dat/unexplored031.pickle を探索
探索盤面数：5000000
勝ち盤面数：2819305, 負け盤面数：151199, 未知盤面数：2029496
新状態数 (重複排除前)：19208655
新状態数 (重複排除後)：4687030
総未知盤面数：70859747, 総勝ち盤面数：88982173, 総負け盤面数：4700217
2026-09-19 09:48:16
00時間21分12秒経過
./dat/unexplored032.pickle を探索
探索盤面数：5000000
勝ち盤面数：2796717, 負け盤面数：137452, 未知盤面数：2065831
新状態数 (重複排除前)：19602873
新状態数 (重複排除後)：5047902
総未知盤面数：72925578, 総勝ち盤面数：91778890, 総負け盤面数：4837669
2026-09-19 09:48:53
00時間21分49秒経過
./dat/unexplored033.pickle を探索
探索盤面数：5000000
勝ち盤面数：2762726, 負け盤面数：126854, 未知盤面数：2110420
新状態数 (重複排除前)：20119272
新状態数 (重複排除後)：4906374
総未知盤面数：75035998, 総勝ち盤面数：94541616, 総負け盤面数：4964523
2026-09-19 09:49:29
00時間22分25秒経過
./dat/unexplored034.pickle を探索
探索盤面数：5000000
勝ち盤面数：2919291, 負け盤面数：128123, 未知盤面数：1952586
新状態数 (重複排除前)：18767030
新状態数 (重複排除後)：4218207
総未知盤面数：76988584, 総勝ち盤面数：97460907, 総負け盤面数：5092646
2026-09-19 09:50:01
00時間22分57秒経過
./dat/unexplored035.pickle を探索
探索盤面数：5000000
勝ち盤面数：3060680, 負け盤面数：131564, 未知盤面数：1807756
新状態数 (重複排除前)：17396344
新状態数 (重複排除後)：3848476
総未知盤面数：78796340, 総勝ち盤面数：100521587, 総負け盤面数：5224210
2026-09-19 09:50:37
00時間23分33秒経過
./dat/unexplored036.pickle を探索
探索盤面数：5000000
勝ち盤面数：2933819, 負け盤面数：122682, 未知盤面数：1943499
新状態数 (重複排除前)：18602683
新状態数 (重複排除後)：4377684
総未知盤面数：80739839, 総勝ち盤面数：103455406, 総負け盤面数：5346892
2026-09-19 09:51:14
00時間24分10秒経過
./dat/unexplored037.pickle を探索
探索盤面数：5000000
勝ち盤面数：2914466, 負け盤面数：119827, 未知盤面数：1965707
新状態数 (重複排除前)：18416058
新状態数 (重複排除後)：4148128
総未知盤面数：82705546, 総勝ち盤面数：106369872, 総負け盤面数：5466719
2026-09-19 09:51:49
00時間24分45秒経過
./dat/unexplored038.pickle を探索
探索盤面数：5000000
勝ち盤面数：2971702, 負け盤面数：118895, 未知盤面数：1909403
新状態数 (重複排除前)：17557286
新状態数 (重複排除後)：3864591
総未知盤面数：84614949, 総勝ち盤面数：109341574, 総負け盤面数：5585614
2026-09-19 09:52:23
00時間25分19秒経過
./dat/unexplored039.pickle を探索
探索盤面数：5000000
勝ち盤面数：3081186, 負け盤面数：135637, 未知盤面数：1783177
新状態数 (重複排除前)：16437881
新状態数 (重複排除後)：3739981
総未知盤面数：86398126, 総勝ち盤面数：112422760, 総負け盤面数：5721251
2026-09-19 09:52:55
00時間25分52秒経過
./dat/unexplored040.pickle を探索
探索盤面数：5000000
勝ち盤面数：3129676, 負け盤面数：133556, 未知盤面数：1736768
新状態数 (重複排除前)：16077136
新状態数 (重複排除後)：3500206
総未知盤面数：88134894, 総勝ち盤面数：115552436, 総負け盤面数：5854807
2026-09-19 09:53:28
00時間26分24秒経過
./dat/unexplored041.pickle を探索
探索盤面数：5000000
勝ち盤面数：3311861, 負け盤面数：156193, 未知盤面数：1531946
新状態数 (重複排除前)：14516492
新状態数 (重複排除後)：3042471
総未知盤面数：89666840, 総勝ち盤面数：118864297, 総負け盤面数：6011000
2026-09-19 09:54:00
00時間26分56秒経過
./dat/unexplored042.pickle を探索
探索盤面数：5000000
勝ち盤面数：3327411, 負け盤面数：181023, 未知盤面数：1491566
新状態数 (重複排除前)：14015437
新状態数 (重複排除後)：3173432
総未知盤面数：91158406, 総勝ち盤面数：122191708, 総負け盤面数：6192023
2026-09-19 09:54:29
00時間27分26秒経過
./dat/unexplored043.pickle を探索
探索盤面数：5000000
勝ち盤面数：3250550, 負け盤面数：194215, 未知盤面数：1555235
新状態数 (重複排除前)：14157392
新状態数 (重複排除後)：3245492
総未知盤面数：92713641, 総勝ち盤面数：125442258, 総負け盤面数：6386238
2026-09-19 09:55:00
00時間27分56秒経過
./dat/unexplored044.pickle を探索
探索盤面数：5000000
勝ち盤面数：3301857, 負け盤面数：186665, 未知盤面数：1511478
新状態数 (重複排除前)：13879952
新状態数 (重複排除後)：3162267
総未知盤面数：94225119, 総勝ち盤面数：128744115, 総負け盤面数：6572903
2026-09-19 09:55:30
00時間28分26秒経過
./dat/unexplored045.pickle を探索
探索盤面数：5000000
勝ち盤面数：3408581, 負け盤面数：169453, 未知盤面数：1421966
新状態数 (重複排除前)：13259275
新状態数 (重複排除後)：3072045
総未知盤面数：95647085, 総勝ち盤面数：132152696, 総負け盤面数：6742356
2026-09-19 09:55:56
00時間28分52秒経過
./dat/unexplored046.pickle を探索
探索盤面数：4007196
勝ち盤面数：2655057, 負け盤面数：104145, 未知盤面数：1247994
新状態数 (重複排除前)：11497360
新状態数 (重複排除後)：2616199
総未知盤面数：96895079, 総勝ち盤面数：134807753, 総負け盤面数：6846501
2026-09-19 09:56:15
00時間29分11秒経過
./dat/unexplored046.pickle を探索
探索盤面数：2616199
勝ち盤面数：1732951, 負け盤面数：47059, 未知盤面数：836189
新状態数 (重複排除前)：7734969
新状態数 (重複排除後)：1836452
総未知盤面数：97731268, 総勝ち盤面数：136540704, 総負け盤面数：6893560
2026-09-19 09:56:29
00時間29分25秒経過
./dat/unexplored046.pickle を探索
探索盤面数：1836452
勝ち盤面数：1204363, 負け盤面数：28921, 未知盤面数：603168
新状態数 (重複排除前)：5591822
新状態数 (重複排除後)：1374668
総未知盤面数：98334436, 総勝ち盤面数：137745067, 総負け盤面数：6922481
2026-09-19 09:56:40
00時間29分36秒経過
./dat/unexplored046.pickle を探索
探索盤面数：1374668
勝ち盤面数：873200, 負け盤面数：23841, 未知盤面数：477627
新状態数 (重複排除前)：4350893
新状態数 (重複排除後)：1062972
総未知盤面数：98812063, 総勝ち盤面数：138618267, 総負け盤面数：6946322
2026-09-19 09:56:49
00時間29分46秒経過
./dat/unexplored046.pickle を探索
探索盤面数：1062972
勝ち盤面数：711723, 負け盤面数：27867, 未知盤面数：323382
新状態数 (重複排除前)：2947746
新状態数 (重複排除後)：680743
総未知盤面数：99135445, 総勝ち盤面数：139329990, 総負け盤面数：6974189
2026-09-19 09:56:57
00時間29分53秒経過
./dat/unexplored046.pickle を探索
探索盤面数：680743
勝ち盤面数：463301, 負け盤面数：17751, 未知盤面数：199691
新状態数 (重複排除前)：1740414
新状態数 (重複排除後)：394009
総未知盤面数：99335136, 総勝ち盤面数：139793291, 総負け盤面数：6991940
2026-09-19 09:57:03
00時間29分59秒経過
./dat/unexplored046.pickle を探索
探索盤面数：394009
勝ち盤面数：285529, 負け盤面数：15750, 未知盤面数：92730
新状態数 (重複排除前)：789397
新状態数 (重複排除後)：179300
総未知盤面数：99427866, 総勝ち盤面数：140078820, 総負け盤面数：7007690
2026-09-19 09:57:08
00時間30分04秒経過
./dat/unexplored046.pickle を探索
探索盤面数：179300
勝ち盤面数：134753, 負け盤面数：5885, 未知盤面数：38662
新状態数 (重複排除前)：310612
新状態数 (重複排除後)：69765
総未知盤面数：99466528, 総勝ち盤面数：140213573, 総負け盤面数：7013575
2026-09-19 09:57:12
00時間30分08秒経過
./dat/unexplored046.pickle を探索
探索盤面数：69765
勝ち盤面数：53896, 負け盤面数：3721, 未知盤面数：12148
新状態数 (重複排除前)：94813
新状態数 (重複排除後)：24330
総未知盤面数：99478676, 総勝ち盤面数：140267469, 総負け盤面数：7017296
2026-09-19 09:57:15
00時間30分11秒経過
./dat/unexplored046.pickle を探索
探索盤面数：24330
勝ち盤面数：19420, 負け盤面数：940, 未知盤面数：3970
新状態数 (重複排除前)：29604
新状態数 (重複排除後)：7989
総未知盤面数：99482646, 総勝ち盤面数：140286889, 総負け盤面数：7018236
2026-09-19 09:57:19
00時間30分15秒経過
./dat/unexplored046.pickle を探索
探索盤面数：7989
勝ち盤面数：5625, 負け盤面数：636, 未知盤面数：1728
新状態数 (重複排除前)：12178
新状態数 (重複排除後)：4419
総未知盤面数：99484374, 総勝ち盤面数：140292514, 総負け盤面数：7018872
2026-09-19 09:57:22
00時間30分18秒経過
./dat/unexplored046.pickle を探索
探索盤面数：4419
勝ち盤面数：3570, 負け盤面数：76, 未知盤面数：773
新状態数 (重複排除前)：5624
新状態数 (重複排除後)：2031
総未知盤面数：99485147, 総勝ち盤面数：140296084, 総負け盤面数：7018948
2026-09-19 09:57:26
00時間30分22秒経過
./dat/unexplored046.pickle を探索
探索盤面数：2031
勝ち盤面数：1582, 負け盤面数：36, 未知盤面数：413
新状態数 (重複排除前)：2209
新状態数 (重複排除後)：932
総未知盤面数：99485560, 総勝ち盤面数：140297666, 総負け盤面数：7018984
2026-09-19 09:57:29
00時間30分25秒経過
./dat/unexplored046.pickle を探索
探索盤面数：932
勝ち盤面数：923, 負け盤面数：1, 未知盤面数：8
新状態数 (重複排除前)：72
新状態数 (重複排除後)：25
総未知盤面数：99485568, 総勝ち盤面数：140298589, 総負け盤面数：7018985
2026-09-19 09:57:32
00時間30分28秒経過
./dat/unexplored046.pickle を探索
探索盤面数：25
勝ち盤面数：25, 負け盤面数：0, 未知盤面数：0
新状態数 (重複排除前)：0
新状態数 (重複排除後)：0
総未知盤面数：99485568, 総勝ち盤面数：140298614, 総負け盤面数：7018985
探索終了
2026-09-19 09:57:36
00時間30分32秒経過
