=== 開始 old1 (impl/11_c_seen) 2026-09-19T18:18:43+00:00 ===
=== 終了 old1 2026-09-19T18:38:04+00:00 (exit=0) ===
後退解析の所要時間：1159.75 秒
	Percent of CPU this job got: 99%
	Elapsed (wall clock) time (h:mm:ss or m:ss): 19:19.80
	Maximum resident set size (kbytes): 14483508
読み込んだ局面：246803167 (未知 99485568 / キャッチ 140298614 / トライ負け 7018985)
P0 読み込み：00時間01分33秒
P1 索引：00時間00分20秒
辺の総数：938671869 (未発見の後続 0)
P2 後続生成：00時間03分11秒
P4 前任リスト：00時間09分27秒
--- オラクル 174行 ---
PASS: 174 行すべて一致
  手数別局面数の合計: 96802868
=== 完了 old1 2026-09-19T18:38:05+00:00 ===
=== 開始 new1 (impl/12_c_predecessors) 2026-09-19T18:38:05+00:00 ===
=== 終了 new1 2026-09-19T18:51:14+00:00 (exit=0) ===
後退解析の所要時間：787.28 秒
	Percent of CPU this job got: 99%
	Elapsed (wall clock) time (h:mm:ss or m:ss): 13:07.33
	Maximum resident set size (kbytes): 14498680
読み込んだ局面：246803167 (未知 99485568 / キャッチ 140298614 / トライ負け 7018985)
P0 読み込み：00時間01分33秒
P1 索引：00時間00分20秒
辺の総数：938671869 (未発見の後続 0)
P2 後続生成：00時間03分34秒
P4 前任リスト：00時間02分46秒
--- オラクル 174行 ---
PASS: 174 行すべて一致
  手数別局面数の合計: 96802868
=== 完了 new1 2026-09-19T18:51:14+00:00 ===
=== 開始 old2 (impl/11_c_seen) 2026-09-19T18:51:14+00:00 ===
=== 終了 old2 2026-09-19T19:10:59+00:00 (exit=0) ===
後退解析の所要時間：1182.67 秒
	Percent of CPU this job got: 99%
	Elapsed (wall clock) time (h:mm:ss or m:ss): 19:42.72
	Maximum resident set size (kbytes): 14483940
読み込んだ局面：246803167 (未知 99485568 / キャッチ 140298614 / トライ負け 7018985)
P0 読み込み：00時間01分33秒
P1 索引：00時間00分20秒
辺の総数：938671869 (未発見の後続 0)
P2 後続生成：00時間03分18秒
P4 前任リスト：00時間09分34秒
--- オラクル 174行 ---
PASS: 174 行すべて一致
  手数別局面数の合計: 96802868
=== 完了 old2 2026-09-19T19:10:59+00:00 ===
=== 開始 new2 (impl/12_c_predecessors) 2026-09-19T19:10:59+00:00 ===
=== 終了 new2 2026-09-19T19:23:40+00:00 (exit=0) ===
後退解析の所要時間：758.60 秒
	Percent of CPU this job got: 99%
	Elapsed (wall clock) time (h:mm:ss or m:ss): 12:38.65
	Maximum resident set size (kbytes): 14498660
読み込んだ局面：246803167 (未知 99485568 / キャッチ 140298614 / トライ負け 7018985)
P0 読み込み：00時間01分33秒
P1 索引：00時間00分20秒
辺の総数：938671869 (未発見の後続 0)
P2 後続生成：00時間03分10秒
P4 前任リスト：00時間02分46秒
--- オラクル 174行 ---
PASS: 174 行すべて一致
  手数別局面数の合計: 96802868
=== 完了 new2 2026-09-19T19:23:40+00:00 ===
=== 開始 old3 (impl/11_c_seen) 2026-09-19T19:23:40+00:00 ===
=== 終了 old3 2026-09-19T19:43:15+00:00 (exit=0) ===
後退解析の所要時間：1172.81 秒
	Percent of CPU this job got: 99%
	Elapsed (wall clock) time (h:mm:ss or m:ss): 19:32.86
	Maximum resident set size (kbytes): 14483956
読み込んだ局面：246803167 (未知 99485568 / キャッチ 140298614 / トライ負け 7018985)
P0 読み込み：00時間01分33秒
P1 索引：00時間00分20秒
辺の総数：938671869 (未発見の後続 0)
P2 後続生成：00時間03分20秒
P4 前任リスト：00時間09分30秒
--- オラクル 174行 ---
PASS: 174 行すべて一致
  手数別局面数の合計: 96802868
=== 完了 old3 2026-09-19T19:43:15+00:00 ===
=== 開始 new3 (impl/12_c_predecessors) 2026-09-19T19:43:15+00:00 ===
=== 終了 new3 2026-09-19T19:55:59+00:00 (exit=0) ===
後退解析の所要時間：762.41 秒
	Percent of CPU this job got: 99%
	Elapsed (wall clock) time (h:mm:ss or m:ss): 12:42.46
	Maximum resident set size (kbytes): 14498512
読み込んだ局面：246803167 (未知 99485568 / キャッチ 140298614 / トライ負け 7018985)
P0 読み込み：00時間01分33秒
P1 索引：00時間00分23秒
辺の総数：938671869 (未発見の後続 0)
P2 後続生成：00時間03分09秒
P4 前任リスト：00時間02分45秒
--- オラクル 174行 ---
PASS: 174 行すべて一致
  手数別局面数の合計: 96802868
=== 完了 new3 2026-09-19T19:56:00+00:00 ===
=== 全6本 完了 2026-09-19T19:56:00+00:00 ===
