=== 門番 #30 開始 2026-10-03T16:49:52+00:00 ===
# gcc: gcc (Ubuntu 13.3.0-6ubuntu2~24.04.1) 13.3.0
# gcc -march=native -Q --help=target の -march= / -mtune=
 -march= broadwell
 -mtune= broadwell
# -march=native で増える事前定義マクロ (__AVX2__ など, 命令セットのものだけ)
__ABM__ __ADX__ __AES__ __AVX__ __AVX2__ __BMI__ __BMI2__ __F16C__ __FMA__ __FSGSBASE__ __LAHF_SAHF__ __LZCNT__ __MOVBE__ __PCLMUL__ __POPCNT__ __PRFCHW__ __RDRND__ __RDSEED__ __RTM__ __SSE3__ __SSE4_1__ __SSE4_2__ __XSAVE__ __XSAVEOPT__ 
--- 回す前の負荷 ---
load average: 0.35, 0.67, 0.63
CPU 使用率 (全 CPU, 1秒): 1%
--- 回す前のノード0のメモリ (/proc/buddyinfo と meminfo) ---
Node 0, zone      DMA      0      0      0      0      0      0      0      0      1      1      2 
Node 0, zone    DMA32    218    192    139    115     88     72     49     33     29     23    755 
Node 0, zone   Normal   5171   7203   7567   6185   5383   4441   3298   2554   1873   1279   4170 
Node 0 MemFree:        28313004 kB
Node 0 FilePages:        373592 kB
--- r1a_old の前のノード0: 2 MiB 以上の空きブロック 21.79 GiB (しきい値 16) ---
=== 開始 r1a_old (old: impl/28_march_native (so sha256 5128798ef4a5)) 2026-10-03T16:49:54+00:00 ===
=== 終了 r1a_old 2026-10-03T16:52:19+00:00 (exit=0) ===
	Elapsed (wall clock) time (h:mm:ss or m:ss): 2:25.55
	Maximum resident set size (kbytes): 14517088
	Minor (reclaiming a frame) page faults: 3718424
全探索の所要時間：66.8827 秒
F1	62.1042 P2	39.2374 P4	15.6633 loop174	14.3677 
--- thp_fault_fallback の前後差: 0 ---
--- 巨大ページ (発見済み表・索引・後退解析の配列) ---
r1a_old (old): anonhuge_seen_kB 4,194,304 / anonhuge_index_kB 8,486,912 / anonhuge_loop_kB 4,972,544
--- オラクル 174行 ---
PASS: 174 行すべて一致
  手数別局面数の合計: 96802868
--- dat/ のバイト比較 (#28 本走と): 213 ファイル / 1974425336 バイト / 一致 ---
--- 件数の列を #28 本走と照合 ---
r1a_old_forward.tsv: 74 ラウンド（#28 は 74）/ 件数の列 一致
=== 完了 r1a_old 2026-10-03T16:52:25+00:00 ===
--- r1b_new の前のノード0: 2 MiB 以上の空きブロック 21.96 GiB (しきい値 16) ---
=== 開始 r1b_new (new: impl/30_rank_seen (so sha256 1948f6c159f2)) 2026-10-03T16:52:25+00:00 ===
=== 終了 r1b_new 2026-10-03T16:54:41+00:00 (exit=0) ===
	Elapsed (wall clock) time (h:mm:ss or m:ss): 2:15.21
	Maximum resident set size (kbytes): 14531824
	Minor (reclaiming a frame) page faults: 4143943
全探索の所要時間：56.0920 秒
F1	50.4568 P2	39.2750 P4	15.8223 loop174	14.5960 
--- thp_fault_fallback の前後差: 0 ---
--- 巨大ページ (発見済み表・索引・後退解析の配列) ---
r1b_new (new): anonhuge_seen_kB 104,448 / anonhuge_index_kB 8,486,912 / anonhuge_loop_kB 4,972,544
--- オラクル 174行 ---
PASS: 174 行すべて一致
  手数別局面数の合計: 96802868
--- dat/ のバイト比較 (#28 本走と): 213 ファイル / 1974425336 バイト / 一致 ---
--- 件数の列を #28 本走と照合 ---
r1b_new_forward.tsv: 74 ラウンド（#28 は 74）/ 件数の列 一致
=== 完了 r1b_new 2026-10-03T16:54:46+00:00 ===
--- r1c_new の前のノード0: 2 MiB 以上の空きブロック 22.06 GiB (しきい値 16) ---
=== 開始 r1c_new (new: impl/30_rank_seen (so sha256 1948f6c159f2)) 2026-10-03T16:54:47+00:00 ===
=== 終了 r1c_new 2026-10-03T16:57:02+00:00 (exit=0) ===
	Elapsed (wall clock) time (h:mm:ss or m:ss): 2:15.61
	Maximum resident set size (kbytes): 14531820
	Minor (reclaiming a frame) page faults: 4143942
全探索の所要時間：56.6795 秒
F1	50.9440 P2	39.2110 P4	15.7850 loop174	14.4565 
--- thp_fault_fallback の前後差: 0 ---
--- 巨大ページ (発見済み表・索引・後退解析の配列) ---
r1c_new (new): anonhuge_seen_kB 104,448 / anonhuge_index_kB 8,486,912 / anonhuge_loop_kB 4,972,544
--- オラクル 174行 ---
PASS: 174 行すべて一致
  手数別局面数の合計: 96802868
--- dat/ のバイト比較 (#28 本走と): 213 ファイル / 1974425336 バイト / 一致 ---
--- 件数の列を #28 本走と照合 ---
r1c_new_forward.tsv: 74 ラウンド（#28 は 74）/ 件数の列 一致
=== 完了 r1c_new 2026-10-03T16:57:08+00:00 ===
--- r1d_old の前のノード0: 2 MiB 以上の空きブロック 22.09 GiB (しきい値 16) ---
=== 開始 r1d_old (old: impl/28_march_native (so sha256 5128798ef4a5)) 2026-10-03T16:57:08+00:00 ===
=== 終了 r1d_old 2026-10-03T16:59:35+00:00 (exit=0) ===
	Elapsed (wall clock) time (h:mm:ss or m:ss): 2:26.45
	Maximum resident set size (kbytes): 14517084
	Minor (reclaiming a frame) page faults: 3718431
全探索の所要時間：67.3750 秒
F1	62.5213 P2	39.3438 P4	15.7917 loop174	14.5256 
--- thp_fault_fallback の前後差: 0 ---
--- 巨大ページ (発見済み表・索引・後退解析の配列) ---
r1d_old (old): anonhuge_seen_kB 4,194,304 / anonhuge_index_kB 8,486,912 / anonhuge_loop_kB 4,972,544
--- オラクル 174行 ---
PASS: 174 行すべて一致
  手数別局面数の合計: 96802868
--- dat/ のバイト比較 (#28 本走と): 213 ファイル / 1974425336 バイト / 一致 ---
--- 件数の列を #28 本走と照合 ---
r1d_old_forward.tsv: 74 ラウンド（#28 は 74）/ 件数の列 一致
=== 完了 r1d_old 2026-10-03T16:59:40+00:00 ===
--- r2a_old の前のノード0: 2 MiB 以上の空きブロック 22.08 GiB (しきい値 16) ---
=== 開始 r2a_old (old: impl/28_march_native (so sha256 5128798ef4a5)) 2026-10-03T16:59:41+00:00 ===
=== 終了 r2a_old 2026-10-03T17:02:07+00:00 (exit=0) ===
	Elapsed (wall clock) time (h:mm:ss or m:ss): 2:26.25
	Maximum resident set size (kbytes): 14516664
	Minor (reclaiming a frame) page faults: 3718429
全探索の所要時間：66.7503 秒
F1	61.9198 P2	39.6524 P4	15.8449 loop174	14.5539 
--- thp_fault_fallback の前後差: 0 ---
--- 巨大ページ (発見済み表・索引・後退解析の配列) ---
r2a_old (old): anonhuge_seen_kB 4,194,304 / anonhuge_index_kB 8,486,912 / anonhuge_loop_kB 4,972,544
--- オラクル 174行 ---
PASS: 174 行すべて一致
  手数別局面数の合計: 96802868
--- dat/ のバイト比較 (#28 本走と): 213 ファイル / 1974425336 バイト / 一致 ---
--- 件数の列を #28 本走と照合 ---
r2a_old_forward.tsv: 74 ラウンド（#28 は 74）/ 件数の列 一致
=== 完了 r2a_old 2026-10-03T17:02:13+00:00 ===
--- r2b_new の前のノード0: 2 MiB 以上の空きブロック 22.01 GiB (しきい値 16) ---
=== 開始 r2b_new (new: impl/30_rank_seen (so sha256 1948f6c159f2)) 2026-10-03T17:02:13+00:00 ===
=== 終了 r2b_new 2026-10-03T17:04:29+00:00 (exit=0) ===
	Elapsed (wall clock) time (h:mm:ss or m:ss): 2:15.62
	Maximum resident set size (kbytes): 14531368
	Minor (reclaiming a frame) page faults: 4143937
全探索の所要時間：56.2800 秒
F1	50.5862 P2	39.3082 P4	15.8918 loop174	14.6547 
--- thp_fault_fallback の前後差: 0 ---
--- 巨大ページ (発見済み表・索引・後退解析の配列) ---
r2b_new (new): anonhuge_seen_kB 104,448 / anonhuge_index_kB 8,486,912 / anonhuge_loop_kB 4,972,544
--- オラクル 174行 ---
PASS: 174 行すべて一致
  手数別局面数の合計: 96802868
--- dat/ のバイト比較 (#28 本走と): 213 ファイル / 1974425336 バイト / 一致 ---
--- 件数の列を #28 本走と照合 ---
r2b_new_forward.tsv: 74 ラウンド（#28 は 74）/ 件数の列 一致
=== 完了 r2b_new 2026-10-03T17:04:34+00:00 ===
--- r2c_new の前のノード0: 2 MiB 以上の空きブロック 21.90 GiB (しきい値 16) ---
=== 開始 r2c_new (new: impl/30_rank_seen (so sha256 1948f6c159f2)) 2026-10-03T17:04:35+00:00 ===
=== 終了 r2c_new 2026-10-03T17:06:51+00:00 (exit=0) ===
	Elapsed (wall clock) time (h:mm:ss or m:ss): 2:15.88
	Maximum resident set size (kbytes): 14531820
	Minor (reclaiming a frame) page faults: 4143942
全探索の所要時間：56.9445 秒
F1	51.1942 P2	39.1466 P4	15.8004 loop174	14.5410 
--- thp_fault_fallback の前後差: 0 ---
--- 巨大ページ (発見済み表・索引・後退解析の配列) ---
r2c_new (new): anonhuge_seen_kB 104,448 / anonhuge_index_kB 8,486,912 / anonhuge_loop_kB 4,972,544
--- オラクル 174行 ---
PASS: 174 行すべて一致
  手数別局面数の合計: 96802868
--- dat/ のバイト比較 (#28 本走と): 213 ファイル / 1974425336 バイト / 一致 ---
--- 件数の列を #28 本走と照合 ---
r2c_new_forward.tsv: 74 ラウンド（#28 は 74）/ 件数の列 一致
=== 完了 r2c_new 2026-10-03T17:06:56+00:00 ===
--- r2d_old の前のノード0: 2 MiB 以上の空きブロック 21.87 GiB (しきい値 16) ---
=== 開始 r2d_old (old: impl/28_march_native (so sha256 5128798ef4a5)) 2026-10-03T17:06:57+00:00 ===
=== 終了 r2d_old 2026-10-03T17:09:23+00:00 (exit=0) ===
	Elapsed (wall clock) time (h:mm:ss or m:ss): 2:26.39
	Maximum resident set size (kbytes): 14517080
	Minor (reclaiming a frame) page faults: 3718423
全探索の所要時間：67.1726 秒
F1	62.3479 P2	39.5109 P4	15.7839 loop174	14.4920 
--- thp_fault_fallback の前後差: 0 ---
--- 巨大ページ (発見済み表・索引・後退解析の配列) ---
r2d_old (old): anonhuge_seen_kB 4,194,304 / anonhuge_index_kB 8,486,912 / anonhuge_loop_kB 4,972,544
--- オラクル 174行 ---
PASS: 174 行すべて一致
  手数別局面数の合計: 96802868
--- dat/ のバイト比較 (#28 本走と): 213 ファイル / 1974425336 バイト / 一致 ---
--- 件数の列を #28 本走と照合 ---
r2d_old_forward.tsv: 74 ラウンド（#28 は 74）/ 件数の列 一致
=== 完了 r2d_old 2026-10-03T17:09:29+00:00 ===
--- r3a_old の前のノード0: 2 MiB 以上の空きブロック 21.82 GiB (しきい値 16) ---
=== 開始 r3a_old (old: impl/28_march_native (so sha256 5128798ef4a5)) 2026-10-03T17:09:29+00:00 ===
=== 終了 r3a_old 2026-10-03T17:11:55+00:00 (exit=0) ===
	Elapsed (wall clock) time (h:mm:ss or m:ss): 2:25.52
	Maximum resident set size (kbytes): 14517088
	Minor (reclaiming a frame) page faults: 3718430
全探索の所要時間：66.8706 秒
F1	62.0902 P2	39.2136 P4	15.6641 loop174	14.4148 
--- thp_fault_fallback の前後差: 0 ---
--- 巨大ページ (発見済み表・索引・後退解析の配列) ---
r3a_old (old): anonhuge_seen_kB 4,194,304 / anonhuge_index_kB 8,486,912 / anonhuge_loop_kB 4,972,544
--- オラクル 174行 ---
PASS: 174 行すべて一致
  手数別局面数の合計: 96802868
--- dat/ のバイト比較 (#28 本走と): 213 ファイル / 1974425336 バイト / 一致 ---
--- 件数の列を #28 本走と照合 ---
r3a_old_forward.tsv: 74 ラウンド（#28 は 74）/ 件数の列 一致
=== 完了 r3a_old 2026-10-03T17:12:00+00:00 ===
--- r3b_new の前のノード0: 2 MiB 以上の空きブロック 21.71 GiB (しきい値 16) ---
=== 開始 r3b_new (new: impl/30_rank_seen (so sha256 1948f6c159f2)) 2026-10-03T17:12:00+00:00 ===
=== 終了 r3b_new 2026-10-03T17:14:16+00:00 (exit=0) ===
	Elapsed (wall clock) time (h:mm:ss or m:ss): 2:15.38
	Maximum resident set size (kbytes): 14531376
	Minor (reclaiming a frame) page faults: 4143941
全探索の所要時間：56.1182 秒
F1	50.4176 P2	39.2568 P4	15.8862 loop174	14.6110 
--- thp_fault_fallback の前後差: 0 ---
--- 巨大ページ (発見済み表・索引・後退解析の配列) ---
r3b_new (new): anonhuge_seen_kB 104,448 / anonhuge_index_kB 8,486,912 / anonhuge_loop_kB 4,972,544
--- オラクル 174行 ---
PASS: 174 行すべて一致
  手数別局面数の合計: 96802868
--- dat/ のバイト比較 (#28 本走と): 213 ファイル / 1974425336 バイト / 一致 ---
--- 件数の列を #28 本走と照合 ---
r3b_new_forward.tsv: 74 ラウンド（#28 は 74）/ 件数の列 一致
=== 完了 r3b_new 2026-10-03T17:14:21+00:00 ===
--- r3c_new の前のノード0: 2 MiB 以上の空きブロック 21.65 GiB (しきい値 16) ---
=== 開始 r3c_new (new: impl/30_rank_seen (so sha256 1948f6c159f2)) 2026-10-03T17:14:22+00:00 ===
=== 終了 r3c_new 2026-10-03T17:16:36+00:00 (exit=0) ===
	Elapsed (wall clock) time (h:mm:ss or m:ss): 2:14.17
	Maximum resident set size (kbytes): 14531820
	Minor (reclaiming a frame) page faults: 4143942
全探索の所要時間：55.9335 秒
F1	50.3096 P2	38.8634 P4	15.6366 loop174	14.3574 
--- thp_fault_fallback の前後差: 0 ---
--- 巨大ページ (発見済み表・索引・後退解析の配列) ---
r3c_new (new): anonhuge_seen_kB 104,448 / anonhuge_index_kB 8,486,912 / anonhuge_loop_kB 4,972,544
--- オラクル 174行 ---
PASS: 174 行すべて一致
  手数別局面数の合計: 96802868
--- dat/ のバイト比較 (#28 本走と): 213 ファイル / 1974425336 バイト / 一致 ---
--- 件数の列を #28 本走と照合 ---
r3c_new_forward.tsv: 74 ラウンド（#28 は 74）/ 件数の列 一致
=== 完了 r3c_new 2026-10-03T17:16:42+00:00 ===
--- r3d_old の前のノード0: 2 MiB 以上の空きブロック 21.60 GiB (しきい値 16) ---
=== 開始 r3d_old (old: impl/28_march_native (so sha256 5128798ef4a5)) 2026-10-03T17:16:42+00:00 ===
=== 終了 r3d_old 2026-10-03T17:19:08+00:00 (exit=0) ===
	Elapsed (wall clock) time (h:mm:ss or m:ss): 2:26.41
	Maximum resident set size (kbytes): 14517088
	Minor (reclaiming a frame) page faults: 3718431
全探索の所要時間：66.9435 秒
F1	62.0815 P2	39.5672 P4	15.8680 loop174	14.5509 
--- thp_fault_fallback の前後差: 0 ---
--- 巨大ページ (発見済み表・索引・後退解析の配列) ---
r3d_old (old): anonhuge_seen_kB 4,194,304 / anonhuge_index_kB 8,486,912 / anonhuge_loop_kB 4,972,544
--- オラクル 174行 ---
PASS: 174 行すべて一致
  手数別局面数の合計: 96802868
--- dat/ のバイト比較 (#28 本走と): 213 ファイル / 1974425336 バイト / 一致 ---
--- 件数の列を #28 本走と照合 ---
r3d_old_forward.tsv: 74 ラウンド（#28 は 74）/ 件数の列 一致
=== 完了 r3d_old 2026-10-03T17:19:14+00:00 ===
=== 全12本 完了 2026-10-03T17:19:14+00:00 ===
