=== 開始 b1_o0 (o0 gcc「フラグなし」/ impl/17_no_set) 2026-09-22T11:50:21+00:00 ===
=== 終了 b1_o0 2026-09-22T11:53:26+00:00 (exit=0) ===
全探索の所要時間：184.64 秒
	Elapsed (wall clock) time (h:mm:ss or m:ss): 3:04.69
	Maximum resident set size (kbytes): 7026532
	Minor (reclaiming a frame) page faults: 7597627
	File system outputs: 12602288
総未知盤面数：99485568, 総勝ち盤面数：140298614, 総負け盤面数：7018985
00時間03分04秒で全探索終了
F0 未探索の読み込み：00時間00分01秒
F1 展開：00時間02分36秒
F2 未知の書き出し：00時間00分10秒
F3 集合化：00時間00分00秒
F4 重複排除：00時間00分00秒
F5 未探索の書き出し：00時間00分12秒
F6 終端の書き出し：00時間00分01秒
-- 解放：00時間00分00秒
-- 残差：00時間00分01秒
--- オラクル 到達可能な全局面数 ---
  未知 99485568 / キャッチ 140298614 / トライ負け 7018985
  合計 246803167 / oracle/totals.tsv の reachable_total 246803167
PASS: 到達可能な全局面数が一致
dat/ は残した (腕どうしのバイト比較用): runs/exp_gate18f_b1_o0/dat
=== 完了 b1_o0 2026-09-22T11:53:26+00:00 ===
=== 開始 b1_o1 (o1 gcc「-O1」/ impl/17_no_set) 2026-09-22T11:53:26+00:00 ===
=== 終了 b1_o1 2026-09-22T11:55:38+00:00 (exit=0) ===
全探索の所要時間：131.33 秒
	Elapsed (wall clock) time (h:mm:ss or m:ss): 2:11.38
	Maximum resident set size (kbytes): 7027384
	Minor (reclaiming a frame) page faults: 7597623
	File system outputs: 12602256
総未知盤面数：99485568, 総勝ち盤面数：140298614, 総負け盤面数：7018985
00時間02分11秒で全探索終了
F0 未探索の読み込み：00時間00分01秒
F1 展開：00時間01分43秒
F2 未知の書き出し：00時間00分10秒
F3 集合化：00時間00分00秒
F4 重複排除：00時間00分00秒
F5 未探索の書き出し：00時間00分12秒
F6 終端の書き出し：00時間00分01秒
-- 解放：00時間00分00秒
-- 残差：00時間00分01秒
--- オラクル 到達可能な全局面数 ---
  未知 99485568 / キャッチ 140298614 / トライ負け 7018985
  合計 246803167 / oracle/totals.tsv の reachable_total 246803167
PASS: 到達可能な全局面数が一致
dat/ は残した (腕どうしのバイト比較用): runs/exp_gate18f_b1_o1/dat
=== 完了 b1_o1 2026-09-22T11:55:38+00:00 ===
=== 開始 b1_o2 (o2 gcc「-O2」/ impl/17_no_set) 2026-09-22T11:55:38+00:00 ===
=== 終了 b1_o2 2026-09-22T11:57:47+00:00 (exit=0) ===
全探索の所要時間：128.28 秒
	Elapsed (wall clock) time (h:mm:ss or m:ss): 2:08.33
	Maximum resident set size (kbytes): 7027032
	Minor (reclaiming a frame) page faults: 7597628
	File system outputs: 12602256
総未知盤面数：99485568, 総勝ち盤面数：140298614, 総負け盤面数：7018985
00時間02分08秒で全探索終了
F0 未探索の読み込み：00時間00分01秒
F1 展開：00時間01分40秒
F2 未知の書き出し：00時間00分10秒
F3 集合化：00時間00分00秒
F4 重複排除：00時間00分00秒
F5 未探索の書き出し：00時間00分12秒
F6 終端の書き出し：00時間00分01秒
-- 解放：00時間00分00秒
-- 残差：00時間00分01秒
--- オラクル 到達可能な全局面数 ---
  未知 99485568 / キャッチ 140298614 / トライ負け 7018985
  合計 246803167 / oracle/totals.tsv の reachable_total 246803167
PASS: 到達可能な全局面数が一致
dat/ は残した (腕どうしのバイト比較用): runs/exp_gate18f_b1_o2/dat
=== 完了 b1_o2 2026-09-22T11:57:47+00:00 ===
=== 開始 b1_o3 (o3 gcc「-O3」/ impl/17_no_set) 2026-09-22T11:57:47+00:00 ===
=== 終了 b1_o3 2026-09-22T11:59:52+00:00 (exit=0) ===
全探索の所要時間：125.36 秒
	Elapsed (wall clock) time (h:mm:ss or m:ss): 2:05.40
	Maximum resident set size (kbytes): 7027216
	Minor (reclaiming a frame) page faults: 7597626
	File system outputs: 12602256
総未知盤面数：99485568, 総勝ち盤面数：140298614, 総負け盤面数：7018985
00時間02分05秒で全探索終了
F0 未探索の読み込み：00時間00分00秒
F1 展開：00時間01分36秒
F2 未知の書き出し：00時間00分11秒
F3 集合化：00時間00分00秒
F4 重複排除：00時間00分00秒
F5 未探索の書き出し：00時間00分12秒
F6 終端の書き出し：00時間00分01秒
-- 解放：00時間00分00秒
-- 残差：00時間00分01秒
--- オラクル 到達可能な全局面数 ---
  未知 99485568 / キャッチ 140298614 / トライ負け 7018985
  合計 246803167 / oracle/totals.tsv の reachable_total 246803167
PASS: 到達可能な全局面数が一致
dat/ は残した (腕どうしのバイト比較用): runs/exp_gate18f_b1_o3/dat
=== 完了 b1_o3 2026-09-22T11:59:52+00:00 ===
=== 開始 b1_o2n (o2n gcc「-O2 -fno-semantic-interposition」/ impl/17_no_set) 2026-09-22T11:59:52+00:00 ===
=== 終了 b1_o2n 2026-09-22T12:01:59+00:00 (exit=0) ===
全探索の所要時間：126.06 秒
	Elapsed (wall clock) time (h:mm:ss or m:ss): 2:06.11
	Maximum resident set size (kbytes): 7026760
	Minor (reclaiming a frame) page faults: 7597629
	File system outputs: 12602256
総未知盤面数：99485568, 総勝ち盤面数：140298614, 総負け盤面数：7018985
00時間02分06秒で全探索終了
F0 未探索の読み込み：00時間00分01秒
F1 展開：00時間01分35秒
F2 未知の書き出し：00時間00分12秒
F3 集合化：00時間00分00秒
F4 重複排除：00時間00分00秒
F5 未探索の書き出し：00時間00分13秒
F6 終端の書き出し：00時間00分01秒
-- 解放：00時間00分00秒
-- 残差：00時間00分01秒
--- オラクル 到達可能な全局面数 ---
  未知 99485568 / キャッチ 140298614 / トライ負け 7018985
  合計 246803167 / oracle/totals.tsv の reachable_total 246803167
PASS: 到達可能な全局面数が一致
dat/ は残した (腕どうしのバイト比較用): runs/exp_gate18f_b1_o2n/dat
=== 完了 b1_o2n 2026-09-22T12:01:59+00:00 ===
=== 開始 b2_o1 (o1 gcc「-O1」/ impl/17_no_set) 2026-09-22T12:01:59+00:00 ===
=== 終了 b2_o1 2026-09-22T12:04:11+00:00 (exit=0) ===
全探索の所要時間：131.60 秒
	Elapsed (wall clock) time (h:mm:ss or m:ss): 2:11.64
	Maximum resident set size (kbytes): 7026684
	Minor (reclaiming a frame) page faults: 7597627
	File system outputs: 12602264
総未知盤面数：99485568, 総勝ち盤面数：140298614, 総負け盤面数：7018985
00時間02分11秒で全探索終了
F0 未探索の読み込み：00時間00分01秒
F1 展開：00時間01分41秒
F2 未知の書き出し：00時間00分11秒
F3 集合化：00時間00分00秒
F4 重複排除：00時間00分00秒
F5 未探索の書き出し：00時間00分14秒
F6 終端の書き出し：00時間00分01秒
-- 解放：00時間00分00秒
-- 残差：00時間00分01秒
--- オラクル 到達可能な全局面数 ---
  未知 99485568 / キャッチ 140298614 / トライ負け 7018985
  合計 246803167 / oracle/totals.tsv の reachable_total 246803167
PASS: 到達可能な全局面数が一致
=== 完了 b2_o1 2026-09-22T12:04:11+00:00 ===
=== 開始 b2_o2 (o2 gcc「-O2」/ impl/17_no_set) 2026-09-22T12:04:11+00:00 ===
=== 終了 b2_o2 2026-09-22T12:06:20+00:00 (exit=0) ===
全探索の所要時間：128.44 秒
	Elapsed (wall clock) time (h:mm:ss or m:ss): 2:08.48
	Maximum resident set size (kbytes): 7026780
	Minor (reclaiming a frame) page faults: 7597629
	File system outputs: 12602256
総未知盤面数：99485568, 総勝ち盤面数：140298614, 総負け盤面数：7018985
00時間02分08秒で全探索終了
F0 未探索の読み込み：00時間00分01秒
F1 展開：00時間01分38秒
F2 未知の書き出し：00時間00分12秒
F3 集合化：00時間00分00秒
F4 重複排除：00時間00分00秒
F5 未探索の書き出し：00時間00分13秒
F6 終端の書き出し：00時間00分01秒
-- 解放：00時間00分00秒
-- 残差：00時間00分01秒
--- オラクル 到達可能な全局面数 ---
  未知 99485568 / キャッチ 140298614 / トライ負け 7018985
  合計 246803167 / oracle/totals.tsv の reachable_total 246803167
PASS: 到達可能な全局面数が一致
=== 完了 b2_o2 2026-09-22T12:06:20+00:00 ===
=== 開始 b2_o3 (o3 gcc「-O3」/ impl/17_no_set) 2026-09-22T12:06:20+00:00 ===
=== 終了 b2_o3 2026-09-22T12:08:26+00:00 (exit=0) ===
全探索の所要時間：125.48 秒
	Elapsed (wall clock) time (h:mm:ss or m:ss): 2:05.52
	Maximum resident set size (kbytes): 7027560
	Minor (reclaiming a frame) page faults: 7597628
	File system outputs: 12602256
総未知盤面数：99485568, 総勝ち盤面数：140298614, 総負け盤面数：7018985
00時間02分05秒で全探索終了
F0 未探索の読み込み：00時間00分01秒
F1 展開：00時間01分36秒
F2 未知の書き出し：00時間00分11秒
F3 集合化：00時間00分00秒
F4 重複排除：00時間00分00秒
F5 未探索の書き出し：00時間00分12秒
F6 終端の書き出し：00時間00分01秒
-- 解放：00時間00分00秒
-- 残差：00時間00分01秒
--- オラクル 到達可能な全局面数 ---
  未知 99485568 / キャッチ 140298614 / トライ負け 7018985
  合計 246803167 / oracle/totals.tsv の reachable_total 246803167
PASS: 到達可能な全局面数が一致
=== 完了 b2_o3 2026-09-22T12:08:27+00:00 ===
=== 開始 b2_o2n (o2n gcc「-O2 -fno-semantic-interposition」/ impl/17_no_set) 2026-09-22T12:08:27+00:00 ===
=== 終了 b2_o2n 2026-09-22T12:10:32+00:00 (exit=0) ===
全探索の所要時間：124.67 秒
	Elapsed (wall clock) time (h:mm:ss or m:ss): 2:04.71
	Maximum resident set size (kbytes): 7027184
	Minor (reclaiming a frame) page faults: 7597629
	File system outputs: 12602256
総未知盤面数：99485568, 総勝ち盤面数：140298614, 総負け盤面数：7018985
00時間02分04秒で全探索終了
F0 未探索の読み込み：00時間00分01秒
F1 展開：00時間01分35秒
F2 未知の書き出し：00時間00分11秒
F3 集合化：00時間00分00秒
F4 重複排除：00時間00分00秒
F5 未探索の書き出し：00時間00分13秒
F6 終端の書き出し：00時間00分01秒
-- 解放：00時間00分00秒
-- 残差：00時間00分01秒
--- オラクル 到達可能な全局面数 ---
  未知 99485568 / キャッチ 140298614 / トライ負け 7018985
  合計 246803167 / oracle/totals.tsv の reachable_total 246803167
PASS: 到達可能な全局面数が一致
=== 完了 b2_o2n 2026-09-22T12:10:32+00:00 ===
=== 開始 b2_o0 (o0 gcc「フラグなし」/ impl/17_no_set) 2026-09-22T12:10:32+00:00 ===
=== 終了 b2_o0 2026-09-22T12:13:34+00:00 (exit=0) ===
全探索の所要時間：182.09 秒
	Elapsed (wall clock) time (h:mm:ss or m:ss): 3:02.13
	Maximum resident set size (kbytes): 7027028
	Minor (reclaiming a frame) page faults: 7597628
	File system outputs: 12602288
総未知盤面数：99485568, 総勝ち盤面数：140298614, 総負け盤面数：7018985
00時間03分02秒で全探索終了
F0 未探索の読み込み：00時間00分01秒
F1 展開：00時間02分35秒
F2 未知の書き出し：00時間00分10秒
F3 集合化：00時間00分00秒
F4 重複排除：00時間00分00秒
F5 未探索の書き出し：00時間00分12秒
F6 終端の書き出し：00時間00分01秒
-- 解放：00時間00分00秒
-- 残差：00時間00分01秒
--- オラクル 到達可能な全局面数 ---
  未知 99485568 / キャッチ 140298614 / トライ負け 7018985
  合計 246803167 / oracle/totals.tsv の reachable_total 246803167
PASS: 到達可能な全局面数が一致
=== 完了 b2_o0 2026-09-22T12:13:35+00:00 ===
=== 開始 b3_o2 (o2 gcc「-O2」/ impl/17_no_set) 2026-09-22T12:13:35+00:00 ===
=== 終了 b3_o2 2026-09-22T12:15:42+00:00 (exit=0) ===
全探索の所要時間：127.05 秒
	Elapsed (wall clock) time (h:mm:ss or m:ss): 2:07.09
	Maximum resident set size (kbytes): 7026868
	Minor (reclaiming a frame) page faults: 7597626
	File system outputs: 12602256
総未知盤面数：99485568, 総勝ち盤面数：140298614, 総負け盤面数：7018985
00時間02分07秒で全探索終了
F0 未探索の読み込み：00時間00分01秒
F1 展開：00時間01分38秒
F2 未知の書き出し：00時間00分11秒
F3 集合化：00時間00分00秒
F4 重複排除：00時間00分00秒
F5 未探索の書き出し：00時間00分12秒
F6 終端の書き出し：00時間00分01秒
-- 解放：00時間00分00秒
-- 残差：00時間00分01秒
--- オラクル 到達可能な全局面数 ---
  未知 99485568 / キャッチ 140298614 / トライ負け 7018985
  合計 246803167 / oracle/totals.tsv の reachable_total 246803167
PASS: 到達可能な全局面数が一致
=== 完了 b3_o2 2026-09-22T12:15:43+00:00 ===
=== 開始 b3_o3 (o3 gcc「-O3」/ impl/17_no_set) 2026-09-22T12:15:43+00:00 ===
=== 終了 b3_o3 2026-09-22T12:17:51+00:00 (exit=0) ===
全探索の所要時間：128.12 秒
	Elapsed (wall clock) time (h:mm:ss or m:ss): 2:08.16
	Maximum resident set size (kbytes): 7027208
	Minor (reclaiming a frame) page faults: 7597627
	File system outputs: 12602256
総未知盤面数：99485568, 総勝ち盤面数：140298614, 総負け盤面数：7018985
00時間02分08秒で全探索終了
F0 未探索の読み込み：00時間00分01秒
F1 展開：00時間01分38秒
F2 未知の書き出し：00時間00分11秒
F3 集合化：00時間00分00秒
F4 重複排除：00時間00分00秒
F5 未探索の書き出し：00時間00分13秒
F6 終端の書き出し：00時間00分01秒
-- 解放：00時間00分00秒
-- 残差：00時間00分01秒
--- オラクル 到達可能な全局面数 ---
  未知 99485568 / キャッチ 140298614 / トライ負け 7018985
  合計 246803167 / oracle/totals.tsv の reachable_total 246803167
PASS: 到達可能な全局面数が一致
=== 完了 b3_o3 2026-09-22T12:17:52+00:00 ===
=== 開始 b3_o2n (o2n gcc「-O2 -fno-semantic-interposition」/ impl/17_no_set) 2026-09-22T12:17:52+00:00 ===
=== 終了 b3_o2n 2026-09-22T12:20:04+00:00 (exit=0) ===
全探索の所要時間：132.29 秒
	Elapsed (wall clock) time (h:mm:ss or m:ss): 2:12.34
	Maximum resident set size (kbytes): 7027084
	Minor (reclaiming a frame) page faults: 7597630
	File system outputs: 12602264
総未知盤面数：99485568, 総勝ち盤面数：140298614, 総負け盤面数：7018985
00時間02分12秒で全探索終了
F0 未探索の読み込み：00時間00分01秒
F1 展開：00時間01分35秒
F2 未知の書き出し：00時間00分15秒
F3 集合化：00時間00分00秒
F4 重複排除：00時間00分00秒
F5 未探索の書き出し：00時間00分17秒
F6 終端の書き出し：00時間00分01秒
-- 解放：00時間00分00秒
-- 残差：00時間00分01秒
--- オラクル 到達可能な全局面数 ---
  未知 99485568 / キャッチ 140298614 / トライ負け 7018985
  合計 246803167 / oracle/totals.tsv の reachable_total 246803167
PASS: 到達可能な全局面数が一致
=== 完了 b3_o2n 2026-09-22T12:20:05+00:00 ===
=== 開始 b3_o0 (o0 gcc「フラグなし」/ impl/17_no_set) 2026-09-22T12:20:05+00:00 ===
=== 終了 b3_o0 2026-09-22T12:23:15+00:00 (exit=0) ===
全探索の所要時間：190.01 秒
	Elapsed (wall clock) time (h:mm:ss or m:ss): 3:10.05
	Maximum resident set size (kbytes): 7027304
	Minor (reclaiming a frame) page faults: 7597626
	File system outputs: 12602288
総未知盤面数：99485568, 総勝ち盤面数：140298614, 総負け盤面数：7018985
00時間03分10秒で全探索終了
F0 未探索の読み込み：00時間00分01秒
F1 展開：00時間02分33秒
F2 未知の書き出し：00時間00分16秒
F3 集合化：00時間00分00秒
F4 重複排除：00時間00分00秒
F5 未探索の書き出し：00時間00分15秒
F6 終端の書き出し：00時間00分01秒
-- 解放：00時間00分00秒
-- 残差：00時間00分01秒
--- オラクル 到達可能な全局面数 ---
  未知 99485568 / キャッチ 140298614 / トライ負け 7018985
  合計 246803167 / oracle/totals.tsv の reachable_total 246803167
PASS: 到達可能な全局面数が一致
=== 完了 b3_o0 2026-09-22T12:23:15+00:00 ===
=== 開始 b3_o1 (o1 gcc「-O1」/ impl/17_no_set) 2026-09-22T12:23:15+00:00 ===
=== 終了 b3_o1 2026-09-22T12:25:29+00:00 (exit=0) ===
全探索の所要時間：133.26 秒
	Elapsed (wall clock) time (h:mm:ss or m:ss): 2:13.29
	Maximum resident set size (kbytes): 7027476
	Minor (reclaiming a frame) page faults: 7597627
	File system outputs: 12602272
総未知盤面数：99485568, 総勝ち盤面数：140298614, 総負け盤面数：7018985
00時間02分13秒で全探索終了
F0 未探索の読み込み：00時間00分01秒
F1 展開：00時間01分42秒
F2 未知の書き出し：00時間00分12秒
F3 集合化：00時間00分00秒
F4 重複排除：00時間00分00秒
F5 未探索の書き出し：00時間00分14秒
F6 終端の書き出し：00時間00分01秒
-- 解放：00時間00分00秒
-- 残差：00時間00分01秒
--- オラクル 到達可能な全局面数 ---
  未知 99485568 / キャッチ 140298614 / トライ負け 7018985
  合計 246803167 / oracle/totals.tsv の reachable_total 246803167
PASS: 到達可能な全局面数が一致
=== 完了 b3_o1 2026-09-22T12:25:29+00:00 ===
=== 開始 b4_o3 (o3 gcc「-O3」/ impl/17_no_set) 2026-09-22T12:25:29+00:00 ===
=== 終了 b4_o3 2026-09-22T12:27:46+00:00 (exit=0) ===
全探索の所要時間：136.50 秒
	Elapsed (wall clock) time (h:mm:ss or m:ss): 2:16.54
	Maximum resident set size (kbytes): 7027216
	Minor (reclaiming a frame) page faults: 7597626
	File system outputs: 12602272
総未知盤面数：99485568, 総勝ち盤面数：140298614, 総負け盤面数：7018985
00時間02分16秒で全探索終了
F0 未探索の読み込み：00時間00分01秒
F1 展開：00時間01分37秒
F2 未知の書き出し：00時間00分16秒
F3 集合化：00時間00分00秒
F4 重複排除：00時間00分00秒
F5 未探索の書き出し：00時間00分18秒
F6 終端の書き出し：00時間00分01秒
-- 解放：00時間00分00秒
-- 残差：00時間00分01秒
--- オラクル 到達可能な全局面数 ---
  未知 99485568 / キャッチ 140298614 / トライ負け 7018985
  合計 246803167 / oracle/totals.tsv の reachable_total 246803167
PASS: 到達可能な全局面数が一致
=== 完了 b4_o3 2026-09-22T12:27:46+00:00 ===
=== 開始 b4_o2n (o2n gcc「-O2 -fno-semantic-interposition」/ impl/17_no_set) 2026-09-22T12:27:46+00:00 ===
=== 終了 b4_o2n 2026-09-22T12:29:50+00:00 (exit=0) ===
全探索の所要時間：123.59 秒
	Elapsed (wall clock) time (h:mm:ss or m:ss): 2:03.63
	Maximum resident set size (kbytes): 7027204
	Minor (reclaiming a frame) page faults: 7597627
	File system outputs: 12602256
総未知盤面数：99485568, 総勝ち盤面数：140298614, 総負け盤面数：7018985
00時間02分03秒で全探索終了
F0 未探索の読み込み：00時間00分01秒
F1 展開：00時間01分34秒
F2 未知の書き出し：00時間00分11秒
F3 集合化：00時間00分00秒
F4 重複排除：00時間00分00秒
F5 未探索の書き出し：00時間00分12秒
F6 終端の書き出し：00時間00分01秒
-- 解放：00時間00分00秒
-- 残差：00時間00分01秒
--- オラクル 到達可能な全局面数 ---
  未知 99485568 / キャッチ 140298614 / トライ負け 7018985
  合計 246803167 / oracle/totals.tsv の reachable_total 246803167
PASS: 到達可能な全局面数が一致
=== 完了 b4_o2n 2026-09-22T12:29:51+00:00 ===
=== 開始 b4_o0 (o0 gcc「フラグなし」/ impl/17_no_set) 2026-09-22T12:29:51+00:00 ===
=== 終了 b4_o0 2026-09-22T12:32:55+00:00 (exit=0) ===
全探索の所要時間：183.77 秒
	Elapsed (wall clock) time (h:mm:ss or m:ss): 3:03.81
	Maximum resident set size (kbytes): 7027040
	Minor (reclaiming a frame) page faults: 7597629
	File system outputs: 12602288
総未知盤面数：99485568, 総勝ち盤面数：140298614, 総負け盤面数：7018985
00時間03分03秒で全探索終了
F0 未探索の読み込み：00時間00分01秒
F1 展開：00時間02分34秒
F2 未知の書き出し：00時間00分11秒
F3 集合化：00時間00分00秒
F4 重複排除：00時間00分00秒
F5 未探索の書き出し：00時間00分13秒
F6 終端の書き出し：00時間00分01秒
-- 解放：00時間00分00秒
-- 残差：00時間00分01秒
--- オラクル 到達可能な全局面数 ---
  未知 99485568 / キャッチ 140298614 / トライ負け 7018985
  合計 246803167 / oracle/totals.tsv の reachable_total 246803167
PASS: 到達可能な全局面数が一致
=== 完了 b4_o0 2026-09-22T12:32:55+00:00 ===
=== 開始 b4_o1 (o1 gcc「-O1」/ impl/17_no_set) 2026-09-22T12:32:55+00:00 ===
=== 終了 b4_o1 2026-09-22T12:35:09+00:00 (exit=0) ===
全探索の所要時間：133.41 秒
	Elapsed (wall clock) time (h:mm:ss or m:ss): 2:13.45
	Maximum resident set size (kbytes): 7026844
	Minor (reclaiming a frame) page faults: 7597626
	File system outputs: 12602256
総未知盤面数：99485568, 総勝ち盤面数：140298614, 総負け盤面数：7018985
00時間02分13秒で全探索終了
F0 未探索の読み込み：00時間00分01秒
F1 展開：00時間01分41秒
F2 未知の書き出し：00時間00分12秒
F3 集合化：00時間00分00秒
F4 重複排除：00時間00分00秒
F5 未探索の書き出し：00時間00分14秒
F6 終端の書き出し：00時間00分01秒
-- 解放：00時間00分00秒
-- 残差：00時間00分01秒
--- オラクル 到達可能な全局面数 ---
  未知 99485568 / キャッチ 140298614 / トライ負け 7018985
  合計 246803167 / oracle/totals.tsv の reachable_total 246803167
PASS: 到達可能な全局面数が一致
=== 完了 b4_o1 2026-09-22T12:35:09+00:00 ===
=== 開始 b4_o2 (o2 gcc「-O2」/ impl/17_no_set) 2026-09-22T12:35:09+00:00 ===
=== 終了 b4_o2 2026-09-22T12:37:20+00:00 (exit=0) ===
全探索の所要時間：130.75 秒
	Elapsed (wall clock) time (h:mm:ss or m:ss): 2:10.79
	Maximum resident set size (kbytes): 7027392
	Minor (reclaiming a frame) page faults: 7597627
	File system outputs: 12602256
総未知盤面数：99485568, 総勝ち盤面数：140298614, 総負け盤面数：7018985
00時間02分10秒で全探索終了
F0 未探索の読み込み：00時間00分01秒
F1 展開：00時間01分38秒
F2 未知の書き出し：00時間00分12秒
F3 集合化：00時間00分00秒
F4 重複排除：00時間00分00秒
F5 未探索の書き出し：00時間00分14秒
F6 終端の書き出し：00時間00分01秒
-- 解放：00時間00分00秒
-- 残差：00時間00分01秒
--- オラクル 到達可能な全局面数 ---
  未知 99485568 / キャッチ 140298614 / トライ負け 7018985
  合計 246803167 / oracle/totals.tsv の reachable_total 246803167
PASS: 到達可能な全局面数が一致
=== 完了 b4_o2 2026-09-22T12:37:21+00:00 ===
=== 全20本 完了 2026-09-22T12:37:21+00:00 ===
