=== 開始 r1a_o0 (o0 gcc「フラグなし」/ impl/17_no_set) 2026-09-22T12:38:39+00:00 ===
=== 終了 r1a_o0 2026-09-22T12:44:49+00:00 (exit=0) ===
後退解析の所要時間：367.61 秒
	Elapsed (wall clock) time (h:mm:ss or m:ss): 6:07.65
	Maximum resident set size (kbytes): 14499016
	Minor (reclaiming a frame) page faults: 7276479
読み込んだ局面：246803167 (未知 99485568 / キャッチ 140298614 / トライ負け 7018985)
P0 読み込み：00時間00分04秒
P1 索引：00時間00分20秒
辺の総数：938671869 (未発見の後続 0)
P2 後続生成：00時間01分45秒
P4 前任リスト：00時間02分45秒
--- オラクル 174行 ---
PASS: 174 行すべて一致
  手数別局面数の合計: 96802868
dat/ は残した (腕どうしのバイト比較用): runs/exp_gate18r_r1a_o0/dat
=== 完了 r1a_o0 2026-09-22T12:44:49+00:00 ===
=== 開始 r1b_o2 (o2 gcc「-O2」/ impl/17_no_set) 2026-09-22T12:44:49+00:00 ===
=== 終了 r1b_o2 2026-09-22T12:49:53+00:00 (exit=0) ===
後退解析の所要時間：302.72 秒
	Elapsed (wall clock) time (h:mm:ss or m:ss): 5:02.76
	Maximum resident set size (kbytes): 14499376
	Minor (reclaiming a frame) page faults: 7277942
読み込んだ局面：246803167 (未知 99485568 / キャッチ 140298614 / トライ負け 7018985)
P0 読み込み：00時間00分04秒
P1 索引：00時間00分14秒
辺の総数：938671869 (未発見の後続 0)
P2 後続生成：00時間01分08秒
P4 前任リスト：00時間02分36秒
--- オラクル 174行 ---
PASS: 174 行すべて一致
  手数別局面数の合計: 96802868
dat/ は残した (腕どうしのバイト比較用): runs/exp_gate18r_r1b_o2/dat
=== 完了 r1b_o2 2026-09-22T12:49:53+00:00 ===
=== 開始 r1c_o2 (o2 gcc「-O2」/ impl/17_no_set) 2026-09-22T12:49:53+00:00 ===
=== 終了 r1c_o2 2026-09-22T12:54:55+00:00 (exit=0) ===
後退解析の所要時間：300.26 秒
	Elapsed (wall clock) time (h:mm:ss or m:ss): 5:00.30
	Maximum resident set size (kbytes): 14499376
	Minor (reclaiming a frame) page faults: 7278070
読み込んだ局面：246803167 (未知 99485568 / キャッチ 140298614 / トライ負け 7018985)
P0 読み込み：00時間00分04秒
P1 索引：00時間00分14秒
辺の総数：938671869 (未発見の後続 0)
P2 後続生成：00時間01分08秒
P4 前任リスト：00時間02分33秒
--- オラクル 174行 ---
PASS: 174 行すべて一致
  手数別局面数の合計: 96802868
=== 完了 r1c_o2 2026-09-22T12:54:56+00:00 ===
=== 開始 r1d_o0 (o0 gcc「フラグなし」/ impl/17_no_set) 2026-09-22T12:54:56+00:00 ===
=== 終了 r1d_o0 2026-09-22T13:01:09+00:00 (exit=0) ===
後退解析の所要時間：371.37 秒
	Elapsed (wall clock) time (h:mm:ss or m:ss): 6:11.41
	Maximum resident set size (kbytes): 14499372
	Minor (reclaiming a frame) page faults: 7276891
読み込んだ局面：246803167 (未知 99485568 / キャッチ 140298614 / トライ負け 7018985)
P0 読み込み：00時間00分04秒
P1 索引：00時間00分21秒
辺の総数：938671869 (未発見の後続 0)
P2 後続生成：00時間01分46秒
P4 前任リスト：00時間02分46秒
--- オラクル 174行 ---
PASS: 174 行すべて一致
  手数別局面数の合計: 96802868
=== 完了 r1d_o0 2026-09-22T13:01:09+00:00 ===
=== 開始 r2a_o0 (o0 gcc「フラグなし」/ impl/17_no_set) 2026-09-22T13:01:09+00:00 ===
=== 終了 r2a_o0 2026-09-22T13:07:18+00:00 (exit=0) ===
後退解析の所要時間：367.17 秒
	Elapsed (wall clock) time (h:mm:ss or m:ss): 6:07.21
	Maximum resident set size (kbytes): 14499376
	Minor (reclaiming a frame) page faults: 7277185
読み込んだ局面：246803167 (未知 99485568 / キャッチ 140298614 / トライ負け 7018985)
P0 読み込み：00時間00分04秒
P1 索引：00時間00分20秒
辺の総数：938671869 (未発見の後続 0)
P2 後続生成：00時間01分46秒
P4 前任リスト：00時間02分43秒
--- オラクル 174行 ---
PASS: 174 行すべて一致
  手数別局面数の合計: 96802868
=== 完了 r2a_o0 2026-09-22T13:07:18+00:00 ===
=== 開始 r2b_o2 (o2 gcc「-O2」/ impl/17_no_set) 2026-09-22T13:07:18+00:00 ===
=== 終了 r2b_o2 2026-09-22T13:12:26+00:00 (exit=0) ===
後退解析の所要時間：305.68 秒
	Elapsed (wall clock) time (h:mm:ss or m:ss): 5:05.73
	Maximum resident set size (kbytes): 14499376
	Minor (reclaiming a frame) page faults: 7277949
読み込んだ局面：246803167 (未知 99485568 / キャッチ 140298614 / トライ負け 7018985)
P0 読み込み：00時間00分04秒
P1 索引：00時間00分14秒
辺の総数：938671869 (未発見の後続 0)
P2 後続生成：00時間01分10秒
P4 前任リスト：00時間02分37秒
--- オラクル 174行 ---
PASS: 174 行すべて一致
  手数別局面数の合計: 96802868
=== 完了 r2b_o2 2026-09-22T13:12:26+00:00 ===
=== 開始 r2c_o2 (o2 gcc「-O2」/ impl/17_no_set) 2026-09-22T13:12:26+00:00 ===
=== 終了 r2c_o2 2026-09-22T13:17:29+00:00 (exit=0) ===
後退解析の所要時間：301.35 秒
	Elapsed (wall clock) time (h:mm:ss or m:ss): 5:01.40
	Maximum resident set size (kbytes): 14498928
	Minor (reclaiming a frame) page faults: 7277260
読み込んだ局面：246803167 (未知 99485568 / キャッチ 140298614 / トライ負け 7018985)
P0 読み込み：00時間00分04秒
P1 索引：00時間00分14秒
辺の総数：938671869 (未発見の後続 0)
P2 後続生成：00時間01分08秒
P4 前任リスト：00時間02分35秒
--- オラクル 174行 ---
PASS: 174 行すべて一致
  手数別局面数の合計: 96802868
=== 完了 r2c_o2 2026-09-22T13:17:30+00:00 ===
=== 開始 r2d_o0 (o0 gcc「フラグなし」/ impl/17_no_set) 2026-09-22T13:17:30+00:00 ===
=== 終了 r2d_o0 2026-09-22T13:23:42+00:00 (exit=0) ===
後退解析の所要時間：371.20 秒
	Elapsed (wall clock) time (h:mm:ss or m:ss): 6:11.24
	Maximum resident set size (kbytes): 14498928
	Minor (reclaiming a frame) page faults: 7277258
読み込んだ局面：246803167 (未知 99485568 / キャッチ 140298614 / トライ負け 7018985)
P0 読み込み：00時間00分04秒
P1 索引：00時間00分20秒
辺の総数：938671869 (未発見の後続 0)
P2 後続生成：00時間01分46秒
P4 前任リスト：00時間02分47秒
--- オラクル 174行 ---
PASS: 174 行すべて一致
  手数別局面数の合計: 96802868
=== 完了 r2d_o0 2026-09-22T13:23:43+00:00 ===
=== 全8本 完了 2026-09-22T13:23:43+00:00 ===
