=== 開始 g1a (old impl/16_raw_binary) 2026-09-22T06:27:12+00:00 ===
=== 終了 g1a 2026-09-22T06:35:38+00:00 (exit=0) ===
全探索の所要時間：505.42 秒
	Elapsed (wall clock) time (h:mm:ss or m:ss): 8:25.46
	Maximum resident set size (kbytes): 7013296
	Minor (reclaiming a frame) page faults: 24459313
	File system outputs: 12100592
総未知盤面数：99485568, 総勝ち盤面数：140298614, 総負け盤面数：7018985
00時間08分25秒で全探索終了
F0 未探索の読み込み：00時間00分01秒
F1 展開：00時間02分51秒
F2 未知の書き出し：00時間01分51秒
F3 集合化：00時間00分00秒
F4 重複排除：00時間00分00秒
F5 未探索の書き出し：00時間02分41秒
F6 終端の書き出し：00時間00分57秒
-- 解放：00時間00分00秒
-- 残差：00時間00分01秒
--- オラクル 到達可能な全局面数 ---
  未知 99485568 / キャッチ 140298614 / トライ負け 7018985
  合計 246803167 / oracle/totals.tsv の reachable_total 246803167
PASS: 到達可能な全局面数が一致
dat/ は残した (指紋と並びの照合用): runs/exp_gate17f_g1a/dat
=== 完了 g1a 2026-09-22T06:35:38+00:00 ===
=== 開始 g1b (new impl/17_no_set) 2026-09-22T06:35:38+00:00 ===
=== 終了 g1b 2026-09-22T06:38:40+00:00 (exit=0) ===
全探索の所要時間：182.07 秒
	Elapsed (wall clock) time (h:mm:ss or m:ss): 3:02.11
	Maximum resident set size (kbytes): 7027472
	Minor (reclaiming a frame) page faults: 7597626
	File system outputs: 12602288
総未知盤面数：99485568, 総勝ち盤面数：140298614, 総負け盤面数：7018985
00時間03分02秒で全探索終了
F0 未探索の読み込み：00時間00分01秒
F1 展開：00時間02分33秒
F2 未知の書き出し：00時間00分10秒
F3 集合化：00時間00分00秒
F4 重複排除：00時間00分00秒
F5 未探索の書き出し：00時間00分12秒
F6 終端の書き出し：00時間00分01秒
-- 解放：00時間00分00秒
-- 残差：00時間00分01秒
--- オラクル 到達可能な全局面数 ---
  未知 99485568 / キャッチ 140298614 / トライ負け 7018985
  合計 246803167 / oracle/totals.tsv の reachable_total 246803167
PASS: 到達可能な全局面数が一致
dat/ は残した (指紋と並びの照合用): runs/exp_gate17f_g1b/dat
=== 完了 g1b 2026-09-22T06:38:40+00:00 ===
=== 開始 g1c (new impl/17_no_set) 2026-09-22T06:38:40+00:00 ===
=== 終了 g1c 2026-09-22T06:41:44+00:00 (exit=0) ===
全探索の所要時間：183.93 秒
	Elapsed (wall clock) time (h:mm:ss or m:ss): 3:03.97
	Maximum resident set size (kbytes): 7027200
	Minor (reclaiming a frame) page faults: 7597622
	File system outputs: 12602288
総未知盤面数：99485568, 総勝ち盤面数：140298614, 総負け盤面数：7018985
00時間03分03秒で全探索終了
F0 未探索の読み込み：00時間00分01秒
F1 展開：00時間02分35秒
F2 未知の書き出し：00時間00分11秒
F3 集合化：00時間00分00秒
F4 重複排除：00時間00分00秒
F5 未探索の書き出し：00時間00分13秒
F6 終端の書き出し：00時間00分01秒
-- 解放：00時間00分00秒
-- 残差：00時間00分01秒
--- オラクル 到達可能な全局面数 ---
  未知 99485568 / キャッチ 140298614 / トライ負け 7018985
  合計 246803167 / oracle/totals.tsv の reachable_total 246803167
PASS: 到達可能な全局面数が一致
=== 完了 g1c 2026-09-22T06:41:45+00:00 ===
=== 開始 g1d (old impl/16_raw_binary) 2026-09-22T06:41:45+00:00 ===
=== 終了 g1d 2026-09-22T06:50:05+00:00 (exit=0) ===
全探索の所要時間：499.91 秒
	Elapsed (wall clock) time (h:mm:ss or m:ss): 8:19.96
	Maximum resident set size (kbytes): 7014556
	Minor (reclaiming a frame) page faults: 24456175
	File system outputs: 12100584
総未知盤面数：99485568, 総勝ち盤面数：140298614, 総負け盤面数：7018985
00時間08分19秒で全探索終了
F0 未探索の読み込み：00時間00分01秒
F1 展開：00時間02分50秒
F2 未知の書き出し：00時間01分51秒
F3 集合化：00時間00分00秒
F4 重複排除：00時間00分00秒
F5 未探索の書き出し：00時間02分38秒
F6 終端の書き出し：00時間00分55秒
-- 解放：00時間00分00秒
-- 残差：00時間00分01秒
--- オラクル 到達可能な全局面数 ---
  未知 99485568 / キャッチ 140298614 / トライ負け 7018985
  合計 246803167 / oracle/totals.tsv の reachable_total 246803167
PASS: 到達可能な全局面数が一致
=== 完了 g1d 2026-09-22T06:50:05+00:00 ===
=== 開始 g2a (old impl/16_raw_binary) 2026-09-22T06:50:05+00:00 ===
=== 終了 g2a 2026-09-22T06:58:25+00:00 (exit=0) ===
全探索の所要時間：500.15 秒
	Elapsed (wall clock) time (h:mm:ss or m:ss): 8:20.19
	Maximum resident set size (kbytes): 7012972
	Minor (reclaiming a frame) page faults: 24459312
	File system outputs: 12100592
総未知盤面数：99485568, 総勝ち盤面数：140298614, 総負け盤面数：7018985
00時間08分20秒で全探索終了
F0 未探索の読み込み：00時間00分01秒
F1 展開：00時間02分50秒
F2 未知の書き出し：00時間01分50秒
F3 集合化：00時間00分00秒
F4 重複排除：00時間00分00秒
F5 未探索の書き出し：00時間02分39秒
F6 終端の書き出し：00時間00分56秒
-- 解放：00時間00分00秒
-- 残差：00時間00分01秒
--- オラクル 到達可能な全局面数 ---
  未知 99485568 / キャッチ 140298614 / トライ負け 7018985
  合計 246803167 / oracle/totals.tsv の reachable_total 246803167
PASS: 到達可能な全局面数が一致
=== 完了 g2a 2026-09-22T06:58:26+00:00 ===
=== 開始 g2b (new impl/17_no_set) 2026-09-22T06:58:26+00:00 ===
=== 終了 g2b 2026-09-22T07:01:29+00:00 (exit=0) ===
全探索の所要時間：182.87 秒
	Elapsed (wall clock) time (h:mm:ss or m:ss): 3:02.91
	Maximum resident set size (kbytes): 7027348
	Minor (reclaiming a frame) page faults: 7597629
	File system outputs: 12602288
総未知盤面数：99485568, 総勝ち盤面数：140298614, 総負け盤面数：7018985
00時間03分02秒で全探索終了
F0 未探索の読み込み：00時間00分01秒
F1 展開：00時間02分34秒
F2 未知の書き出し：00時間00分10秒
F3 集合化：00時間00分00秒
F4 重複排除：00時間00分00秒
F5 未探索の書き出し：00時間00分12秒
F6 終端の書き出し：00時間00分01秒
-- 解放：00時間00分00秒
-- 残差：00時間00分01秒
--- オラクル 到達可能な全局面数 ---
  未知 99485568 / キャッチ 140298614 / トライ負け 7018985
  合計 246803167 / oracle/totals.tsv の reachable_total 246803167
PASS: 到達可能な全局面数が一致
=== 完了 g2b 2026-09-22T07:01:29+00:00 ===
=== 開始 g2c (new impl/17_no_set) 2026-09-22T07:01:29+00:00 ===
=== 終了 g2c 2026-09-22T07:04:32+00:00 (exit=0) ===
全探索の所要時間：182.21 秒
	Elapsed (wall clock) time (h:mm:ss or m:ss): 3:02.25
	Maximum resident set size (kbytes): 7027392
	Minor (reclaiming a frame) page faults: 7597627
	File system outputs: 12602288
総未知盤面数：99485568, 総勝ち盤面数：140298614, 総負け盤面数：7018985
00時間03分02秒で全探索終了
F0 未探索の読み込み：00時間00分01秒
F1 展開：00時間02分34秒
F2 未知の書き出し：00時間00分10秒
F3 集合化：00時間00分00秒
F4 重複排除：00時間00分00秒
F5 未探索の書き出し：00時間00分12秒
F6 終端の書き出し：00時間00分01秒
-- 解放：00時間00分00秒
-- 残差：00時間00分01秒
--- オラクル 到達可能な全局面数 ---
  未知 99485568 / キャッチ 140298614 / トライ負け 7018985
  合計 246803167 / oracle/totals.tsv の reachable_total 246803167
PASS: 到達可能な全局面数が一致
=== 完了 g2c 2026-09-22T07:04:32+00:00 ===
=== 開始 g2d (old impl/16_raw_binary) 2026-09-22T07:04:32+00:00 ===
=== 終了 g2d 2026-09-22T07:12:50+00:00 (exit=0) ===
全探索の所要時間：497.58 秒
	Elapsed (wall clock) time (h:mm:ss or m:ss): 8:17.63
	Maximum resident set size (kbytes): 7014820
	Minor (reclaiming a frame) page faults: 24456169
	File system outputs: 12100600
総未知盤面数：99485568, 総勝ち盤面数：140298614, 総負け盤面数：7018985
00時間08分17秒で全探索終了
F0 未探索の読み込み：00時間00分01秒
F1 展開：00時間02分50秒
F2 未知の書き出し：00時間01分49秒
F3 集合化：00時間00分00秒
F4 重複排除：00時間00分00秒
F5 未探索の書き出し：00時間02分37秒
F6 終端の書き出し：00時間00分56秒
-- 解放：00時間00分00秒
-- 残差：00時間00分01秒
--- オラクル 到達可能な全局面数 ---
  未知 99485568 / キャッチ 140298614 / トライ負け 7018985
  合計 246803167 / oracle/totals.tsv の reachable_total 246803167
PASS: 到達可能な全局面数が一致
=== 完了 g2d 2026-09-22T07:12:50+00:00 ===
=== 全8本 完了 2026-09-22T07:12:50+00:00 ===
