=== 開始 base (impl/15_c_successors) 2026-09-21T07:02:47+00:00 ===
=== 終了 base 2026-09-21T07:11:10+00:00 (exit=0) ===
後退解析の所要時間：501.58 秒
	Percent of CPU this job got: 99%
	Elapsed (wall clock) time (h:mm:ss or m:ss): 8:21.63
	Maximum resident set size (kbytes): 14515976
読み込んだ局面：246803167 (未知 99485568 / キャッチ 140298614 / トライ負け 7018985)
P0 読み込み：00時間01分34秒
P1 索引：00時間00分20秒
辺の総数：938671869 (未発見の後続 0)
P2 後続生成：00時間01分50秒
P4 前任リスト：00時間02分47秒
--- オラクル 174行 ---
PASS: 174 行すべて一致
  手数別局面数の合計: 96802868
dat/ は残した (バイト比較用): runs/exp_retreat_profile_base/dat
=== 完了 base 2026-09-21T07:11:10+00:00 ===
=== 開始 p1 (experiments/retreat_profile) 2026-09-21T07:11:10+00:00 ===
=== 終了 p1 2026-09-21T07:19:52+00:00 (exit=0) ===
後退解析の所要時間：519.36 秒
	Percent of CPU this job got: 99%
	Elapsed (wall clock) time (h:mm:ss or m:ss): 8:39.41
	Maximum resident set size (kbytes): 14515800
読み込んだ局面：246803167 (未知 99485568 / キャッチ 140298614 / トライ負け 7018985)
P0 読み込み：00時間01分33秒
P1 索引：00時間00分34秒
辺の総数：938671869 (未発見の後続 0)
P2 後続生成：00時間01分55秒
P4 前任リスト：00時間02分47秒
--- 段ごとの要約 ---
P0	93.5393
P1	34.3106
P2_alloc	0.3105
P2_loop	115.3963
P2	115.7068
P2_free	0.5714
P4_count	22.8617
P4_scatter	144.5473
P4	167.4090
R_dtm	0.6127
loop174	101.3394
R_uk	5.4340
retreat_total	518.9232
t_R_start	0.0000
rss_R_start	14929920
hwm_R_start	15060992
min_R_start	2032
maj_R_start	0
t_P0	93.5393
rss_P0	2022838272
hwm_P0	4682096640
min_P0	5754844
maj_P0	0
t_P1	127.8499
rss_P1	10612776960
hwm_P1	10612776960
min_P1	10799526
maj_P1	0
t_P2_alloc	128.1603
rss_P2_alloc	11110207488
hwm_P2_alloc	11110207488
min_P2_alloc	10920989
maj_P2_alloc	0
t_P2	243.5567
rss_P2	14864896000
hwm_P2	14864896000
min_P2	12032434
maj_P2	0
t_P2_free	244.1281
rss_P2_free	6274957312
hwm_P2_free	14864179200
min_P2_free	12032443
maj_P2_free	0
t_P4_count	266.9898
rss_P4_count	7262171136
hwm_P4_count	14864179200
min_P4_count	12273493
maj_P4_count	0
t_P4	411.5371
rss_P4	6864228352
hwm_P4	14864179200
min_P4	13190168
maj_P4	0
t_R_dtm	412.1498
rss_R_dtm	7508975616
hwm_R_dtm	14864179200
min_R_dtm	13422966
maj_R_dtm	0
t_R_loop	513.4892
rss_R_loop	7543336960
hwm_R_loop	14864179200
min_R_loop	15684310
maj_R_loop	0
t_R_uk	518.9232
rss_R_uk	7498993664
hwm_R_uk	14864179200
min_R_uk	15769759
maj_R_uk	0
--- オラクル 174行 ---
PASS: 174 行すべて一致
  手数別局面数の合計: 96802868
dat/ は残した (バイト比較用): runs/exp_retreat_profile_p1/dat
=== 完了 p1 2026-09-21T07:19:52+00:00 ===
=== 開始 p2 (experiments/retreat_profile) 2026-09-21T07:19:52+00:00 ===
=== 終了 p2 2026-09-21T07:28:08+00:00 (exit=0) ===
後退解析の所要時間：494.22 秒
	Percent of CPU this job got: 99%
	Elapsed (wall clock) time (h:mm:ss or m:ss): 8:14.28
	Maximum resident set size (kbytes): 14515720
読み込んだ局面：246803167 (未知 99485568 / キャッチ 140298614 / トライ負け 7018985)
P0 読み込み：00時間01分33秒
P1 索引：00時間00分20秒
辺の総数：938671869 (未発見の後続 0)
P2 後続生成：00時間01分44秒
P4 前任リスト：00時間02分48秒
--- 段ごとの要約 ---
P0	93.1884
P1	20.5906
P2_alloc	0.3081
P2_loop	103.7966
P2	104.1047
P2_free	0.3635
P4_count	23.4375
P4_scatter	144.8508
P4	168.2883
R_dtm	0.6178
loop174	101.2486
R_uk	5.4222
retreat_total	493.8241
t_R_start	0.0000
rss_R_start	14929920
hwm_R_start	15060992
min_R_start	2033
maj_R_start	0
t_P0	93.1884
rss_P0	2022854656
hwm_P0	4682117120
min_P0	5754911
maj_P0	0
t_P1	113.7789
rss_P1	10612793344
hwm_P1	10612793344
min_P1	7852064
maj_P1	0
t_P2_alloc	114.0870
rss_P2_alloc	11110223872
hwm_P2_alloc	11110223872
min_P2_alloc	7973507
maj_P2_alloc	0
t_P2	217.8836
rss_P2	14864912384
hwm_P2	14864912384
min_P2	8890183
maj_P2	0
t_P2_free	218.2471
rss_P2_free	6274973696
hwm_P2_free	14864097280
min_P2_free	8890183
maj_P2_free	0
t_P4_count	241.6846
rss_P4_count	7262187520
hwm_P4_count	14864097280
min_P4_count	9875614
maj_P4_count	0
t_P4	386.5354
rss_P4	6864244736
hwm_P4	14864097280
min_P4	11060428
maj_P4	0
t_R_dtm	387.1533
rss_R_dtm	7508992000
hwm_R_dtm	14864097280
min_R_dtm	11293261
maj_R_dtm	0
t_R_loop	488.4019
rss_R_loop	7543353344
hwm_R_loop	14864097280
min_R_loop	13797052
maj_R_loop	0
t_R_uk	493.8241
rss_R_uk	7498928128
hwm_R_uk	14864097280
min_R_uk	13882501
maj_R_uk	0
--- オラクル 174行 ---
PASS: 174 行すべて一致
  手数別局面数の合計: 96802868
=== 完了 p2 2026-09-21T07:28:08+00:00 ===
=== 開始 p3 (experiments/retreat_profile) 2026-09-21T07:28:08+00:00 ===
=== 終了 p3 2026-09-21T07:36:25+00:00 (exit=0) ===
後退解析の所要時間：494.68 秒
	Percent of CPU this job got: 99%
	Elapsed (wall clock) time (h:mm:ss or m:ss): 8:14.73
	Maximum resident set size (kbytes): 14516268
読み込んだ局面：246803167 (未知 99485568 / キャッチ 140298614 / トライ負け 7018985)
P0 読み込み：00時間01分33秒
P1 索引：00時間00分20秒
辺の総数：938671869 (未発見の後続 0)
P2 後続生成：00時間01分43秒
P4 前任リスト：00時間02分48秒
--- 段ごとの要約 ---
P0	93.4627
P1	20.6339
P2_alloc	0.3055
P2_loop	103.6777
P2	103.9832
P2_free	0.3561
P4_count	25.4243
P4_scatter	143.7183
P4	169.1426
R_dtm	0.5906
loop174	100.5901
R_uk	5.5976
retreat_total	494.3567
t_R_start	0.0000
rss_R_start	14921728
hwm_R_start	15052800
min_R_start	2033
maj_R_start	0
t_P0	93.4627
rss_P0	2022850560
hwm_P0	4682022912
min_P0	5754912
maj_P0	0
t_P1	114.0966
rss_P1	10612789248
hwm_P1	10612789248
min_P1	7852065
maj_P1	0
t_P2_alloc	114.4021
rss_P2_alloc	11110219776
hwm_P2_alloc	11110219776
min_P2_alloc	7973508
maj_P2_alloc	0
t_P2	218.0799
rss_P2	14864908288
hwm_P2	14864908288
min_P2	8891207
maj_P2	0
t_P2_free	218.4360
rss_P2_free	6274969600
hwm_P2_free	14864658432
min_P2_free	8891207
maj_P2_free	0
t_P4_count	243.8602
rss_P4_count	7262183424
hwm_P4_count	14864658432
min_P4_count	9680221
maj_P4_count	0
t_P4	387.5785
rss_P4	6864240640
hwm_P4	14864658432
min_P4	10792172
maj_P4	0
t_R_dtm	388.1691
rss_R_dtm	7508987904
hwm_R_dtm	14864658432
min_R_dtm	11018087
maj_R_dtm	0
t_R_loop	488.7592
rss_R_loop	7543349248
hwm_R_loop	14864658432
min_R_loop	13268866
maj_R_loop	0
t_R_uk	494.3567
rss_R_uk	7498924032
hwm_R_uk	14864658432
min_R_uk	13354306
maj_R_uk	0
--- オラクル 174行 ---
PASS: 174 行すべて一致
  手数別局面数の合計: 96802868
=== 完了 p3 2026-09-21T07:36:25+00:00 ===
=== 開始 p4 (experiments/retreat_profile) 2026-09-21T07:36:25+00:00 ===
=== 終了 p4 2026-09-21T07:44:46+00:00 (exit=0) ===
後退解析の所要時間：498.62 秒
	Percent of CPU this job got: 99%
	Elapsed (wall clock) time (h:mm:ss or m:ss): 8:18.68
	Maximum resident set size (kbytes): 14516264
読み込んだ局面：246803167 (未知 99485568 / キャッチ 140298614 / トライ負け 7018985)
P0 読み込み：00時間01分33秒
P1 索引：00時間00分20秒
辺の総数：938671869 (未発見の後続 0)
P2 後続生成：00時間01分47秒
P4 前任リスト：00時間02分48秒
--- 段ごとの要約 ---
P0	93.1642
P1	20.8178
P2_alloc	0.3074
P2_loop	107.4048
P2	107.7122
P2_free	0.3623
P4_count	23.3545
P4_scatter	145.1318
P4	168.4863
R_dtm	0.6281
loop174	101.5921
R_uk	5.4507
retreat_total	498.2137
t_R_start	0.0000
rss_R_start	14925824
hwm_R_start	15056896
min_R_start	2032
maj_R_start	0
t_P0	93.1642
rss_P0	2022850560
hwm_P0	4682113024
min_P0	5754994
maj_P0	0
t_P1	113.9820
rss_P1	10612789248
hwm_P1	10612789248
min_P1	7852147
maj_P1	0
t_P2_alloc	114.2894
rss_P2_alloc	11110219776
hwm_P2_alloc	11110219776
min_P2_alloc	7973590
maj_P2_alloc	0
t_P2	221.6942
rss_P2	14864908288
hwm_P2	14864908288
min_P2	8912033
maj_P2	0
t_P2_free	222.0565
rss_P2_free	6274969600
hwm_P2_free	14864654336
min_P2_free	8912043
maj_P2_free	0
t_P4_count	245.4110
rss_P4_count	7262183424
hwm_P4_count	14864654336
min_P4_count	9821709
maj_P4_count	0
t_P4	390.5428
rss_P4	6864240640
hwm_P4	14864654336
min_P4	10996776
maj_P4	0
t_R_dtm	391.1709
rss_R_dtm	7508987904
hwm_R_dtm	14864654336
min_R_dtm	11229596
maj_R_dtm	0
t_R_loop	492.7630
rss_R_loop	7543353344
hwm_R_loop	14864654336
min_R_loop	13729676
maj_R_loop	0
t_R_uk	498.2137
rss_R_uk	7500877824
hwm_R_uk	14864654336
min_R_uk	13815126
maj_R_uk	0
--- オラクル 174行 ---
PASS: 174 行すべて一致
  手数別局面数の合計: 96802868
=== 完了 p4 2026-09-21T07:44:46+00:00 ===
=== 開始 p5 (experiments/retreat_profile) 2026-09-21T07:44:46+00:00 ===
=== 終了 p5 2026-09-21T07:53:02+00:00 (exit=0) ===
後退解析の所要時間：493.72 秒
	Percent of CPU this job got: 99%
	Elapsed (wall clock) time (h:mm:ss or m:ss): 8:13.77
	Maximum resident set size (kbytes): 14515820
読み込んだ局面：246803167 (未知 99485568 / キャッチ 140298614 / トライ負け 7018985)
P0 読み込み：00時間01分33秒
P1 索引：00時間00分20秒
辺の総数：938671869 (未発見の後続 0)
P2 後続生成：00時間01分44秒
P4 前任リスト：00時間02分48秒
--- 段ごとの要約 ---
P0	93.3638
P1	20.7266
P2_alloc	0.3100
P2_loop	103.8686
P2	104.1786
P2_free	0.3556
P4_count	25.4570
P4_scatter	142.7834
P4	168.2404
R_dtm	0.5894
loop174	100.4853
R_uk	5.4547
retreat_total	493.3943
t_R_start	0.0000
rss_R_start	14925824
hwm_R_start	15056896
min_R_start	2031
maj_R_start	0
t_P0	93.3638
rss_P0	2022850560
hwm_P0	4682108928
min_P0	5754849
maj_P0	0
t_P1	114.0904
rss_P1	10612789248
hwm_P1	10612789248
min_P1	7853026
maj_P1	0
t_P2_alloc	114.4004
rss_P2_alloc	11110219776
hwm_P2_alloc	11110219776
min_P2_alloc	7974469
maj_P2_alloc	0
t_P2	218.2690
rss_P2	14864908288
hwm_P2	14864908288
min_P2	8891142
maj_P2	0
t_P2_free	218.6246
rss_P2_free	6274969600
hwm_P2_free	14864199680
min_P2_free	8891142
maj_P2_free	0
t_P4_count	244.0817
rss_P4_count	7262183424
hwm_P4_count	14864199680
min_P4_count	9678826
maj_P4_count	0
t_P4	386.8650
rss_P4	6864240640
hwm_P4	14864199680
min_P4	10790259
maj_P4	0
t_R_dtm	387.4544
rss_R_dtm	7508987904
hwm_R_dtm	14864199680
min_R_dtm	11016175
maj_R_dtm	0
t_R_loop	487.9397
rss_R_loop	7543349248
hwm_R_loop	14864199680
min_R_loop	13267595
maj_R_loop	0
t_R_uk	493.3943
rss_R_uk	7499005952
hwm_R_uk	14864199680
min_R_uk	13353035
maj_R_uk	0
--- オラクル 174行 ---
PASS: 174 行すべて一致
  手数別局面数の合計: 96802868
=== 完了 p5 2026-09-21T07:53:02+00:00 ===
=== 開始 p6 (experiments/retreat_profile) 2026-09-21T07:53:02+00:00 ===
=== 終了 p6 2026-09-21T08:01:31+00:00 (exit=0) ===
後退解析の所要時間：507.20 秒
	Percent of CPU this job got: 99%
	Elapsed (wall clock) time (h:mm:ss or m:ss): 8:27.26
	Maximum resident set size (kbytes): 14516024
読み込んだ局面：246803167 (未知 99485568 / キャッチ 140298614 / トライ負け 7018985)
P0 読み込み：00時間01分34秒
P1 索引：00時間00分20秒
辺の総数：938671869 (未発見の後続 0)
P2 後続生成：00時間01分44秒
P4 前任リスト：00時間02分59秒
--- 段ごとの要約 ---
P0	94.2584
P1	20.8847
P2_alloc	0.3103
P2_loop	104.1071
P2	104.4174
P2_free	0.3542
P4_count	32.4994
P4_scatter	147.1323
P4	179.6317
R_dtm	0.6430
loop174	101.1676
R_uk	5.4210
retreat_total	506.7779
t_R_start	0.0000
rss_R_start	14934016
hwm_R_start	15065088
min_R_start	2031
maj_R_start	0
t_P0	94.2584
rss_P0	2022825984
hwm_P0	4682113024
min_P0	5755354
maj_P0	0
t_P1	115.1431
rss_P1	10612768768
hwm_P1	10612768768
min_P1	7852508
maj_P1	0
t_P2_alloc	115.4534
rss_P2_alloc	11110199296
hwm_P2_alloc	11110199296
min_P2_alloc	7973951
maj_P2_alloc	0
t_P2	219.5605
rss_P2	14864887808
hwm_P2	14864887808
min_P2	8890625
maj_P2	0
t_P2_free	219.9146
rss_P2_free	6274949120
hwm_P2_free	14864408576
min_P2_free	8890625
maj_P2_free	0
t_P4_count	252.4140
rss_P4_count	7262162944
hwm_P4_count	14864408576
min_P4_count	9923365
maj_P4_count	0
t_P4	399.5463
rss_P4	6864220160
hwm_P4	14864408576
min_P4	11291909
maj_P4	0
t_R_dtm	400.1894
rss_R_dtm	7508971520
hwm_R_dtm	14864408576
min_R_dtm	11524761
maj_R_dtm	0
t_R_loop	501.3569
rss_R_loop	7543365632
hwm_R_loop	14864408576
min_R_loop	14029500
maj_R_loop	0
t_R_uk	506.7779
rss_R_uk	7499038720
hwm_R_uk	14864408576
min_R_uk	14114954
maj_R_uk	0
--- オラクル 174行 ---
PASS: 174 行すべて一致
  手数別局面数の合計: 96802868
=== 完了 p6 2026-09-21T08:01:32+00:00 ===
=== 開始 p7 (experiments/retreat_profile) 2026-09-21T08:01:32+00:00 ===
=== 終了 p7 2026-09-21T08:09:47+00:00 (exit=0) ===
後退解析の所要時間：493.69 秒
	Percent of CPU this job got: 99%
	Elapsed (wall clock) time (h:mm:ss or m:ss): 8:13.74
	Maximum resident set size (kbytes): 14515880
読み込んだ局面：246803167 (未知 99485568 / キャッチ 140298614 / トライ負け 7018985)
P0 読み込み：00時間01分34秒
P1 索引：00時間00分22秒
辺の総数：938671869 (未発見の後続 0)
P2 後続生成：00時間01分43秒
P4 前任リスト：00時間02分45秒
--- 段ごとの要約 ---
P0	94.2001
P1	22.9378
P2_alloc	0.3078
P2_loop	103.5623
P2	103.8700
P2_free	0.4260
P4_count	22.3714
P4_scatter	143.4603
P4	165.8317
R_dtm	0.5909
loop174	100.0361
R_uk	5.4000
retreat_total	493.2926
t_R_start	0.0000
rss_R_start	14917632
hwm_R_start	15048704
min_R_start	2033
maj_R_start	0
t_P0	94.2001
rss_P0	2022817792
hwm_P0	4682088448
min_P0	5771371
maj_P0	0
t_P1	117.1378
rss_P1	10612756480
hwm_P1	10612756480
min_P1	8168208
maj_P1	0
t_P2_alloc	117.4456
rss_P2_alloc	11110187008
hwm_P2_alloc	11110187008
min_P2_alloc	8289826
maj_P2_alloc	0
t_P2	221.0079
rss_P2	14864875520
hwm_P2	14864875520
min_P2	9207035
maj_P2	0
t_P2_free	221.4339
rss_P2_free	6274936832
hwm_P2_free	14864261120
min_P2_free	9207035
maj_P2_free	0
t_P4_count	243.8052
rss_P4_count	7262150656
hwm_P4_count	14864261120
min_P4_count	9448058
maj_P4_count	0
t_P4	387.2655
rss_P4	6864207872
hwm_P4	14864261120
min_P4	10364732
maj_P4	0
t_R_dtm	387.8565
rss_R_dtm	7508955136
hwm_R_dtm	14864261120
min_R_dtm	10590652
maj_R_dtm	0
t_R_loop	487.8926
rss_R_loop	7543316480
hwm_R_loop	14864261120
min_R_loop	12842338
maj_R_loop	0
t_R_uk	493.2926
rss_R_uk	7498973184
hwm_R_uk	14864261120
min_R_uk	12927784
maj_R_uk	0
--- オラクル 174行 ---
PASS: 174 行すべて一致
  手数別局面数の合計: 96802868
=== 完了 p7 2026-09-21T08:09:47+00:00 ===
=== 開始 p8 (experiments/retreat_profile) 2026-09-21T08:09:47+00:00 ===
=== 終了 p8 2026-09-21T08:18:10+00:00 (exit=0) ===
後退解析の所要時間：500.54 秒
	Percent of CPU this job got: 99%
	Elapsed (wall clock) time (h:mm:ss or m:ss): 8:20.60
	Maximum resident set size (kbytes): 14516268
読み込んだ局面：246803167 (未知 99485568 / キャッチ 140298614 / トライ負け 7018985)
P0 読み込み：00時間01分35秒
P1 索引：00時間00分20秒
辺の総数：938671869 (未発見の後続 0)
P2 後続生成：00時間01分44秒
P4 前任リスト：00時間02分50秒
--- 段ごとの要約 ---
P0	95.2808
P1	20.9203
P2_alloc	0.3132
P2_loop	104.4035
P2	104.7167
P2_free	0.3599
P4_count	23.6307
P4_scatter	147.2254
P4	170.8561
R_dtm	0.6091
loop174	101.9431
R_uk	5.4967
retreat_total	500.1827
t_R_start	0.0000
rss_R_start	14917632
hwm_R_start	15048704
min_R_start	2032
maj_R_start	0
t_P0	95.2808
rss_P0	2022846464
hwm_P0	4682113024
min_P0	5755355
maj_P0	0
t_P1	116.2011
rss_P1	10612785152
hwm_P1	10612785152
min_P1	7852508
maj_P1	0
t_P2_alloc	116.5143
rss_P2_alloc	11110215680
hwm_P2_alloc	11110215680
min_P2_alloc	7973951
maj_P2_alloc	0
t_P2	220.9178
rss_P2	14864904192
hwm_P2	14864904192
min_P2	8890636
maj_P2	0
t_P2_free	221.2777
rss_P2_free	6274965504
hwm_P2_free	14864658432
min_P2_free	8890636
maj_P2_free	0
t_P4_count	244.9084
rss_P4_count	7262179328
hwm_P4_count	14864658432
min_P4_count	9282941
maj_P4_count	0
t_P4	392.1339
rss_P4	6864236544
hwm_P4	14864658432
min_P4	10408693
maj_P4	0
t_R_dtm	392.7429
rss_R_dtm	7508983808
hwm_R_dtm	14864658432
min_R_dtm	10634609
maj_R_dtm	0
t_R_loop	494.6861
rss_R_loop	7543345152
hwm_R_loop	14864658432
min_R_loop	12886028
maj_R_loop	0
t_R_uk	500.1827
rss_R_uk	7499001856
hwm_R_uk	14864658432
min_R_uk	12971468
maj_R_uk	0
--- オラクル 174行 ---
PASS: 174 行すべて一致
  手数別局面数の合計: 96802868
=== 完了 p8 2026-09-21T08:18:10+00:00 ===
=== 全9本 完了 2026-09-21T08:18:10+00:00 ===
