=== 門番 #34 の前の確かめ 開始 2026-10-08T04:25:29+00:00 ===
--- trial_new の前のノード0: 2 MiB 以上の空きブロック 21.54 GiB (しきい値 16) ---
=== 開始 trial_new (new: impl/34_unmove (so sha256 572517006344)) 2026-10-08T04:25:30+00:00 ===
=== 終了 trial_new 2026-10-08T04:27:36+00:00 (exit=0) ===
	Elapsed (wall clock) time (h:mm:ss or m:ss): 2:05.34
	Maximum resident set size (kbytes): 3603560
	Minor (reclaiming a frame) page faults: 2427067
全探索の所要時間：64.5328 秒 / 後退解析の所要時間：60.6725 秒
--- thp_fault_fallback の前後差: 0 ---
--- 巨大ページ (表と配列) ---
trial_new (new): anonhuge_seen_kB 940,032 / anonhuge_init_kB 1,671,168 / anonhuge_loop_kB 1,671,168
--- オラクル 174行 ---
PASS: 174 行すべて一致
  手数別局面数の合計: 96802868
--- 答え (new) ---
1. 全探索の側のファイル 31 個: #33 本走とバイト一致しないもの 0 個 []
2. ファイル 213 個 (#33 本走は 213 個). 名前の集合: 同じ / 件数の違うファイル 0 個 []
3. 指紋: 照合した局面数の合計: 246,803,167 (終了コード 0)
参考: 後退解析の側のファイル 182 個のうち, #33 本走とバイトまで同じもの 1 個
答えの検査: PASS
--- 件数の列を #33 本走と照合 ---
trial_new_forward.tsv: 74 ラウンド（#33 は 74）/ 件数の列 一致
=== 完了 trial_new 2026-10-08T04:28:33+00:00 ===
=== 門番 #34 の前の確かめ 終了 2026-10-08T04:28:33+00:00 ===
