=== gen_bench 計時 開始 2026-09-28T11:34:49+00:00 ===
load average: 1.05, 1.41, 0.87
CPU 使用率 (全 CPU, 1秒): 1%
--- r1 base (11:34:50) ---
r1_base	gen	nextBoardInvNormal	catch	5684636	895278700	157.491
r1_base	gen	nextBoardInvNormal	try	284396	68281470	240.093
r1_base	gen	nextBoardInvNormal	unknown	4030968	1122736272	278.528
r1_base	gen	nextBoardInvNormal	mixed	10000000	2128453777	212.845
r1_base	inv	invBoard	mixed	10000000	467074355	46.707
--- r1 B (11:35:00) ---
r1_B	gen	nextBoardInvNormal	catch	5684636	683585447	120.251
r1_B	gen	nextBoardInvNormal	try	284396	58910090	207.141
r1_B	gen	nextBoardInvNormal	unknown	4030968	974474030	241.747
r1_B	gen	nextBoardInvNormal	mixed	10000000	1738892005	173.889
r1_B	inv	invBoard	mixed	10000000	43167537	4.317
--- r1 A (11:35:07) ---
r1_A	gen	nextBoardCatchFirst	catch	5684636	189228142	33.288
r1_A	gen	nextBoardCatchFirst	try	284396	80358362	282.558
r1_A	gen	nextBoardCatchFirst	unknown	4030968	1302987226	323.244
r1_A	gen	nextBoardCatchFirst	mixed	10000000	1646905685	164.691
--- r1 AB (11:35:14) ---
r1_AB	gen	nextBoardCatchFirst	catch	5684636	191708281	33.724
r1_AB	gen	nextBoardCatchFirst	try	284396	69803403	245.444
r1_AB	gen	nextBoardCatchFirst	unknown	4030968	1144476625	283.921
r1_AB	gen	nextBoardCatchFirst	mixed	10000000	1471799901	147.180
--- r2 B (11:35:19) ---
r2_B	gen	nextBoardInvNormal	catch	5684636	660480888	116.187
r2_B	gen	nextBoardInvNormal	try	284396	58475033	205.611
r2_B	gen	nextBoardInvNormal	unknown	4030968	956221907	237.219
r2_B	gen	nextBoardInvNormal	mixed	10000000	1726002442	172.600
r2_B	inv	invBoard	mixed	10000000	50388311	5.039
--- r2 A (11:35:27) ---
r2_A	gen	nextBoardCatchFirst	catch	5684636	201449164	35.437
r2_A	gen	nextBoardCatchFirst	try	284396	78273520	275.227
r2_A	gen	nextBoardCatchFirst	unknown	4030968	1313050692	325.741
r2_A	gen	nextBoardCatchFirst	mixed	10000000	1669832261	166.983
--- r2 AB (11:35:33) ---
r2_AB	gen	nextBoardCatchFirst	catch	5684636	193271886	33.999
r2_AB	gen	nextBoardCatchFirst	try	284396	67707031	238.073
r2_AB	gen	nextBoardCatchFirst	unknown	4030968	1143743624	283.739
r2_AB	gen	nextBoardCatchFirst	mixed	10000000	1471156838	147.116
--- r2 base (11:35:39) ---
r2_base	gen	nextBoardInvNormal	catch	5684636	882997600	155.331
r2_base	gen	nextBoardInvNormal	try	284396	69642522	244.879
r2_base	gen	nextBoardInvNormal	unknown	4030968	1117483674	277.225
r2_base	gen	nextBoardInvNormal	mixed	10000000	2130593797	213.059
r2_base	inv	invBoard	mixed	10000000	464916491	46.492
--- r3 A (11:35:49) ---
r3_A	gen	nextBoardCatchFirst	catch	5684636	195999025	34.479
r3_A	gen	nextBoardCatchFirst	try	284396	77221016	271.526
r3_A	gen	nextBoardCatchFirst	unknown	4030968	1294465206	321.130
r3_A	gen	nextBoardCatchFirst	mixed	10000000	1638413512	163.841
--- r3 AB (11:35:55) ---
r3_AB	gen	nextBoardCatchFirst	catch	5684636	195186101	34.336
r3_AB	gen	nextBoardCatchFirst	try	284396	67311553	236.682
r3_AB	gen	nextBoardCatchFirst	unknown	4030968	1142185657	283.353
r3_AB	gen	nextBoardCatchFirst	mixed	10000000	1469265285	146.927
--- r3 base (11:36:01) ---
r3_base	gen	nextBoardInvNormal	catch	5684636	885572692	155.784
r3_base	gen	nextBoardInvNormal	try	284396	70154686	246.680
r3_base	gen	nextBoardInvNormal	unknown	4030968	1119194546	277.649
r3_base	gen	nextBoardInvNormal	mixed	10000000	2128947655	212.895
r3_base	inv	invBoard	mixed	10000000	463309824	46.331
--- r3 B (11:36:11) ---
r3_B	gen	nextBoardInvNormal	catch	5684636	660600170	116.208
r3_B	gen	nextBoardInvNormal	try	284396	57588867	202.495
r3_B	gen	nextBoardInvNormal	unknown	4030968	957319882	237.491
r3_B	gen	nextBoardInvNormal	mixed	10000000	1730686721	173.069
r3_B	inv	invBoard	mixed	10000000	47550838	4.755
--- r4 AB (11:36:18) ---
r4_AB	gen	nextBoardCatchFirst	catch	5684636	191299001	33.652
r4_AB	gen	nextBoardCatchFirst	try	284396	67756625	238.247
r4_AB	gen	nextBoardCatchFirst	unknown	4030968	1137644711	282.226
r4_AB	gen	nextBoardCatchFirst	mixed	10000000	1469248652	146.925
--- r4 base (11:36:24) ---
r4_base	gen	nextBoardInvNormal	catch	5684636	882065419	155.167
r4_base	gen	nextBoardInvNormal	try	284396	68108428	239.484
r4_base	gen	nextBoardInvNormal	unknown	4030968	1115252706	276.671
r4_base	gen	nextBoardInvNormal	mixed	10000000	2114579829	211.458
r4_base	inv	invBoard	mixed	10000000	463108849	46.311
--- r4 B (11:36:33) ---
r4_B	gen	nextBoardInvNormal	catch	5684636	661083970	116.293
r4_B	gen	nextBoardInvNormal	try	284396	58770300	206.650
r4_B	gen	nextBoardInvNormal	unknown	4030968	954973738	236.909
r4_B	gen	nextBoardInvNormal	mixed	10000000	1727808543	172.781
r4_B	inv	invBoard	mixed	10000000	40788053	4.079
--- r4 A (11:36:40) ---
r4_A	gen	nextBoardCatchFirst	catch	5684636	189417802	33.321
r4_A	gen	nextBoardCatchFirst	try	284396	77724697	273.297
r4_A	gen	nextBoardCatchFirst	unknown	4030968	1295714343	321.440
r4_A	gen	nextBoardCatchFirst	mixed	10000000	1630967222	163.097
--- r5 base (11:36:47) ---
r5_base	gen	nextBoardInvNormal	catch	5684636	883628536	155.442
r5_base	gen	nextBoardInvNormal	try	284396	68500523	240.863
r5_base	gen	nextBoardInvNormal	unknown	4030968	1122646283	278.505
r5_base	gen	nextBoardInvNormal	mixed	10000000	2116581979	211.658
r5_base	inv	invBoard	mixed	10000000	465390915	46.539
--- r5 B (11:36:56) ---
r5_B	gen	nextBoardInvNormal	catch	5684636	661754680	116.411
r5_B	gen	nextBoardInvNormal	try	284396	57684232	202.831
r5_B	gen	nextBoardInvNormal	unknown	4030968	951646704	236.084
r5_B	gen	nextBoardInvNormal	mixed	10000000	1717647876	171.765
r5_B	inv	invBoard	mixed	10000000	44353598	4.435
--- r5 A (11:37:03) ---
r5_A	gen	nextBoardCatchFirst	catch	5684636	186955951	32.888
r5_A	gen	nextBoardCatchFirst	try	284396	78305391	275.339
r5_A	gen	nextBoardCatchFirst	unknown	4030968	1299974927	322.497
r5_A	gen	nextBoardCatchFirst	mixed	10000000	1636901466	163.690
--- r5 AB (11:37:10) ---
r5_AB	gen	nextBoardCatchFirst	catch	5684636	191996382	33.775
r5_AB	gen	nextBoardCatchFirst	try	284396	70529390	247.997
r5_AB	gen	nextBoardCatchFirst	unknown	4030968	1134548532	281.458
r5_AB	gen	nextBoardCatchFirst	mixed	10000000	1470891831	147.089
--- r6 B (11:37:16) ---
r6_B	gen	nextBoardInvNormal	catch	5684636	666153055	117.185
r6_B	gen	nextBoardInvNormal	try	284396	59783244	210.211
r6_B	gen	nextBoardInvNormal	unknown	4030968	962999944	238.900
r6_B	gen	nextBoardInvNormal	mixed	10000000	1733878939	173.388
r6_B	inv	invBoard	mixed	10000000	51006554	5.101
--- r6 A (11:37:23) ---
r6_A	gen	nextBoardCatchFirst	catch	5684636	188907819	33.231
r6_A	gen	nextBoardCatchFirst	try	284396	78890976	277.398
r6_A	gen	nextBoardCatchFirst	unknown	4030968	1305957908	323.981
r6_A	gen	nextBoardCatchFirst	mixed	10000000	1649136915	164.914
--- r6 AB (11:37:30) ---
r6_AB	gen	nextBoardCatchFirst	catch	5684636	193863603	34.103
r6_AB	gen	nextBoardCatchFirst	try	284396	68658544	241.419
r6_AB	gen	nextBoardCatchFirst	unknown	4030968	1143083600	283.575
r6_AB	gen	nextBoardCatchFirst	mixed	10000000	1478142692	147.814
--- r6 base (11:37:36) ---
r6_base	gen	nextBoardInvNormal	catch	5684636	888735459	156.340
r6_base	gen	nextBoardInvNormal	try	284396	69207049	243.347
r6_base	gen	nextBoardInvNormal	unknown	4030968	1118482086	277.472
r6_base	gen	nextBoardInvNormal	mixed	10000000	2136733274	213.673
r6_base	inv	invBoard	mixed	10000000	463911450	46.391
--- r7 A (11:37:45) ---
r7_A	gen	nextBoardCatchFirst	catch	5684636	192192835	33.809
r7_A	gen	nextBoardCatchFirst	try	284396	77116458	271.159
r7_A	gen	nextBoardCatchFirst	unknown	4030968	1307089665	324.262
r7_A	gen	nextBoardCatchFirst	mixed	10000000	1655969031	165.597
--- r7 AB (11:37:52) ---
r7_AB	gen	nextBoardCatchFirst	catch	5684636	195630818	34.414
r7_AB	gen	nextBoardCatchFirst	try	284396	67149563	236.113
r7_AB	gen	nextBoardCatchFirst	unknown	4030968	1146348104	284.385
r7_AB	gen	nextBoardCatchFirst	mixed	10000000	1478766151	147.877
--- r7 base (11:37:58) ---
r7_base	gen	nextBoardInvNormal	catch	5684636	886043570	155.866
r7_base	gen	nextBoardInvNormal	try	284396	70864070	249.174
r7_base	gen	nextBoardInvNormal	unknown	4030968	1121287394	278.168
r7_base	gen	nextBoardInvNormal	mixed	10000000	2142365465	214.237
r7_base	inv	invBoard	mixed	10000000	467757689	46.776
--- r7 B (11:38:07) ---
r7_B	gen	nextBoardInvNormal	catch	5684636	664842270	116.954
r7_B	gen	nextBoardInvNormal	try	284396	58368844	205.238
r7_B	gen	nextBoardInvNormal	unknown	4030968	958081435	237.680
r7_B	gen	nextBoardInvNormal	mixed	10000000	1736205648	173.621
r7_B	inv	invBoard	mixed	10000000	42654730	4.265
=== gen_bench 計時 完了 2026-09-28T11:38:14+00:00 ===
